Component: ARM Compiler 5.06 update 3 (build 300) Tool: armlink [4d35c9]

==============================================================================

Section Cross References

    main.o(.text) refers to _printf_percent.o(.ARM.Collect$$_printf_percent$$00000000) for _printf_percent
    main.o(.text) refers to _printf_d.o(.ARM.Collect$$_printf_percent$$00000009) for _printf_d
    main.o(.text) refers to _printf_dec.o(.text) for _printf_int_dec
    main.o(.text) refers to cpu_a.o(.text) for CPU_SR_Save
    main.o(.text) refers to chesscheck.o(.text) for BSP_ChessCheck
    main.o(.text) refers to os_core.o(.text) for OS_Sched0
    main.o(.text) refers to delay.o(.text) for delay_ms
    main.o(.text) refers to noretval__2printf.o(.text) for __2printf
    main.o(.text) refers to os_time.o(.text) for OSTimeDlyHMSM
    main.o(.text) refers to cpu_core.o(.text) for CPU_Init
    main.o(.text) refers to os_stat.o(.text) for OSStatTaskCPUUsageInit
    main.o(.text) refers to os_task.o(.text) for OSTaskCreate
    main.o(.text) refers to misc.o(.text) for NVIC_PriorityGroupConfig
    main.o(.text) refers to usart.o(.text) for uart_init
    main.o(.text) refers to led.o(.text) for LED_Init
    main.o(.text) refers to motor_control.o(.text) for MOTOR_Config
    main.o(.text) refers to edgecheck.o(.text) for BSP_INF_Config
    main.o(.text) refers to bsp_adc.o(.text) for BSP_ADC_Config
    main.o(.text) refers to main.o(.data) for i
    main.o(.text) refers to os_var.o(.data) for OSSchedLockNestingCtr
    main.o(.text) refers to bsp_adc.o(.bss) for ADC1ConvValue
    main.o(.text) refers to main.o(.bss) for LED0_TASK_STK
    system_stm32f4xx.o(.text) refers to system_stm32f4xx.o(.data) for SystemCoreClock
    led.o(.text) refers to stm32f4xx_rcc.o(.text) for RCC_AHB1PeriphClockCmd
    led.o(.text) refers to stm32f4xx_gpio.o(.text) for GPIO_Init
    bsp_adc.o(.text) refers to stm32f4xx_rcc.o(.text) for RCC_APB2PeriphClockCmd
    bsp_adc.o(.text) refers to stm32f4xx_tim.o(.text) for TIM_Cmd
    bsp_adc.o(.text) refers to stm32f4xx_adc.o(.text) for ADC_CommonInit
    bsp_adc.o(.text) refers to stm32f4xx_gpio.o(.text) for GPIO_Init
    bsp_adc.o(.text) refers to stm32f4xx_dma.o(.text) for DMA_Init
    bsp_adc.o(.text) refers to bsp_adc.o(.constdata) for SampleFreqTable
    bsp_adc.o(.text) refers to bsp_adc.o(.data) for SampleTime
    bsp_adc.o(.text) refers to bsp_adc.o(.bss) for ADC1ConvValue
    motor_control.o(.text) refers to stm32f4xx_rcc.o(.text) for RCC_AHB1PeriphClockCmd
    motor_control.o(.text) refers to stm32f4xx_gpio.o(.text) for GPIO_Init
    motor_control.o(.text) refers to motor_pwm.o(.text) for MOTOR_PWM_Config
    motor_control.o(.text) refers to stm32f4xx_tim.o(.text) for TIM_SetCompare1
    motor_control.o(.text) refers to motor_control.o(.bss) for Robot
    motor_pwm.o(.text) refers to stm32f4xx_rcc.o(.text) for RCC_AHB1PeriphClockCmd
    motor_pwm.o(.text) refers to stm32f4xx_gpio.o(.text) for GPIO_PinAFConfig
    motor_pwm.o(.text) refers to stm32f4xx_tim.o(.text) for TIM_TimeBaseInit
    startup_stm32f40_41xxx.o(STACK) refers (Special) to heapauxi.o(.text) for __use_two_region_memory
    startup_stm32f40_41xxx.o(HEAP) refers (Special) to heapauxi.o(.text) for __use_two_region_memory
    startup_stm32f40_41xxx.o(RESET) refers (Special) to heapauxi.o(.text) for __use_two_region_memory
    startup_stm32f40_41xxx.o(RESET) refers to startup_stm32f40_41xxx.o(STACK) for __initial_sp
    startup_stm32f40_41xxx.o(RESET) refers to startup_stm32f40_41xxx.o(.text) for Reset_Handler
    startup_stm32f40_41xxx.o(RESET) refers to stm32f4xx_it.o(.text) for NMI_Handler
    startup_stm32f40_41xxx.o(RESET) refers to os_cpu_a.o(CODE) for PendSV_Handler
    startup_stm32f40_41xxx.o(RESET) refers to delay.o(.text) for SysTick_Handler
    startup_stm32f40_41xxx.o(RESET) refers to usart.o(.text) for USART1_IRQHandler
    startup_stm32f40_41xxx.o(.text) refers (Special) to heapauxi.o(.text) for __use_two_region_memory
    startup_stm32f40_41xxx.o(.text) refers to system_stm32f4xx.o(.text) for SystemInit
    startup_stm32f40_41xxx.o(.text) refers to __main.o(!!!main) for __main
    startup_stm32f40_41xxx.o(.text) refers to startup_stm32f40_41xxx.o(HEAP) for Heap_Mem
    startup_stm32f40_41xxx.o(.text) refers to startup_stm32f40_41xxx.o(STACK) for Stack_Mem
    stm32f4xx_gpio.o(.text) refers to stm32f4xx_rcc.o(.text) for RCC_AHB1PeriphResetCmd
    stm32f4xx_rcc.o(.text) refers to stm32f4xx_rcc.o(.data) for APBAHBPrescTable
    stm32f4xx_syscfg.o(.text) refers to stm32f4xx_rcc.o(.text) for RCC_APB2PeriphResetCmd
    stm32f4xx_usart.o(.text) refers to stm32f4xx_rcc.o(.text) for RCC_APB2PeriphResetCmd
    stm32f4xx_adc.o(.text) refers to stm32f4xx_rcc.o(.text) for RCC_APB2PeriphResetCmd
    stm32f4xx_tim.o(.text) refers to stm32f4xx_rcc.o(.text) for RCC_APB2PeriphResetCmd
    delay.o(.text) refers to os_core.o(.text) for OSSchedLock
    delay.o(.text) refers to os_time.o(.text) for OSTimeDly
[...]
    SysTick_CLKSourceConfig                  0x08000e05   Thumb Code    40  misc.o(.text)
    GPIO_DeInit                              0x08000e41   Thumb Code   268  stm32f4xx_gpio.o(.text)
    GPIO_Init                                0x08000f4d   Thumb Code   144  stm32f4xx_gpio.o(.text)
    GPIO_StructInit                          0x08000fdd   Thumb Code    18  stm32f4xx_gpio.o(.text)
    GPIO_PinLockConfig                       0x08000fef   Thumb Code    34  stm32f4xx_gpio.o(.text)
    GPIO_ReadInputDataBit                    0x08001011   Thumb Code    18  stm32f4xx_gpio.o(.text)
    GPIO_ReadInputData                       0x08001023   Thumb Code     8  stm32f4xx_gpio.o(.text)
    GPIO_ReadOutputDataBit                   0x0800102b   Thumb Code    18  stm32f4xx_gpio.o(.text)
    GPIO_ReadOutputData                      0x0800103d   Thumb Code     8  stm32f4xx_gpio.o(.text)
    GPIO_SetBits                             0x08001045   Thumb Code     4  stm32f4xx_gpio.o(.text)
    GPIO_ResetBits                           0x08001049   Thumb Code     4  stm32f4xx_gpio.o(.text)
    GPIO_WriteBit                            0x0800104d   Thumb Code    10  stm32f4xx_gpio.o(.text)
    GPIO_Write                               0x08001057   Thumb Code     4  stm32f4xx_gpio.o(.text)
    GPIO_ToggleBits                          0x0800105b   Thumb Code     8  stm32f4xx_gpio.o(.text)
    GPIO_PinAFConfig                         0x08001063   Thumb Code    70  stm32f4xx_gpio.o(.text)
    RCC_DeInit                               0x080010d5   Thumb Code    82  stm32f4xx_rcc.o(.text)
    RCC_HSEConfig                            0x08001127   Thumb Code    14  stm32f4xx_rcc.o(.text)
    RCC_GetFlagStatus                        0x08001135   Thumb Code    60  stm32f4xx_rcc.o(.text)
    RCC_WaitForHSEStartUp                    0x08001171   Thumb Code    56  stm32f4xx_rcc.o(.text)
    RCC_AdjustHSICalibrationValue            0x080011a9   Thumb Code    20  stm32f4xx_rcc.o(.text)
    RCC_HSICmd                               0x080011bd   Thumb Code     6  stm32f4xx_rcc.o(.text)
    RCC_LSEConfig                            0x080011c3   Thumb Code    46  stm32f4xx_rcc.o(.text)
    RCC_LSICmd                               0x080011f1   Thumb Code     6  stm32f4xx_rcc.o(.text)
    RCC_PLLConfig                            0x080011f7   Thumb Code    32  stm32f4xx_rcc.o(.text)
    RCC_PLLCmd                               0x08001217   Thumb Code     6  stm32f4xx_rcc.o(.text)
    RCC_PLLI2SConfig                         0x0800121d   Thumb Code    14  stm32f4xx_rcc.o(.text)
    RCC_PLLI2SCmd                            0x0800122b   Thumb Code     6  stm32f4xx_rcc.o(.text)
    RCC_PLLSAIConfig                         0x08001231   Thumb Code    20  stm32f4xx_rcc.o(.text)
    RCC_PLLSAICmd                            0x08001245   Thumb Code     6  stm32f4xx_rcc.o(.text)
    RCC_ClockSecuritySystemCmd               0x0800124b   Thumb Code     6  stm32f4xx_rcc.o(.text)
    RCC_MCO1Config                           0x08001251   Thumb Code    28  stm32f4xx_rcc.o(.text)
    RCC_MCO2Config                           0x0800126d   Thumb Code    28  stm32f4xx_rcc.o(.text)
    RCC_SYSCLKConfig                         0x08001289   Thumb Code    20  stm32f4xx_rcc.o(.text)
    RCC_GetSYSCLKSource                      0x0800129d   Thumb Code    12  stm32f4xx_rcc.o(.text)
    RCC_HCLKConfig                           0x080012a9   Thumb Code    20  stm32f4xx_rcc.o(.text)
    RCC_PCLK1Config                          0x080012bd   Thumb Code    20  stm32f4xx_rcc.o(.text)
    RCC_PCLK2Config                          0x080012d1   Thumb Code    22  stm32f4xx_rcc.o(.text)
    RCC_GetClocksFreq                        0x080012e7   Thumb Code   222  stm32f4xx_rcc.o(.text)
    RCC_RTCCLKConfig                         0x080013c5   Thumb Code    54  stm32f4xx_rcc.o(.text)
    RCC_RTCCLKCmd                            0x080013fb   Thumb Code     8  stm32f4xx_rcc.o(.text)
    RCC_BackupResetCmd                       0x08001403   Thumb Code     8  stm32f4xx_rcc.o(.text)
    RCC_I2SCLKConfig                         0x0800140b   Thumb Code     6  stm32f4xx_rcc.o(.text)
    RCC_SAIPLLI2SClkDivConfig                0x08001411   Thumb Code    26  stm32f4xx_rcc.o(.text)
    RCC_SAIPLLSAIClkDivConfig                0x0800142b   Thumb Code    28  stm32f4xx_rcc.o(.text)
    RCC_SAIBlockACLKConfig                   0x08001447   Thumb Code    20  stm32f4xx_rcc.o(.text)
    RCC_SAIBlockBCLKConfig                   0x0800145b   Thumb Code    20  stm32f4xx_rcc.o(.text)
    RCC_LTDCCLKDivConfig                     0x0800146f   Thumb Code    20  stm32f4xx_rcc.o(.text)
    RCC_TIMCLKPresConfig                     0x08001483   Thumb Code     6  stm32f4xx_rcc.o(.text)
    RCC_AHB1PeriphClockCmd                   0x08001489   Thumb Code    34  stm32f4xx_rcc.o(.text)
    RCC_AHB2PeriphClockCmd                   0x080014ab   Thumb Code    78  stm32f4xx_rcc.o(.text)
    RCC_AHB3PeriphClockCmd                   0x080014f9   Thumb Code    34  stm32f4xx_rcc.o(.text)
    RCC_APB1PeriphClockCmd                   0x0800151b   Thumb Code    34  stm32f4xx_rcc.o(.text)
    RCC_APB2PeriphClockCmd                   0x0800153d   Thumb Code    34  stm32f4xx_rcc.o(.text)
    RCC_AHB1PeriphResetCmd                   0x0800155f   Thumb Code    34  stm32f4xx_rcc.o(.text)
    RCC_AHB2PeriphResetCmd                   0x08001581   Thumb Code    34  stm32f4xx_rcc.o(.text)
    RCC_AHB3PeriphResetCmd                   0x080015a3   Thumb Code    34  stm32f4xx_rcc.o(.text)
    RCC_APB1PeriphResetCmd                   0x080015c5   Thumb Code    34  stm32f4xx_rcc.o(.text)
    RCC_APB2PeriphResetCmd                   0x080015e7   Thumb Code    34  stm32f4xx_rcc.o(.text)
    RCC_AHB1PeriphClockLPModeCmd             0x08001609   Thumb Code    34  stm32f4xx_rcc.o(.text)
    RCC_AHB2PeriphClockLPModeCmd             0x0800162b   Thumb Code    34  stm32f4xx_rcc.o(.text)
    RCC_AHB3PeriphClockLPModeCmd             0x0800164d   Thumb Code    34  stm32f4xx_rcc.o(.text)
    RCC_APB1PeriphClockLPModeCmd             0x0800166f   Thumb Code    34  stm32f4xx_rcc.o(.text)
    RCC_APB2PeriphClockLPModeCmd             0x08001691   Thumb Code    34  stm32f4xx_rcc.o(.text)
    RCC_LSEModeConfig                        0x080016b3   Thumb Code    40  stm32f4xx_rcc.o(.text)
    RCC_ITConfig                             0x080016db   Thumb Code    34  stm32f4xx_rcc.o(.text)
    RCC_ClearFlag                            0x080016fd   Thumb Code    18  stm32f4xx_rcc.o(.text)
    RCC_GetITStatus                          0x0800170f   Thumb Code    22  stm32f4xx_rcc.o(.text)
    RCC_ClearITPendingBit                    0x08001725   Thumb Code     8  stm32f4xx_rcc.o(.text)
    USART_DeInit                             0x08001731   Thumb Code   206  stm32f4xx_usart.o(.text)
    USART_Init                               0x080017ff   Thumb Code   204  stm32f4xx_usart.o(.text)
    USART_StructInit                         0x080018cb   Thumb Code    24  stm32f4xx_usart.o(.text)
    USART_ClockInit                          0x080018e3   Thumb Code    32  stm32f4xx_usart.o(.text)
    USART_ClockStructInit                    0x08001903   Thumb Code    12  stm32f4xx_usart.o(.text)
    USART_Cmd                                0x0800190f   Thumb Code    24  stm32f4xx_usart.o(.text)
    USART_SetPrescaler                       0x08001927   Thumb Code    16  stm32f4xx_usart.o(.text)
    USART_OverSampling8Cmd                   0x08001937   Thumb Code    22  stm32f4xx_usart.o(.text)
    USART_OneBitMethodCmd                    0x0800194d   Thumb Code    24  stm32f4xx_usart.o(.text)
    USART_SendData                           0x08001965   Thumb Code     8  stm32f4xx_usart.o(.text)
    USART_ReceiveData                        0x0800196d   Thumb Code    10  stm32f4xx_usart.o(.text)
    USART_SetAddress                         0x08001977   Thumb Code    18  stm32f4xx_usart.o(.text)
    USART_ReceiverWakeUpCmd                  0x08001989   Thumb Code    24  stm32f4xx_usart.o(.text)
    USART_WakeUpConfig                       0x080019a1   Thumb Code    18  stm32f4xx_usart.o(.text)
    USART_LINBreakDetectLengthConfig         0x080019b3   Thumb Code    18  stm32f4xx_usart.o(.text)
    USART_LINCmd                             0x080019c5   Thumb Code    24  stm32f4xx_usart.o(.text)
    USART_SendBreak                          0x080019dd   Thumb Code    10  stm32f4xx_usart.o(.text)
    USART_HalfDuplexCmd                      0x080019e7   Thumb Code    24  stm32f4xx_usart.o(.text)
    USART_SetGuardTime                       0x080019ff   Thumb Code    16  stm32f4xx_usart.o(.text)
    USART_SmartCardCmd                       0x08001a0f   Thumb Code    24  stm32f4xx_usart.o(.text)
    USART_SmartCardNACKCmd                   0x08001a27   Thumb Code    24  stm32f4xx_usart.o(.text)
    USART_IrDAConfig                         0x08001a3f   Thumb Code    18  stm32f4xx_usart.o(.text)
    USART_IrDACmd                            0x08001a51   Thumb Code    24  stm32f4xx_usart.o(.text)
    USART_DMACmd                             0x08001a69   Thumb Code    18  stm32f4xx_usart.o(.text)
    USART_ITConfig                           0x08001a7b   Thumb Code    74  stm32f4xx_usart.o(.text)
    USART_GetFlagStatus                      0x08001ac5   Thumb Code    26  stm32f4xx_usart.o(.text)
    USART_ClearFlag                          0x08001adf   Thumb Code    18  stm32f4xx_usart.o(.text)
    USART_GetITStatus                        0x08001af1   Thumb Code   118  stm32f4xx_usart.o(.text)
    USART_ClearITPendingBit                  0x08001b67   Thumb Code    30  stm32f4xx_usart.o(.text)
    ADC_DeInit                               0x08001b85   Thumb Code    22  stm32f4xx_adc.o(.text)
    ADC_Init                                 0x08001b9b   Thumb Code    74  stm32f4xx_adc.o(.text)
    ADC_StructInit                           0x08001be5   Thumb Code    20  stm32f4xx_adc.o(.text)
    ADC_CommonInit                           0x08001bf9   Thumb Code    34  stm32f4xx_adc.o(.text)
    ADC_CommonStructInit                     0x08001c1b   Thumb Code    12  stm32f4xx_adc.o(.text)
    ADC_Cmd                                  0x08001c27   Thumb Code    22  stm32f4xx_adc.o(.text)
    ADC_AnalogWatchdogCmd                    0x08001c3d   Thumb Code    16  stm32f4xx_adc.o(.text)
    ADC_AnalogWatchdogThresholdsConfig       0x08001c4d   Thumb Code     6  stm32f4xx_adc.o(.text)
    ADC_AnalogWatchdogSingleChannelConfig    0x08001c53   Thumb Code    16  stm32f4xx_adc.o(.text)
    ADC_TempSensorVrefintCmd                 0x08001c63   Thumb Code    34  stm32f4xx_adc.o(.text)
    ADC_VBATCmd                              0x08001c85   Thumb Code    34  stm32f4xx_adc.o(.text)
    ADC_RegularChannelConfig                 0x08001ca7   Thumb Code   184  stm32f4xx_adc.o(.text)
    ADC_SoftwareStartConv                    0x08001d5f   Thumb Code    10  stm32f4xx_adc.o(.text)
    ADC_GetSoftwareStartConvStatus           0x08001d69   Thumb Code    20  stm32f4xx_adc.o(.text)
    ADC_EOCOnEachRegularChannelCmd           0x08001d7d   Thumb Code    22  stm32f4xx_adc.o(.text)
    ADC_ContinuousModeCmd                    0x08001d93   Thumb Code    22  stm32f4xx_adc.o(.text)
    ADC_DiscModeChannelCountConfig           0x08001da9   Thumb Code    24  stm32f4xx_adc.o(.text)
    ADC_DiscModeCmd                          0x08001dc1   Thumb Code    22  stm32f4xx_adc.o(.text)
    ADC_GetConversionValue                   0x08001dd7   Thumb Code     8  stm32f4xx_adc.o(.text)
    ADC_GetMultiModeConversionValue          0x08001ddf   Thumb Code     8  stm32f4xx_adc.o(.text)
    ADC_DMACmd                               0x08001de7   Thumb Code    22  stm32f4xx_adc.o(.text)
    ADC_DMARequestAfterLastTransferCmd       0x08001dfd   Thumb Code    22  stm32f4xx_adc.o(.text)
    ADC_MultiModeDMARequestAfterLastTransferCmd 0x08001e13   Thumb Code    34  stm32f4xx_adc.o(.text)
    ADC_InjectedChannelConfig                0x08001e35   Thumb Code   130  stm32f4xx_adc.o(.text)
    ADC_InjectedSequencerLengthConfig        0x08001eb7   Thumb Code    24  stm32f4xx_adc.o(.text)
    ADC_SetInjectedOffset                    0x08001ecf   Thumb Code    20  stm32f4xx_adc.o(.text)
    ADC_ExternalTrigInjectedConvConfig       0x08001ee3   Thumb Code    16  stm32f4xx_adc.o(.text)
    ADC_ExternalTrigInjectedConvEdgeConfig   0x08001ef3   Thumb Code    16  stm32f4xx_adc.o(.text)
    ADC_SoftwareStartInjectedConv            0x08001f03   Thumb Code    10  stm32f4xx_adc.o(.text)
    ADC_GetSoftwareStartInjectedConvCmdStatus 0x08001f0d   Thumb Code    20  stm32f4xx_adc.o(.text)
    ADC_AutoInjectedConvCmd                  0x08001f21   Thumb Code    22  stm32f4xx_adc.o(.text)
    ADC_InjectedDiscModeCmd                  0x08001f37   Thumb Code    22  stm32f4xx_adc.o(.text)
    ADC_GetInjectedConversionValue           0x08001f4d   Thumb Code    28  stm32f4xx_adc.o(.text)
    ADC_ITConfig                             0x08001f69   Thumb Code    56  stm32f4xx_adc.o(.text)
    ADC_GetFlagStatus                        0x08001fa1   Thumb Code    18  stm32f4xx_adc.o(.text)
    ADC_ClearFlag                            0x08001fb3   Thumb Code     6  stm32f4xx_adc.o(.text)
    ADC_GetITStatus                          0x08001fb9   Thumb Code    38  stm32f4xx_adc.o(.text)
    ADC_ClearITPendingBit                    0x08001fdf   Thumb Code    10  stm32f4xx_adc.o(.text)
    TIM_DeInit                               0x08001fe9   Thumb Code   346  stm32f4xx_tim.o(.text)
    TIM_TimeBaseInit                         0x08002143   Thumb Code   104  stm32f4xx_tim.o(.text)
    TIM_TimeBaseStructInit                   0x080021ab   Thumb Code    18  stm32f4xx_tim.o(.text)
    TIM_PrescalerConfig                      0x080021bd   Thumb Code     6  stm32f4xx_tim.o(.text)
    TIM_CounterModeConfig                    0x080021c3   Thumb Code    18  stm32f4xx_tim.o(.text)
    TIM_SetCounter                           0x080021d5   Thumb Code     4  stm32f4xx_tim.o(.text)
    TIM_SetAutoreload                        0x080021d9   Thumb Code     4  stm32f4xx_tim.o(.text)
    TIM_GetCounter                           0x080021dd   Thumb Code     6  stm32f4xx_tim.o(.text)
    TIM_GetPrescaler                         0x080021e3   Thumb Code     6  stm32f4xx_tim.o(.text)
    TIM_UpdateDisableConfig                  0x080021e9   Thumb Code    24  stm32f4xx_tim.o(.text)
    TIM_UpdateRequestConfig                  0x08002201   Thumb Code    24  stm32f4xx_tim.o(.text)
    TIM_ARRPreloadConfig                     0x08002219   Thumb Code    24  stm32f4xx_tim.o(.text)
    TIM_SelectOnePulseMode                   0x08002231   Thumb Code    18  stm32f4xx_tim.o(.text)
    TIM_SetClockDivision                     0x08002243   Thumb Code    18  stm32f4xx_tim.o(.text)
    TIM_Cmd                                  0x08002255   Thumb Code    24  stm32f4xx_tim.o(.text)
    TIM_OC1Init                              0x0800226d   Thumb Code   114  stm32f4xx_tim.o(.text)
    TIM_OC2Init                              0x080022df   Thumb Code   154  stm32f4xx_tim.o(.text)
    TIM_OC3Init                              0x08002379   Thumb Code   204  stm32f4xx_tim.o(.text)
    TIM_OC4Init                              0x08002445   Thumb Code   112  stm32f4xx_tim.o(.text)
    TIM_OCStructInit                         0x080024b5   Thumb Code    20  stm32f4xx_tim.o(.text)
    TIM_SelectOCxM                           0x080024c9   Thumb Code    86  stm32f4xx_tim.o(.text)
    TIM_SetCompare1                          0x0800251f   Thumb Code     4  stm32f4xx_tim.o(.text)
    TIM_SetCompare2                          0x08002523   Thumb Code     4  stm32f4xx_tim.o(.text)
    TIM_SetCompare3                          0x08002527   Thumb Code     4  stm32f4xx_tim.o(.text)
    TIM_SetCompare4                          0x0800252b   Thumb Code     4  stm32f4xx_tim.o(.text)
    TIM_ForcedOC1Config                      0x0800252f   Thumb Code    18  stm32f4xx_tim.o(.text)
    TIM_ForcedOC2Config                      0x08002541   Thumb Code    26  stm32f4xx_tim.o(.text)
    TIM_ForcedOC3Config                      0x0800255b   Thumb Code    18  stm32f4xx_tim.o(.text)
    TIM_ForcedOC4Config                      0x0800256d   Thumb Code    26  stm32f4xx_tim.o(.text)
    TIM_OC1PreloadConfig                     0x08002587   Thumb Code    18  stm32f4xx_tim.o(.text)
    TIM_OC2PreloadConfig                     0x08002599   Thumb Code    26  stm32f4xx_tim.o(.text)
    TIM_OC3PreloadConfig                     0x080025b3   Thumb Code    18  stm32f4xx_tim.o(.text)
    TIM_OC4PreloadConfig                     0x080025c5   Thumb Code    26  stm32f4xx_tim.o(.text)
    TIM_OC1FastConfig                        0x080025df   Thumb Code    18  stm32f4xx_tim.o(.text)
    TIM_OC2FastConfig                        0x080025f1   Thumb Code    26  stm32f4xx_tim.o(.text)
    TIM_OC3FastConfig                        0x0800260b   Thumb Code    18  stm32f4xx_tim.o(.text)
    TIM_OC4FastConfig                        0x0800261d   Thumb Code    26  stm32f4xx_tim.o(.text)
    TIM_ClearOC1Ref                          0x08002637   Thumb Code    18  stm32f4xx_tim.o(.text)
    TIM_ClearOC2Ref                          0x08002649   Thumb Code    24  stm32f4xx_tim.o(.text)
    TIM_ClearOC3Ref                          0x08002661   Thumb Code    18  stm32f4xx_tim.o(.text)
    TIM_ClearOC4Ref                          0x08002673   Thumb Code    24  stm32f4xx_tim.o(.text)
    TIM_OC1PolarityConfig                    0x0800268b   Thumb Code    18  stm32f4xx_tim.o(.text)
    TIM_OC1NPolarityConfig                   0x0800269d   Thumb Code    18  stm32f4xx_tim.o(.text)
    TIM_OC2PolarityConfig                    0x080026af   Thumb Code    26  stm32f4xx_tim.o(.text)
    TIM_OC2NPolarityConfig                   0x080026c9   Thumb Code    26  stm32f4xx_tim.o(.text)
    TIM_OC3PolarityConfig                    0x080026e3   Thumb Code    26  stm32f4xx_tim.o(.text)
    TIM_OC3NPolarityConfig                   0x080026fd   Thumb Code    26  stm32f4xx_tim.o(.text)
    TIM_OC4PolarityConfig                    0x08002717   Thumb Code    26  stm32f4xx_tim.o(.text)
    TIM_CCxCmd                               0x08002731   Thumb Code    30  stm32f4xx_tim.o(.text)
    TIM_CCxNCmd                              0x0800274f   Thumb Code    30  stm32f4xx_tim.o(.text)
    TIM_SetIC4Prescaler                      0x0800276d   Thumb Code    26  stm32f4xx_tim.o(.text)
    TIM_SetIC3Prescaler                      0x080027d7   Thumb Code    18  stm32f4xx_tim.o(.text)
    TIM_SetIC2Prescaler                      0x08002831   Thumb Code    26  stm32f4xx_tim.o(.text)
    TIM_SetIC1Prescaler                      0x080028a5   Thumb Code    18  stm32f4xx_tim.o(.text)
    TIM_ICInit                               0x080028f1   Thumb Code   110  stm32f4xx_tim.o(.text)
    TIM_ICStructInit                         0x0800295f   Thumb Code    18  stm32f4xx_tim.o(.text)
    TIM_PWMIConfig                           0x08002971   Thumb Code   124  stm32f4xx_tim.o(.text)
    TIM_GetCapture1                          0x080029ed   Thumb Code     6  stm32f4xx_tim.o(.text)
    TIM_GetCapture2                          0x080029f3   Thumb Code     6  stm32f4xx_tim.o(.text)
    TIM_GetCapture3                          0x080029f9   Thumb Code     6  stm32f4xx_tim.o(.text)
    TIM_GetCapture4                          0x080029ff   Thumb Code     6  stm32f4xx_tim.o(.text)
    TIM_BDTRConfig                           0x08002a05   Thumb Code    32  stm32f4xx_tim.o(.text)
    TIM_BDTRStructInit                       0x08002a25   Thumb Code    18  stm32f4xx_tim.o(.text)
    TIM_CtrlPWMOutputs                       0x08002a37   Thumb Code    30  stm32f4xx_tim.o(.text)
    TIM_SelectCOM                            0x08002a55   Thumb Code    24  stm32f4xx_tim.o(.text)
    TIM_CCPreloadControl                     0x08002a6d   Thumb Code    24  stm32f4xx_tim.o(.text)
    TIM_ITConfig                             0x08002a85   Thumb Code    18  stm32f4xx_tim.o(.text)
    TIM_GenerateEvent                        0x08002a97   Thumb Code     4  stm32f4xx_tim.o(.text)
    TIM_GetFlagStatus                        0x08002a9b   Thumb Code    18  stm32f4xx_tim.o(.text)
    TIM_ClearFlag                            0x08002aad   Thumb Code     6  stm32f4xx_tim.o(.text)
    TIM_GetITStatus                          0x08002ab3   Thumb Code    34  stm32f4xx_tim.o(.text)
    TIM_ClearITPendingBit                    0x08002ad5   Thumb Code     6  stm32f4xx_tim.o(.text)
    TIM_DMAConfig                            0x08002adb   Thumb Code    10  stm32f4xx_tim.o(.text)
    TIM_DMACmd                               0x08002ae5   Thumb Code    18  stm32f4xx_tim.o(.text)
    TIM_SelectCCDMA                          0x08002af7   Thumb Code    24  stm32f4xx_tim.o(.text)
    TIM_InternalClockConfig                  0x08002b0f   Thumb Code    12  stm32f4xx_tim.o(.text)
    TIM_SelectInputTrigger                   0x08002b1b   Thumb Code    18  stm32f4xx_tim.o(.text)
    TIM_ITRxExternalClockConfig              0x08002b2d   Thumb Code    24  stm32f4xx_tim.o(.text)
    TIM_TIxExternalClockConfig               0x08002b45   Thumb Code    62  stm32f4xx_tim.o(.text)
    TIM_ETRConfig                            0x08002b83   Thumb Code    28  stm32f4xx_tim.o(.text)
    TIM_ETRClockMode1Config                  0x08002b9f   Thumb Code    54  stm32f4xx_tim.o(.text)
    TIM_ETRClockMode2Config                  0x08002bd5   Thumb Code    32  stm32f4xx_tim.o(.text)
    TIM_SelectOutputTrigger                  0x08002bf5   Thumb Code    18  stm32f4xx_tim.o(.text)
    TIM_SelectSlaveMode                      0x08002c07   Thumb Code    18  stm32f4xx_tim.o(.text)
    TIM_SelectMasterSlaveMode                0x08002c19   Thumb Code    18  stm32f4xx_tim.o(.text)
    TIM_EncoderInterfaceConfig               0x08002c2b   Thumb Code    66  stm32f4xx_tim.o(.text)
    TIM_SelectHallSensor                     0x08002c6d   Thumb Code    24  stm32f4xx_tim.o(.text)
    TIM_RemapConfig                          0x08002c85   Thumb Code     6  stm32f4xx_tim.o(.text)
    DMA_DeInit                               0x08002c8d   Thumb Code   324  stm32f4xx_dma.o(.text)
    DMA_Init                                 0x08002dd1   Thumb Code    82  stm32f4xx_dma.o(.text)
    DMA_StructInit                           0x08002e23   Thumb Code    34  stm32f4xx_dma.o(.text)
    DMA_Cmd                                  0x08002e45   Thumb Code    22  stm32f4xx_dma.o(.text)
    DMA_PeriphIncOffsetSizeConfig            0x08002e5b   Thumb Code    22  stm32f4xx_dma.o(.text)
    DMA_FlowControllerConfig                 0x08002e71   Thumb Code    22  stm32f4xx_dma.o(.text)
    DMA_SetCurrDataCounter                   0x08002e87   Thumb Code     4  stm32f4xx_dma.o(.text)
    DMA_GetCurrDataCounter                   0x08002e8b   Thumb Code     8  stm32f4xx_dma.o(.text)
    DMA_DoubleBufferModeConfig               0x08002e93   Thumb Code    24  stm32f4xx_dma.o(.text)
    DMA_DoubleBufferModeCmd                  0x08002eab   Thumb Code    22  stm32f4xx_dma.o(.text)
    DMA_MemoryTargetConfig                   0x08002ec1   Thumb Code    10  stm32f4xx_dma.o(.text)
    DMA_GetCurrentMemoryTarget               0x08002ecb   Thumb Code    20  stm32f4xx_dma.o(.text)
    DMA_GetCmdStatus                         0x08002edf   Thumb Code    20  stm32f4xx_dma.o(.text)
    DMA_GetFIFOStatus                        0x08002ef3   Thumb Code    12  stm32f4xx_dma.o(.text)
    DMA_GetFlagStatus                        0x08002eff   Thumb Code    56  stm32f4xx_dma.o(.text)
    DMA_ClearFlag                            0x08002f37   Thumb Code    40  stm32f4xx_dma.o(.text)
    DMA_ITConfig                             0x08002f5f   Thumb Code    58  stm32f4xx_dma.o(.text)
    DMA_GetITStatus                          0x08002f99   Thumb Code    84  stm32f4xx_dma.o(.text)
    DMA_ClearITPendingBit                    0x08002fed   Thumb Code    40  stm32f4xx_dma.o(.text)
    delay_osschedlock                        0x08003035   Thumb Code    10  delay.o(.text)
    delay_osschedunlock                      0x0800303f   Thumb Code    10  delay.o(.text)
    delay_ostimedly                          0x08003049   Thumb Code    16  delay.o(.text)
    SysTick_Handler                          0x08003059   Thumb Code    24  delay.o(.text)
    delay_init                               0x08003071   Thumb Code    94  delay.o(.text)
    delay_us                                 0x080030cf   Thumb Code    84  delay.o(.text)
    delay_ms                                 0x08003123   Thumb Code    66  delay.o(.text)
    _sys_exit                                0x0800317d   Thumb Code     6  usart.o(.text)
    fputc                                    0x08003183   Thumb Code    22  usart.o(.text)
    uart_init                                0x08003199   Thumb Code   172  usart.o(.text)
    USART1_IRQHandler                        0x08003245   Thumb Code   130  usart.o(.text)
    BSP_INF_Config                           0x080032d9   Thumb Code    88  edgecheck.o(.text)
    BSP_EdgeCheck                            0x08003331   Thumb Code   250  edgecheck.o(.text)
    BSP_ChessCheck                           0x08003445   Thumb Code   480  chesscheck.o(.text)
    BSP_CPU_ClkFreq                          0x0800362d   Thumb Code    14  bsp.o(.text)
    CPU_TS_TmrInit                           0x0800363b   Thumb Code    44  bsp.o(.text)
    CPU_TS_TmrRd                             0x08003667   Thumb Code     6  bsp.o(.text)
    CPU_TS32_to_uSec                         0x0800366d   Thumb Code    54  bsp.o(.text)
    CPU_NameClr                              0x080036b1   Thumb Code    42  cpu_core.o(.text)
    CPU_Init                                 0x080036f1   Thumb Code    12  cpu_core.o(.text)
    CPU_SW_Exception                         0x080036fd   Thumb Code     4  cpu_core.o(.text)
    CPU_NameGet                              0x08003701   Thumb Code    70  cpu_core.o(.text)
    CPU_NameSet                              0x08003747   Thumb Code    96  cpu_core.o(.text)
    CPU_TS_Get32                             0x080037a7   Thumb Code    12  cpu_core.o(.text)
    CPU_TS_Update                            0x080037b3   Thumb Code     2  cpu_core.o(.text)
    CPU_TS_TmrFreqGet                        0x080037b5   Thumb Code    30  cpu_core.o(.text)
    CPU_TS_TmrFreqSet                        0x080037d3   Thumb Code     6  cpu_core.o(.text)
    CPU_CntLeadZeros08                       0x080037d9   Thumb Code    18  cpu_core.o(.text)
    CPU_CntLeadZeros16                       0x080037eb   Thumb Code    18  cpu_core.o(.text)
    CPU_CntLeadZeros32                       0x080037fd   Thumb Code    18  cpu_core.o(.text)
    CPU_CntLeadZeros64                       0x0800380f   Thumb Code   188  cpu_core.o(.text)
    CPU_CntTrailZeros08                      0x080038cb   Thumb Code    22  cpu_core.o(.text)
    CPU_CntTrailZeros16                      0x080038e1   Thumb Code    22  cpu_core.o(.text)
    CPU_CntTrailZeros32                      0x080038f7   Thumb Code    22  cpu_core.o(.text)
    CPU_CntTrailZeros64                      0x0800390d   Thumb Code    62  cpu_core.o(.text)
    CPU_IntDis                               0x08003959   Thumb Code     0  cpu_a.o(.text)
    CPU_IntEn                                0x0800395d   Thumb Code     0  cpu_a.o(.text)
    CPU_SR_Save                              0x08003961   Thumb Code     0  cpu_a.o(.text)
    CPU_SR_Restore                           0x08003969   Thumb Code     0  cpu_a.o(.text)
    CPU_WaitForInt                           0x0800396f   Thumb Code     0  cpu_a.o(.text)
    CPU_WaitForExcept                        0x08003973   Thumb Code     0  cpu_a.o(.text)
    CPU_CntLeadZeros                         0x08003977   Thumb Code     0  cpu_a.o(.text)
    CPU_CntTrailZeros                        0x0800397d   Thumb Code     0  cpu_a.o(.text)
    CPU_RevBits                              0x08003987   Thumb Code     0  cpu_a.o(.text)
    ASCII_IsAlpha                            0x0800398d   Thumb Code    48  lib_ascii.o(.text)
    ASCII_IsAlphaNum                         0x080039bd   Thumb Code    76  lib_ascii.o(.text)
    ASCII_IsLower                            0x08003a09   Thumb Code    20  lib_ascii.o(.text)
    ASCII_IsUpper                            0x08003a1d   Thumb Code    20  lib_ascii.o(.text)
    ASCII_IsDig                              0x08003a31   Thumb Code    20  lib_ascii.o(.text)
    ASCII_IsDigOct                           0x08003a45   Thumb Code    20  lib_ascii.o(.text)
    ASCII_IsDigHex                           0x08003a59   Thumb Code    36  lib_ascii.o(.text)
    ASCII_IsBlank                            0x08003a7d   Thumb Code    20  lib_ascii.o(.text)
    ASCII_IsSpace                            0x08003a91   Thumb Code    36  lib_ascii.o(.text)
    ASCII_IsPrint                            0x08003ab5   Thumb Code    20  lib_ascii.o(.text)
    ASCII_IsGraph                            0x08003ac9   Thumb Code    20  lib_ascii.o(.text)
    ASCII_IsPunct                            0x08003add   Thumb Code   134  lib_ascii.o(.text)
    ASCII_IsCtrl                             0x08003b63   Thumb Code    26  lib_ascii.o(.text)
    ASCII_ToLower                            0x08003b7d   Thumb Code    32  lib_ascii.o(.text)
    ASCII_ToUpper                            0x08003b9d   Thumb Code    32  lib_ascii.o(.text)
    ASCII_Cmp                                0x08003bbd   Thumb Code    38  lib_ascii.o(.text)
    Mem_Init                                 0x08003be5   Thumb Code    54  lib_mem.o(.text)
    Mem_Set                                  0x08003c1b   Thumb Code    84  lib_mem.o(.text)
    Mem_Clr                                  0x08003c6f   Thumb Code    18  lib_mem.o(.text)
    Mem_Move                                 0x08003c81   Thumb Code   186  lib_mem.o(.text)
    Mem_Cmp                                  0x08003d3b   Thumb Code   192  lib_mem.o(.text)
    Mem_HeapAlloc                            0x08003e73   Thumb Code   168  lib_mem.o(.text)
    Mem_SegGetSizeRem                        0x08003f1b   Thumb Code   108  lib_mem.o(.text)
    Mem_HeapGetSizeRem                       0x08003f87   Thumb Code    22  lib_mem.o(.text)
    Mem_PoolClr                              0x08003f9d   Thumb Code    80  lib_mem.o(.text)
    Mem_PoolCreate                           0x08003fed   Thumb Code   838  lib_mem.o(.text)
    Mem_PoolBlkGetNbrAvail                   0x08004333   Thumb Code    52  lib_mem.o(.text)
    Mem_PoolBlkGet                           0x08004367   Thumb Code   126  lib_mem.o(.text)
    Mem_PoolBlkGetUsedAtIx                   0x080043e5   Thumb Code   140  lib_mem.o(.text)
    Mem_PoolBlkFree                          0x08004471   Thumb Code   152  lib_mem.o(.text)
    Mem_PoolBlkIxGet                         0x08004509   Thumb Code   162  lib_mem.o(.text)
    Str_Len_N                                0x080045ad   Thumb Code    28  lib_str.o(.text)
    Str_Len                                  0x080045c9   Thumb Code    20  lib_str.o(.text)
    Str_Copy_N                               0x080045dd   Thumb Code    70  lib_str.o(.text)
    Str_Copy                                 0x08004623   Thumb Code    24  lib_str.o(.text)
    Str_Cat_N                                0x0800463b   Thumb Code    90  lib_str.o(.text)
    Str_Cat                                  0x08004695   Thumb Code    24  lib_str.o(.text)
    Str_Cmp_N                                0x080046ad   Thumb Code   156  lib_str.o(.text)
    Str_Cmp                                  0x08004749   Thumb Code    24  lib_str.o(.text)
    Str_CmpIgnoreCase_N                      0x08004761   Thumb Code   264  lib_str.o(.text)
    Str_CmpIgnoreCase                        0x08004869   Thumb Code    24  lib_str.o(.text)
    Str_Char_N                               0x08004881   Thumb Code    74  lib_str.o(.text)
    Str_Char                                 0x080048cb   Thumb Code    24  lib_str.o(.text)
    Str_Char_Last_N                          0x080048e3   Thumb Code    76  lib_str.o(.text)
    Str_Char_Last                            0x0800492f   Thumb Code    24  lib_str.o(.text)
    Str_Char_Replace_N                       0x08004947   Thumb Code    52  lib_str.o(.text)
    Str_Char_Replace                         0x0800497b   Thumb Code    28  lib_str.o(.text)
    Str_Str_N                                0x08004997   Thumb Code   182  lib_str.o(.text)
    Str_Str                                  0x08004a4d   Thumb Code    24  lib_str.o(.text)
    Str_FmtNbr_Int32U                        0x08004c41   Thumb Code    46  lib_str.o(.text)
    Str_FmtNbr_Int32S                        0x08004c6f   Thumb Code    62  lib_str.o(.text)
    Str_ParseNbr_Int32U                      0x08004e6b   Thumb Code    30  lib_str.o(.text)
    Str_ParseNbr_Int32S                      0x08004e89   Thumb Code    74  lib_str.o(.text)
    Mem_Copy                                 0x08004ed9   Thumb Code     0  lib_mem_a.o(.text)
    OSCfg_Init                               0x080050f9   Thumb Code    86  os_cfg_app.o(.text)
    OS_IdleTask                              0x080051f5   Thumb Code    60  os_core.o(.text)
    OS_IdleTaskInit                          0x08005231   Thumb Code    68  os_core.o(.text)
    OS_RdyListInit                           0x08005275   Thumb Code    32  os_core.o(.text)
    OSInit                                   0x08005295   Thumb Code   300  os_core.o(.text)
    OSIntEnter                               0x080053c1   Thumb Code    34  os_core.o(.text)
    OSIntExit                                0x080053e3   Thumb Code   188  os_core.o(.text)
    OSSched                                  0x0800549f   Thumb Code   130  os_core.o(.text)
    OS_SchedLockTimeMeasStart                0x08005521   Thumb Code    20  os_core.o(.text)
    OSSchedLock                              0x08005535   Thumb Code   104  os_core.o(.text)
    OS_SchedLockTimeMeasStop                 0x0800559d   Thumb Code    44  os_core.o(.text)
    OSSchedUnlock                            0x080055c9   Thumb Code   286  os_core.o(.text)
    OSSchedRoundRobinCfg                     0x080056e7   Thumb Code    88  os_core.o(.text)
    OS_RdyListMoveHeadToTail                 0x0800573f   Thumb Code    68  os_core.o(.text)
    OSSchedRoundRobinYield                   0x08005783   Thumb Code   164  os_core.o(.text)
    OSStart                                  0x08005827   Thumb Code    78  os_core.o(.text)
    OSVersion                                0x08005875   Thumb Code    12  os_core.o(.text)
    OS_PendDbgNameAdd                        0x08005881   Thumb Code    66  os_core.o(.text)
    OS_PendListInsertPrio                    0x080058c3   Thumb Code   102  os_core.o(.text)
    OS_PendDataInit                          0x08005929   Thumb Code    38  os_core.o(.text)
    OS_RdyListRemove                         0x0800594f   Thumb Code    86  os_core.o(.text)
    OS_TaskBlock                             0x080059a5   Thumb Code    56  os_core.o(.text)
    OS_Pend                                  0x080059dd   Thumb Code    98  os_core.o(.text)
    OS_PendListRemove1                       0x08005a3f   Thumb Code   136  os_core.o(.text)
    OS_PendListRemove                        0x08005ac7   Thumb Code    48  os_core.o(.text)
    OS_PendAbort1                            0x08005af7   Thumb Code    36  os_core.o(.text)
    OS_RdyListInsertHead                     0x08005b1b   Thumb Code    58  os_core.o(.text)
    OS_RdyListInsertTail                     0x08005b55   Thumb Code    56  os_core.o(.text)
    OS_RdyListInsert                         0x08005b8d   Thumb Code    40  os_core.o(.text)
    OS_TaskRdy                               0x08005bb5   Thumb Code    28  os_core.o(.text)
    OS_PendAbort                             0x08005bd1   Thumb Code   166  os_core.o(.text)
    OS_PendDbgNameRemove                     0x08005c77   Thumb Code    34  os_core.o(.text)
    OS_PendListChangePrio                    0x08005c99   Thumb Code    70  os_core.o(.text)
    OS_PendListInit                          0x08005cdf   Thumb Code    10  os_core.o(.text)
    OS_PendListInsertHead                    0x08005ce9   Thumb Code    32  os_core.o(.text)
    OS_PendObjDel1                           0x08005d09   Thumb Code    36  os_core.o(.text)
    OS_PendObjDel                            0x08005d2d   Thumb Code   162  os_core.o(.text)
    OS_Post1                                 0x08005dcf   Thumb Code    42  os_core.o(.text)
    OS_Post                                  0x08005df9   Thumb Code   192  os_core.o(.text)
    OS_Sched0                                0x08005eb9   Thumb Code    68  os_core.o(.text)
    OS_SchedRoundRobin                       0x08005efd   Thumb Code   218  os_core.o(.text)
    OS_Dbg_Init                              0x08005fe5   Thumb Code   146  os_dbg.o(.text)
    OS_FlagDbgListAdd                        0x08006195   Thumb Code    38  os_flag.o(.text)
    OSFlagCreate                             0x080061bb   Thumb Code   172  os_flag.o(.text)
    OS_FlagClr                               0x08006267   Thumb Code    28  os_flag.o(.text)
    OS_FlagDbgListRemove                     0x08006283   Thumb Code    44  os_flag.o(.text)
    OSFlagDel                                0x080062af   Thumb Code   594  os_flag.o(.text)
    OS_FlagBlock                             0x08006501   Thumb Code    58  os_flag.o(.text)
    OSFlagPend                               0x0800653b   Thumb Code  1488  os_flag.o(.text)
    OSFlagPendAbort                          0x08006b0b   Thumb Code   292  os_flag.o(.text)
    OSFlagPendGetFlagsRdy                    0x08006c2f   Thumb Code    68  os_flag.o(.text)
    OS_FlagTaskRdy                           0x08006c73   Thumb Code    86  os_flag.o(.text)
    OS_FlagPost                              0x08006cc9   Thumb Code   570  os_flag.o(.text)
    OSFlagPost                               0x08006f03   Thumb Code   146  os_flag.o(.text)
    OS_FlagInit                              0x08006f95   Thumb Code    14  os_flag.o(.text)
    OS_IntQPost                              0x08006fbd   Thumb Code   216  os_int.o(.text)
    OS_IntQRePost                            0x08007095   Thumb Code   360  os_int.o(.text)
    OS_IntQTask                              0x080071fd   Thumb Code   162  os_int.o(.text)
    OS_IntQTaskInit                          0x0800729f   Thumb Code   208  os_int.o(.text)
    OS_MemDbgListAdd                         0x08007401   Thumb Code    34  os_mem.o(.text)
    OSMemCreate                              0x08007423   Thumb Code   288  os_mem.o(.text)
    OSMemGet                                 0x08007543   Thumb Code   100  os_mem.o(.text)
    OSMemPut                                 0x080075a7   Thumb Code   112  os_mem.o(.text)
    OS_MemInit                               0x08007617   Thumb Code    14  os_mem.o(.text)
    OS_MsgPoolCreate                         0x08007639   Thumb Code    54  os_msg.o(.text)
    OS_MsgPoolInit                           0x0800766f   Thumb Code    70  os_msg.o(.text)
    OS_MsgQFreeAll                           0x080076b5   Thumb Code    62  os_msg.o(.text)
    OS_MsgQInit                              0x080076f3   Thumb Code    14  os_msg.o(.text)
    OS_MsgQGet                               0x08007701   Thumb Code    98  os_msg.o(.text)
    OS_MsgQPut                               0x08007763   Thumb Code   246  os_msg.o(.text)
    OS_MutexDbgListAdd                       0x08007865   Thumb Code    38  os_mutex.o(.text)
    OSMutexCreate                            0x0800788b   Thumb Code   178  os_mutex.o(.text)
    OS_MutexClr                              0x0800793d   Thumb Code    38  os_mutex.o(.text)
    OS_MutexDbgListRemove                    0x08007963   Thumb Code    44  os_mutex.o(.text)
    OSMutexDel                               0x0800798f   Thumb Code   842  os_mutex.o(.text)
    OSMutexPend                              0x08007cd9   Thumb Code   706  os_mutex.o(.text)
    OSMutexPendAbort                         0x08007f9b   Thumb Code   314  os_mutex.o(.text)
    OSMutexPost                              0x080080d5   Thumb Code   564  os_mutex.o(.text)
    OS_MutexInit                             0x08008309   Thumb Code    14  os_mutex.o(.text)
    OS_PrioInit                              0x08008339   Thumb Code    20  os_prio.o(.text)
    OS_PrioGetHighest                        0x0800834d   Thumb Code    36  os_prio.o(.text)
    OS_PrioInsert                            0x08008371   Thumb Code    32  os_prio.o(.text)
    OS_PrioRemove                            0x08008391   Thumb Code    32  os_prio.o(.text)
    OS_QDbgListAdd                           0x080083b5   Thumb Code    38  os_q.o(.text)
    OSQCreate                                0x080083db   Thumb Code   186  os_q.o(.text)
    OS_QClr                                  0x08008495   Thumb Code    40  os_q.o(.text)
    OS_QDbgListRemove                        0x080084bd   Thumb Code    44  os_q.o(.text)
    OSQDel                                   0x080084e9   Thumb Code   362  os_q.o(.text)
    OSQFlush                                 0x08008653   Thumb Code   210  os_q.o(.text)
    OSQPend                                  0x08008725   Thumb Code   538  os_q.o(.text)
    OSQPendAbort                             0x0800893f   Thumb Code   292  os_q.o(.text)
    OS_QPost                                 0x08008a63   Thumb Code   324  os_q.o(.text)
    OSQPost                                  0x08008ba7   Thumb Code   198  os_q.o(.text)
    OS_QInit                                 0x08008c6d   Thumb Code    14  os_q.o(.text)
    OS_SemDbgListAdd                         0x08008c8d   Thumb Code    38  os_sem.o(.text)
    OSSemCreate                              0x08008cb3   Thumb Code   172  os_sem.o(.text)
    OS_SemClr                                0x08008d5f   Thumb Code    28  os_sem.o(.text)
    OS_SemDbgListRemove                      0x08008d7b   Thumb Code    44  os_sem.o(.text)
    OSSemDel                                 0x08008da7   Thumb Code   362  os_sem.o(.text)
    OSSemPend                                0x08008f11   Thumb Code   504  os_sem.o(.text)
    OSSemPendAbort                           0x08009109   Thumb Code   292  os_sem.o(.text)
    OS_SemPost                               0x0800922d   Thumb Code   350  os_sem.o(.text)
    OSSemPost                                0x0800938b   Thumb Code   144  os_sem.o(.text)
    OSSemSet                                 0x0800941b   Thumb Code   138  os_sem.o(.text)
    OS_SemInit                               0x080094a5   Thumb Code    14  os_sem.o(.text)
    OSStatReset                              0x080094bd   Thumb Code   270  os_stat.o(.text)
    OSStatTaskCPUUsageInit                   0x080095cb   Thumb Code   212  os_stat.o(.text)
    OS_StatTask                              0x0800969f   Thumb Code   888  os_stat.o(.text)
    OS_StatTaskInit                          0x08009a17   Thumb Code   138  os_stat.o(.text)
    OSTaskChangePrio                         0x08009af5   Thumb Code   416  os_task.o(.text)
    OS_TaskDbgListAdd                        0x08009c95   Thumb Code    42  os_task.o(.text)
    OS_TaskInitTCB                           0x08009cbf   Thumb Code   186  os_task.o(.text)
    OSTaskCreate                             0x08009d79   Thumb Code   616  os_task.o(.text)
    OS_TaskDbgListRemove                     0x08009fe1   Thumb Code    64  os_task.o(.text)
    OSTaskDel                                0x0800a021   Thumb Code   424  os_task.o(.text)
    OSTaskQFlush                             0x0800a1c9   Thumb Code   214  os_task.o(.text)
    OSTaskQPend                              0x0800a29f   Thumb Code   554  os_task.o(.text)
    OSTaskQPendAbort                         0x0800a4c9   Thumb Code   242  os_task.o(.text)
    OS_TaskQPost                             0x0800a5bb   Thumb Code   526  os_task.o(.text)
    OSTaskQPost                              0x0800a7c9   Thumb Code   114  os_task.o(.text)
    OSTaskRegGet                             0x0800a83b   Thumb Code    78  os_task.o(.text)
    OSTaskRegGetID                           0x0800a889   Thumb Code    84  os_task.o(.text)
    OSTaskRegSet                             0x0800a8dd   Thumb Code    78  os_task.o(.text)
    OS_TaskResume                            0x0800a92b   Thumb Code   314  os_task.o(.text)
    OSTaskResume                             0x0800aa65   Thumb Code   112  os_task.o(.text)
    OSTaskSemPend                            0x0800aad5   Thumb Code   550  os_task.o(.text)
    OSTaskSemPendAbort                       0x0800acfb   Thumb Code   270  os_task.o(.text)
    OS_TaskSemPost                           0x0800ae09   Thumb Code  1224  os_task.o(.text)
    OSTaskSemPost                            0x0800b2d1   Thumb Code    98  os_task.o(.text)
    OSTaskSemSet                             0x0800b333   Thumb Code    80  os_task.o(.text)
    OSTaskStkChk                             0x0800b383   Thumb Code   224  os_task.o(.text)
    OS_TaskSuspend                           0x0800b463   Thumb Code   328  os_task.o(.text)
    OSTaskSuspend                            0x0800b5ab   Thumb Code    78  os_task.o(.text)
    OSTaskTimeQuantaSet                      0x0800b5f9   Thumb Code    96  os_task.o(.text)
    OS_TaskInit                              0x0800b659   Thumb Code    18  os_task.o(.text)
    OS_TaskReturn                            0x0800b66b   Thumb Code    20  os_task.o(.text)
    OS_TickListRemove                        0x0800b6a9   Thumb Code    56  os_tick.o(.text)
    OS_TickListUpdate                        0x0800b6e1   Thumb Code   480  os_tick.o(.text)
    OS_TickTask                              0x0800b8c1   Thumb Code    38  os_tick.o(.text)
    OS_TickListInit                          0x0800b8e7   Thumb Code    32  os_tick.o(.text)
    OS_TickTaskInit                          0x0800b907   Thumb Code   130  os_tick.o(.text)
    OS_TickListInsert                        0x0800b989   Thumb Code   502  os_tick.o(.text)
    OS_TickListResetPeak                     0x0800bb7f   Thumb Code    28  os_tick.o(.text)
    OSTimeDly                                0x0800bba5   Thumb Code   266  os_time.o(.text)
    OSTimeDlyHMSM                            0x0800bcaf   Thumb Code   480  os_time.o(.text)
    OSTimeDlyResume                          0x0800be8f   Thumb Code   466  os_time.o(.text)
    OSTimeGet                                0x0800c061   Thumb Code    46  os_time.o(.text)
    OSTimeSet                                0x0800c08f   Thumb Code    46  os_time.o(.text)
    OSTimeTick                               0x0800c0bd   Thumb Code    54  os_time.o(.text)
    OS_TmrDbgListAdd                         0x0800c109   Thumb Code    34  os_tmr.o(.text)
    OSTmrCreate                              0x0800c12b   Thumb Code   248  os_tmr.o(.text)
    OS_TmrClr                                0x0800c223   Thumb Code    36  os_tmr.o(.text)
    OS_TmrUnlink                             0x0800c247   Thumb Code    72  os_tmr.o(.text)
    OS_TmrDbgListRemove                      0x0800c28f   Thumb Code    44  os_tmr.o(.text)
    OSTmrDel                                 0x0800c2bb   Thumb Code   176  os_tmr.o(.text)
    OSTmrRemainGet                           0x0800c36b   Thumb Code   184  os_tmr.o(.text)
    OS_TmrLink                               0x0800c423   Thumb Code   196  os_tmr.o(.text)
    OSTmrStart                               0x0800c4e7   Thumb Code   210  os_tmr.o(.text)
    OSTmrStateGet                            0x0800c5b9   Thumb Code   134  os_tmr.o(.text)
    OSTmrStop                                0x0800c63f   Thumb Code   232  os_tmr.o(.text)
    OS_TmrTask                               0x0800c727   Thumb Code   176  os_tmr.o(.text)
    OS_TmrInit                               0x0800c7d7   Thumb Code   208  os_tmr.o(.text)
    OS_TmrResetPeak                          0x0800c8a7   Thumb Code    28  os_tmr.o(.text)
    OSIdleTaskHook                           0x0800c921   Thumb Code    16  os_cpu_c.o(.text)
    OSInitHook                               0x0800c931   Thumb Code    28  os_cpu_c.o(.text)
    OSStatTaskHook                           0x0800c94d   Thumb Code    16  os_cpu_c.o(.text)
    OSTaskCreateHook                         0x0800c95d   Thumb Code    20  os_cpu_c.o(.text)
    OSTaskDelHook                            0x0800c971   Thumb Code    20  os_cpu_c.o(.text)
    OSTaskReturnHook                         0x0800c985   Thumb Code    20  os_cpu_c.o(.text)
    OSTaskStkInit                            0x0800c999   Thumb Code   600  os_cpu_c.o(.text)
    OSTaskSwHook                             0x0800cbf1   Thumb Code   120  os_cpu_c.o(.text)
    OSTimeTickHook                           0x0800cc69   Thumb Code    16  os_cpu_c.o(.text)
    OS_CPU_SysTickHandler                    0x0800cc79   Thumb Code    52  os_cpu_c.o(.text)
    OS_CPU_SysTickInit                       0x0800ccad   Thumb Code    44  os_cpu_c.o(.text)
    __use_no_semihosting                     0x0800cd19   Thumb Code     2  use_no_semi_2.o(.text)
    __aeabi_uldivmod                         0x0800cd1b   Thumb Code     0  lludivv7m.o(.text)
    _ll_udiv                                 0x0800cd1b   Thumb Code   238  lludivv7m.o(.text)
    __2printf                                0x0800ce09   Thumb Code    20  noretval__2printf.o(.text)
    __printf                                 0x0800ce21   Thumb Code   104  __printf.o(.text)
    _printf_int_dec                          0x0800ce89   Thumb Code   104  _printf_dec.o(.text)
    __use_two_region_memory                  0x0800cf01   Thumb Code     2  heapauxi.o(.text)
    __rt_heap_escrow$2region                 0x0800cf03   Thumb Code     2  heapauxi.o(.text)
    __rt_heap_expand$2region                 0x0800cf05   Thumb Code     2  heapauxi.o(.text)
    __I$use$semihosting                      0x0800cf07   Thumb Code     0  use_no_semi.o(.text)
    __use_no_semihosting_swi                 0x0800cf07   Thumb Code     2  use_no_semi.o(.text)
    _printf_int_common                       0x0800cf09   Thumb Code   178  _printf_intcommon.o(.text)
    _printf_char_file                        0x0800cfbd   Thumb Code    32  _printf_char_file.o(.text)
    _printf_char_common                      0x0800cfeb   Thumb Code    32  _printf_char_common.o(.text)
    ferror                                   0x0800d011   Thumb Code     8  ferror.o(.text)
    __user_setup_stackheap                   0x0800d019   Thumb Code    74  sys_stackheap_outer.o(.text)
    exit                                     0x0800d063   Thumb Code    18  exit.o(.text)
    __user_libspace                          0x0800d075   Thumb Code     8  libspace.o(.text)
    __user_perproc_libspace                  0x0800d075   Thumb Code     0  libspace.o(.text)
    __user_perthread_libspace                0x0800d075   Thumb Code     0  libspace.o(.text)
    OSStartHighRdy                           0x0800d07d   Thumb Code     0  os_cpu_a.o(CODE)
    OSCtxSw                                  0x0800d09f   Thumb Code     0  os_cpu_a.o(CODE)
    OSIntCtxSw                               0x0800d0a9   Thumb Code     0  os_cpu_a.o(CODE)
    PendSV_Handler                           0x0800d0b3   Thumb Code     0  os_cpu_a.o(CODE)
    _fp_init                                 0x0800d129   Thumb Code    10  fpinit.o(x$fpl$fpinit)
    __fplib_config_fpu_vfp                   0x0800d131   Thumb Code     0  fpinit.o(x$fpl$fpinit)
    __fplib_config_pureend_doubles           0x0800d131   Thumb Code     0  fpinit.o(x$fpl$fpinit)
    SampleFreqTable                          0x0800d134   Data         168  bsp_adc.o(.constdata)
    CPU_EndiannessTest                       0x0800d2dc   Data           4  cpu_core.o(.constdata)
    OSCfg_IdleTaskStkBasePtr                 0x0800d374   Data           4  os_cfg_app.o(.constdata)
    OSCfg_IdleTaskStkLimit                   0x0800d378   Data           4  os_cfg_app.o(.constdata)
    OSCfg_IdleTaskStkSize                    0x0800d37c   Data           4  os_cfg_app.o(.constdata)
    OSCfg_IdleTaskStkSizeRAM                 0x0800d380   Data           4  os_cfg_app.o(.constdata)
    OSCfg_IntQBasePtr                        0x0800d384   Data           4  os_cfg_app.o(.constdata)
    OSCfg_IntQSize                           0x0800d388   Data           2  os_cfg_app.o(.constdata)
    OSCfg_IntQSizeRAM                        0x0800d38c   Data           4  os_cfg_app.o(.constdata)
    OSCfg_IntQTaskStkBasePtr                 0x0800d390   Data           4  os_cfg_app.o(.constdata)
    OSCfg_IntQTaskStkLimit                   0x0800d394   Data           4  os_cfg_app.o(.constdata)
    OSCfg_IntQTaskStkSize                    0x0800d398   Data           4  os_cfg_app.o(.constdata)
    OSCfg_IntQTaskStkSizeRAM                 0x0800d39c   Data           4  os_cfg_app.o(.constdata)
    OSCfg_ISRStkBasePtr                      0x0800d3a0   Data           4  os_cfg_app.o(.constdata)
    OSCfg_ISRStkSize                         0x0800d3a4   Data           4  os_cfg_app.o(.constdata)
    OSCfg_ISRStkSizeRAM                      0x0800d3a8   Data           4  os_cfg_app.o(.constdata)
    OSCfg_MsgPoolSize                        0x0800d3ac   Data           2  os_cfg_app.o(.constdata)
    OSCfg_MsgPoolSizeRAM                     0x0800d3b0   Data           4  os_cfg_app.o(.constdata)
    OSCfg_MsgPoolBasePtr                     0x0800d3b4   Data           4  os_cfg_app.o(.constdata)
    OSCfg_StatTaskPrio                       0x0800d3b8   Data           1  os_cfg_app.o(.constdata)
    OSCfg_StatTaskRate_Hz                    0x0800d3bc   Data           4  os_cfg_app.o(.constdata)
    OSCfg_StatTaskStkBasePtr                 0x0800d3c0   Data           4  os_cfg_app.o(.constdata)
    OSCfg_StatTaskStkLimit                   0x0800d3c4   Data           4  os_cfg_app.o(.constdata)
    OSCfg_StatTaskStkSize                    0x0800d3c8   Data           4  os_cfg_app.o(.constdata)
    OSCfg_StatTaskStkSizeRAM                 0x0800d3cc   Data           4  os_cfg_app.o(.constdata)
    OSCfg_StkSizeMin                         0x0800d3d0   Data           4  os_cfg_app.o(.constdata)
    OSCfg_TickRate_Hz                        0x0800d3d4   Data           4  os_cfg_app.o(.constdata)
    OSCfg_TickTaskPrio                       0x0800d3d8   Data           1  os_cfg_app.o(.constdata)
    OSCfg_TickTaskStkBasePtr                 0x0800d3dc   Data           4  os_cfg_app.o(.constdata)
    OSCfg_TickTaskStkLimit                   0x0800d3e0   Data           4  os_cfg_app.o(.constdata)
    OSCfg_TickTaskStkSize                    0x0800d3e4   Data           4  os_cfg_app.o(.constdata)
    OSCfg_TickTaskStkSizeRAM                 0x0800d3e8   Data           4  os_cfg_app.o(.constdata)
    OSCfg_TickWheelSize                      0x0800d3ec   Data           2  os_cfg_app.o(.constdata)
    OSCfg_TickWheelSizeRAM                   0x0800d3f0   Data           4  os_cfg_app.o(.constdata)
    OSCfg_TmrTaskPrio                        0x0800d3f4   Data           1  os_cfg_app.o(.constdata)
    OSCfg_TmrTaskRate_Hz                     0x0800d3f8   Data           4  os_cfg_app.o(.constdata)
    OSCfg_TmrTaskStkBasePtr                  0x0800d3fc   Data           4  os_cfg_app.o(.constdata)
    OSCfg_TmrTaskStkLimit                    0x0800d400   Data           4  os_cfg_app.o(.constdata)
    OSCfg_TmrTaskStkSize                     0x0800d404   Data           4  os_cfg_app.o(.constdata)
    OSCfg_TmrTaskStkSizeRAM                  0x0800d408   Data           4  os_cfg_app.o(.constdata)
    OSCfg_TmrWheelSize                       0x0800d40c   Data           2  os_cfg_app.o(.constdata)
    OSCfg_TmrWheelSizeRAM                    0x0800d410   Data           4  os_cfg_app.o(.constdata)
    OSCfg_DataSizeRAM                        0x0800d414   Data           4  os_cfg_app.o(.constdata)
    OSDbg_DbgEn                              0x0800d418   Data           2  os_dbg.o(.constdata)
    OSDbg_ArgChkEn                           0x0800d41a   Data           1  os_dbg.o(.constdata)
    OSDbg_AppHooksEn                         0x0800d41b   Data           1  os_dbg.o(.constdata)
    OSDbg_EndiannessTest                     0x0800d41c   Data           4  os_dbg.o(.constdata)
    OSDbg_CalledFromISRChkEn                 0x0800d420   Data           1  os_dbg.o(.constdata)
    OSDbg_FlagEn                             0x0800d421   Data           1  os_dbg.o(.constdata)
    OSDbg_FlagGrp                            0x0800d424   Data          40  os_dbg.o(.constdata)
    OSDbg_FlagDelEn                          0x0800d44c   Data           1  os_dbg.o(.constdata)
    OSDbg_FlagModeClrEn                      0x0800d44d   Data           1  os_dbg.o(.constdata)
    OSDbg_FlagPendAbortEn                    0x0800d44e   Data           1  os_dbg.o(.constdata)
    OSDbg_FlagGrpSize                        0x0800d450   Data           2  os_dbg.o(.constdata)
    OSDbg_FlagWidth                          0x0800d452   Data           2  os_dbg.o(.constdata)
    OSDbg_IntQ                               0x0800d454   Data           2  os_dbg.o(.constdata)
    OSDbg_ISRPostDeferredEn                  0x0800d456   Data           1  os_dbg.o(.constdata)
    OSDbg_Mem                                0x0800d458   Data          32  os_dbg.o(.constdata)
    OSDbg_MemEn                              0x0800d478   Data           1  os_dbg.o(.constdata)
    OSDbg_MemSize                            0x0800d47a   Data           2  os_dbg.o(.constdata)
    OSDbg_MsgEn                              0x0800d47c   Data           1  os_dbg.o(.constdata)
    OSDbg_MsgSize                            0x0800d47e   Data           2  os_dbg.o(.constdata)
    OSDbg_MsgPoolSize                        0x0800d480   Data           2  os_dbg.o(.constdata)
    OSDbg_MsgQSize                           0x0800d482   Data           2  os_dbg.o(.constdata)
    OSDbg_Mutex                              0x0800d484   Data          44  os_dbg.o(.constdata)
    OSDbg_MutexEn                            0x0800d4b0   Data           1  os_dbg.o(.constdata)
    OSDbg_MutexDelEn                         0x0800d4b1   Data           1  os_dbg.o(.constdata)
    OSDbg_MutexPendAbortEn                   0x0800d4b2   Data           1  os_dbg.o(.constdata)
    OSDbg_MutexSize                          0x0800d4b4   Data           2  os_dbg.o(.constdata)
    OSDbg_ObjTypeChkEn                       0x0800d4b6   Data           1  os_dbg.o(.constdata)
    OSDbg_PendMultiEn                        0x0800d4b7   Data           1  os_dbg.o(.constdata)
    OSDbg_PendDataSize                       0x0800d4b8   Data           2  os_dbg.o(.constdata)
    OSDbg_PendListSize                       0x0800d4ba   Data           2  os_dbg.o(.constdata)
    OSDbg_PendObjSize                        0x0800d4bc   Data           2  os_dbg.o(.constdata)
    OSDbg_PrioMax                            0x0800d4be   Data           2  os_dbg.o(.constdata)
    OSDbg_PrioTblSize                        0x0800d4c0   Data           2  os_dbg.o(.constdata)
    OSDbg_PtrSize                            0x0800d4c2   Data           2  os_dbg.o(.constdata)
    OSDbg_Q                                  0x0800d4c4   Data          48  os_dbg.o(.constdata)
    OSDbg_QEn                                0x0800d4f4   Data           1  os_dbg.o(.constdata)
    OSDbg_QDelEn                             0x0800d4f5   Data           1  os_dbg.o(.constdata)
    OSDbg_QFlushEn                           0x0800d4f6   Data           1  os_dbg.o(.constdata)
    OSDbg_QPendAbortEn                       0x0800d4f7   Data           1  os_dbg.o(.constdata)
    OSDbg_QSize                              0x0800d4f8   Data           2  os_dbg.o(.constdata)
    OSDbg_SchedRoundRobinEn                  0x0800d4fa   Data           1  os_dbg.o(.constdata)
    OSDbg_Sem                                0x0800d4fc   Data          40  os_dbg.o(.constdata)
    OSDbg_SemEn                              0x0800d524   Data           1  os_dbg.o(.constdata)
    OSDbg_SemDelEn                           0x0800d525   Data           1  os_dbg.o(.constdata)
    OSDbg_SemPendAbortEn                     0x0800d526   Data           1  os_dbg.o(.constdata)
    OSDbg_SemSetEn                           0x0800d527   Data           1  os_dbg.o(.constdata)
    OSDbg_SemSize                            0x0800d528   Data           2  os_dbg.o(.constdata)
    OSDbg_RdyList                            0x0800d52a   Data           2  os_dbg.o(.constdata)
    OSDbg_RdyListSize                        0x0800d52c   Data           4  os_dbg.o(.constdata)
    OSDbg_StkWidth                           0x0800d530   Data           1  os_dbg.o(.constdata)
    OSDbg_StatTaskEn                         0x0800d531   Data           1  os_dbg.o(.constdata)
    OSDbg_StatTaskStkChkEn                   0x0800d532   Data           1  os_dbg.o(.constdata)
    OSDbg_TaskChangePrioEn                   0x0800d533   Data           1  os_dbg.o(.constdata)
    OSDbg_TaskDelEn                          0x0800d534   Data           1  os_dbg.o(.constdata)
    OSDbg_TaskQEn                            0x0800d535   Data           1  os_dbg.o(.constdata)
    OSDbg_TaskQPendAbortEn                   0x0800d536   Data           1  os_dbg.o(.constdata)
    OSDbg_TaskProfileEn                      0x0800d537   Data           1  os_dbg.o(.constdata)
    OSDbg_TaskRegTblSize                     0x0800d538   Data           2  os_dbg.o(.constdata)
    OSDbg_TaskSemPendAbortEn                 0x0800d53a   Data           1  os_dbg.o(.constdata)
    OSDbg_TaskSuspendEn                      0x0800d53b   Data           1  os_dbg.o(.constdata)
    OSDbg_TCBSize                            0x0800d53c   Data           2  os_dbg.o(.constdata)
    OSDbg_TickSpokeSize                      0x0800d53e   Data           2  os_dbg.o(.constdata)
    OSDbg_TimeDlyHMSMEn                      0x0800d540   Data           1  os_dbg.o(.constdata)
    OSDbg_TimeDlyResumeEn                    0x0800d541   Data           1  os_dbg.o(.constdata)
    OSDbg_TLS_TblSize                        0x0800d542   Data           2  os_dbg.o(.constdata)
    OSDbg_Tmr                                0x0800d544   Data          52  os_dbg.o(.constdata)
    OSDbg_TmrEn                              0x0800d578   Data           1  os_dbg.o(.constdata)
    OSDbg_TmrDelEn                           0x0800d579   Data           1  os_dbg.o(.constdata)
    OSDbg_TmrSize                            0x0800d57a   Data           2  os_dbg.o(.constdata)
    OSDbg_TmrSpokeSize                       0x0800d57c   Data           2  os_dbg.o(.constdata)
    OSDbg_VersionNbr                         0x0800d57e   Data           2  os_dbg.o(.constdata)
    OSDbg_DataSize                           0x0800d580   Data           4  os_dbg.o(.constdata)
    Region$$Table$$Base                      0x0800d584   Number         0  anon$$obj.o(Region$$Table)
    Region$$Table$$Limit                     0x0800d5a4   Number         0  anon$$obj.o(Region$$Table)
    SystemCoreClock                          0x20000004   Data           4  system_stm32f4xx.o(.data)
    AHBPrescTable                            0x20000008   Data          16  system_stm32f4xx.o(.data)
    SampleTime                               0x20000018   Data           1  bsp_adc.o(.data)
    __stdout                                 0x20000030   Data           4  usart.o(.data)
    USART_RX_STA                             0x20000034   Data           2  usart.o(.data)
    CPU_TS_TmrFreq_Hz                        0x20000038   Data           4  cpu_core.o(.data)
    Mem_PoolTbl                              0x2000003c   Data           4  lib_mem.o(.data)
    OSPrioTbl                                0x20000040   Data           8  os_prio.o(.data)
    OS_AppTaskCreateHookPtr                  0x20000048   Data           4  os_var.o(.data)
    OS_AppTaskDelHookPtr                     0x2000004c   Data           4  os_var.o(.data)
    OS_AppTaskReturnHookPtr                  0x20000050   Data           4  os_var.o(.data)
    OS_AppIdleTaskHookPtr                    0x20000054   Data           4  os_var.o(.data)
    OS_AppStatTaskHookPtr                    0x20000058   Data           4  os_var.o(.data)
    OS_AppTaskSwHookPtr                      0x2000005c   Data           4  os_var.o(.data)
    OS_AppTimeTickHookPtr                    0x20000060   Data           4  os_var.o(.data)
    OSIdleTaskCtr                            0x20000064   Data           4  os_var.o(.data)
    OSIntNestingCtr                          0x20000068   Data           1  os_var.o(.data)
    OSRunning                                0x20000069   Data           1  os_var.o(.data)
    OSIntQInPtr                              0x2000006c   Data           4  os_var.o(.data)
    OSIntQOutPtr                             0x20000070   Data           4  os_var.o(.data)
    OSIntQNbrEntries                         0x20000074   Data           2  os_var.o(.data)
    OSIntQNbrEntriesMax                      0x20000076   Data           2  os_var.o(.data)
    OSIntQOvfCtr                             0x20000078   Data           2  os_var.o(.data)
    OSIntQTaskTimeMax                        0x2000007c   Data           4  os_var.o(.data)
    OSFlagDbgListPtr                         0x20000080   Data           4  os_var.o(.data)
    OSFlagQty                                0x20000084   Data           2  os_var.o(.data)
    OSMemDbgListPtr                          0x20000088   Data           4  os_var.o(.data)
    OSMemQty                                 0x2000008c   Data           2  os_var.o(.data)
    OSMutexDbgListPtr                        0x20000090   Data           4  os_var.o(.data)
    OSMutexQty                               0x20000094   Data           2  os_var.o(.data)
    OSPrioCur                                0x20000096   Data           1  os_var.o(.data)
    OSPrioHighRdy                            0x20000097   Data           1  os_var.o(.data)
    OSPrioSaved                              0x20000098   Data           1  os_var.o(.data)
    OSQDbgListPtr                            0x2000009c   Data           4  os_var.o(.data)
    OSQQty                                   0x200000a0   Data           2  os_var.o(.data)
    OSSchedLockTimeBegin                     0x200000a4   Data           4  os_var.o(.data)
    OSSchedLockTimeMax                       0x200000a8   Data           4  os_var.o(.data)
    OSSchedLockTimeMaxCur                    0x200000ac   Data           4  os_var.o(.data)
    OSSchedLockNestingCtr                    0x200000b0   Data           1  os_var.o(.data)
    OSSchedRoundRobinDfltTimeQuanta          0x200000b4   Data           4  os_var.o(.data)
    OSSchedRoundRobinEn                      0x200000b8   Data           1  os_var.o(.data)
    OSSemDbgListPtr                          0x200000bc   Data           4  os_var.o(.data)
    OSSemQty                                 0x200000c0   Data           2  os_var.o(.data)
    OSStatResetFlag                          0x200000c2   Data           1  os_var.o(.data)
    OSStatTaskCPUUsage                       0x200000c4   Data           2  os_var.o(.data)
    OSStatTaskCPUUsageMax                    0x200000c6   Data           2  os_var.o(.data)
    OSStatTaskCtr                            0x200000c8   Data           4  os_var.o(.data)
    OSStatTaskCtrMax                         0x200000cc   Data           4  os_var.o(.data)
    OSStatTaskCtrRun                         0x200000d0   Data           4  os_var.o(.data)
    OSStatTaskRdy                            0x200000d4   Data           1  os_var.o(.data)
    OSStatTaskTimeMax                        0x200000d8   Data           4  os_var.o(.data)
    OSTaskCtxSwCtr                           0x200000dc   Data           4  os_var.o(.data)
    OSTaskDbgListPtr                         0x200000e0   Data           4  os_var.o(.data)
    OSTaskQty                                0x200000e4   Data           2  os_var.o(.data)
    OSTaskRegNextAvailID                     0x200000e6   Data           1  os_var.o(.data)
    OSTickCtr                                0x200000e8   Data           4  os_var.o(.data)
    OSTickTaskTimeMax                        0x200000ec   Data           4  os_var.o(.data)
    OSTmrDbgListPtr                          0x200000f0   Data           4  os_var.o(.data)
    OSTmrQty                                 0x200000f4   Data           2  os_var.o(.data)
    OSTmrTaskTimeMax                         0x200000f8   Data           4  os_var.o(.data)
    OSTmrTickCtr                             0x200000fc   Data           4  os_var.o(.data)
    OSTmrUpdateCnt                           0x20000100   Data           4  os_var.o(.data)
    OSTmrUpdateCtr                           0x20000104   Data           4  os_var.o(.data)
    OSTCBCurPtr                              0x20000108   Data           4  os_var.o(.data)
    OSTCBHighRdyPtr                          0x2000010c   Data           4  os_var.o(.data)
    OS_CPU_ExceptStkBase                     0x20000110   Data           4  os_cpu_c.o(.data)
    StartTaskTCB                             0x20000118   Data         196  main.o(.bss)
    START_TASK_STK                           0x200001dc   Data        2048  main.o(.bss)
    Led0TaskTCB                              0x200009dc   Data         196  main.o(.bss)
    LED0_TASK_STK                            0x20000aa0   Data         512  main.o(.bss)
    Led1TaskTCB                              0x20000ca0   Data         196  main.o(.bss)
    LED1_TASK_STK                            0x20000d64   Data         512  main.o(.bss)
    FloatTaskTCB                             0x20000f64   Data         196  main.o(.bss)
    FLOAT_TASK_STK                           0x20001028   Data         512  main.o(.bss)
    ADC1ConvValue                            0x20001228   Data          16  bsp_adc.o(.bss)
    Robot                                    0x20001238   Data          16  motor_control.o(.bss)
    USART_RX_BUF                             0x20001248   Data         200  usart.o(.bss)
    CPU_Name                                 0x20001310   Data          16  cpu_core.o(.bss)
    Mem_PoolHeap                             0x20001320   Data          72  lib_mem.o(.bss)
    Mem_Heap                                 0x20001368   Data        1024  lib_mem.o(.bss)
    OSCfg_IdleTaskStk                        0x20001768   Data         512  os_cfg_app.o(.bss)
    OSCfg_IntQ                               0x20001968   Data         320  os_cfg_app.o(.bss)
    OSCfg_IntQTaskStk                        0x20001aa8   Data         512  os_cfg_app.o(.bss)
    OSCfg_ISRStk                             0x20001ca8   Data         512  os_cfg_app.o(.bss)
    OSCfg_MsgPool                            0x20001ea8   Data        1600  os_cfg_app.o(.bss)
    OSCfg_StatTaskStk                        0x200024e8   Data         512  os_cfg_app.o(.bss)
    OSCfg_TickTaskStk                        0x200026e8   Data         512  os_cfg_app.o(.bss)
    OSCfg_TickWheel                          0x200028e8   Data         136  os_cfg_app.o(.bss)
    OSCfg_TmrTaskStk                         0x20002970   Data         512  os_cfg_app.o(.bss)
    OSCfg_TmrWheel                           0x20002b70   Data         136  os_cfg_app.o(.bss)
    OSIdleTaskTCB                            0x20002bf8   Data         196  os_var.o(.bss)
    OSIntQTaskTCB                            0x20002cbc   Data         196  os_var.o(.bss)
    OSMsgPool                                0x20002d80   Data          12  os_var.o(.bss)
    OSRdyList                                0x20002d8c   Data         768  os_var.o(.bss)
    OSStatTaskTCB                            0x2000308c   Data         196  os_var.o(.bss)
    OSTickTaskTCB                            0x20003150   Data         196  os_var.o(.bss)
    OSTmrTaskTCB                             0x20003214   Data         196  os_var.o(.bss)
    __libspace_start                         0x200032d8   Data          96  libspace.o(.bss)
    __temporary_stack_top$libspace           0x20003338   Data           0  libspace.o(.bss)



==============================================================================

Memory Map of the image

  Image Entry point : 0x08000189

  Load Region LR_IROM1 (Base: 0x08000000, Size: 0x0000d6b8, Max: 0x00100000, ABSOLUTE)

    Execution Region ER_IROM1 (Base: 0x08000000, Size: 0x0000d5a4, Max: 0x00100000, ABSOLUTE)

    Base Addr    Size         Type   Attr      Idx    E Section Name        Object

    0x08000000   0x00000188   Data   RO          405    RESET               startup_stm32f40_41xxx.o
    0x08000188   0x00000008   Code   RO         1135  * !!!main             c_w.l(__main.o)
    0x08000190   0x00000034   Code   RO         1313    !!!scatter          c_w.l(__scatter.o)
    0x080001c4   0x0000001a   Code   RO         1315    !!handler_copy      c_w.l(__scatter_copy.o)
    0x080001de   0x00000002   PAD
    0x080001e0   0x0000001c   Code   RO         1317    !!handler_zi        c_w.l(__scatter_zi.o)
    0x080001fc   0x00000000   Code   RO         1132    .ARM.Collect$$_printf_percent$$00000000  c_w.l(_printf_percent.o)
    0x080001fc   0x00000006   Code   RO         1131    .ARM.Collect$$_printf_percent$$00000009  c_w.l(_printf_d.o)
    0x08000202   0x00000004   Code   RO         1148    .ARM.Collect$$_printf_percent$$00000017  c_w.l(_printf_percent_end.o)
    0x08000206   0x00000002   Code   RO         1187    .ARM.Collect$$libinit$$00000000  c_w.l(libinit.o)
    0x08000208   0x00000004   Code   RO         1199    .ARM.Collect$$libinit$$00000001  c_w.l(libinit2.o)
    0x0800020c   0x00000000   Code   RO         1202    .ARM.Collect$$libinit$$00000004  c_w.l(libinit2.o)
    0x0800020c   0x00000000   Code   RO         1205    .ARM.Collect$$libinit$$0000000A  c_w.l(libinit2.o)
    0x0800020c   0x00000000   Code   RO         1207    .ARM.Collect$$libinit$$0000000C  c_w.l(libinit2.o)
    0x0800020c   0x00000000   Code   RO         1209    .ARM.Collect$$libinit$$0000000E  c_w.l(libinit2.o)
    0x0800020c   0x00000000   Code   RO         1212    .ARM.Collect$$libinit$$00000011  c_w.l(libinit2.o)
    0x0800020c   0x00000000   Code   RO         1214    .ARM.Collect$$libinit$$00000013  c_w.l(libinit2.o)
    0x0800020c   0x00000000   Code   RO         1216    .ARM.Collect$$libinit$$00000015  c_w.l(libinit2.o)
    0x0800020c   0x00000000   Code   RO         1218    .ARM.Collect$$libinit$$00000017  c_w.l(libinit2.o)
    0x0800020c   0x00000000   Code   RO         1220    .ARM.Collect$$libinit$$00000019  c_w.l(libinit2.o)
    0x0800020c   0x00000000   Code   RO         1222    .ARM.Collect$$libinit$$0000001B  c_w.l(libinit2.o)
    0x0800020c   0x00000000   Code   RO         1224    .ARM.Collect$$libinit$$0000001D  c_w.l(libinit2.o)
    0x0800020c   0x00000000   Code   RO         1226    .ARM.Collect$$libinit$$0000001F  c_w.l(libinit2.o)
    0x0800020c   0x00000000   Code   RO         1228    .ARM.Collect$$libinit$$00000021  c_w.l(libinit2.o)
    0x0800020c   0x00000000   Code   RO         1230    .ARM.Collect$$libinit$$00000023  c_w.l(libinit2.o)
    0x0800020c   0x00000000   Code   RO         1232    .ARM.Collect$$libinit$$00000025  c_w.l(libinit2.o)
    0x0800020c   0x00000000   Code   RO         1236    .ARM.Collect$$libinit$$0000002C  c_w.l(libinit2.o)
    0x0800020c   0x00000000   Code   RO         1238    .ARM.Collect$$libinit$$0000002E  c_w.l(libinit2.o)
    0x0800020c   0x00000000   Code   RO         1240    .ARM.Collect$$libinit$$00000030  c_w.l(libinit2.o)
    0x0800020c   0x00000000   Code   RO         1242    .ARM.Collect$$libinit$$00000032  c_w.l(libinit2.o)
    0x0800020c   0x00000002   Code   RO         1243    .ARM.Collect$$libinit$$00000033  c_w.l(libinit2.o)
    0x0800020e   0x00000002   Code   RO         1269    .ARM.Collect$$libshutdown$$00000000  c_w.l(libshutdown.o)
    0x08000210   0x00000000   Code   RO         1296    .ARM.Collect$$libshutdown$$00000002  c_w.l(libshutdown2.o)
    0x08000210   0x00000000   Code   RO         1298    .ARM.Collect$$libshutdown$$00000004  c_w.l(libshutdown2.o)
    0x08000210   0x00000000   Code   RO         1301    .ARM.Collect$$libshutdown$$00000007  c_w.l(libshutdown2.o)
    0x08000210   0x00000000   Code   RO         1304    .ARM.Collect$$libshutdown$$0000000A  c_w.l(libshutdown2.o)
    0x08000210   0x00000000   Code   RO         1306    .ARM.Collect$$libshutdown$$0000000C  c_w.l(libshutdown2.o)
    0x08000210   0x00000000   Code   RO         1309    .ARM.Collect$$libshutdown$$0000000F  c_w.l(libshutdown2.o)
    0x08000210   0x00000002   Code   RO         1310    .ARM.Collect$$libshutdown$$00000010  c_w.l(libshutdown2.o)
    0x08000212   0x00000000   Code   RO         1139    .ARM.Collect$$rtentry$$00000000  c_w.l(__rtentry.o)
    0x08000212   0x00000000   Code   RO         1150    .ARM.Collect$$rtentry$$00000002  c_w.l(__rtentry2.o)
    0x08000212   0x00000006   Code   RO         1162    .ARM.Collect$$rtentry$$00000004  c_w.l(__rtentry4.o)
    0x08000218   0x00000000   Code   RO         1152    .ARM.Collect$$rtentry$$00000009  c_w.l(__rtentry2.o)
    0x08000218   0x00000004   Code   RO         1153    .ARM.Collect$$rtentry$$0000000A  c_w.l(__rtentry2.o)
    0x0800021c   0x00000000   Code   RO         1155    .ARM.Collect$$rtentry$$0000000C  c_w.l(__rtentry2.o)
    0x0800021c   0x00000008   Code   RO         1156    .ARM.Collect$$rtentry$$0000000D  c_w.l(__rtentry2.o)
    0x08000224   0x00000002   Code   RO         1191    .ARM.Collect$$rtexit$$00000000  c_w.l(rtexit.o)
    0x08000226   0x00000000   Code   RO         1245    .ARM.Collect$$rtexit$$00000002  c_w.l(rtexit2.o)
    0x08000226   0x00000004   Code   RO         1246    .ARM.Collect$$rtexit$$00000003  c_w.l(rtexit2.o)
    0x0800022a   0x00000006   Code   RO         1247    .ARM.Collect$$rtexit$$00000004  c_w.l(rtexit2.o)
    0x08000230   0x00000438   Code   RO            3    .text               main.o
    0x08000668   0x00000016   Code   RO          236    .text               stm32f4xx_it.o
    0x0800067e   0x00000002   PAD
    0x08000680   0x00000210   Code   RO          285    .text               system_stm32f4xx.o
    0x08000890   0x0000006c   Code   RO          311    .text               led.o
    0x080008fc   0x00000228   Code   RO          331    .text               bsp_adc.o
    0x08000b24   0x00000148   Code   RO          359    .text               motor_control.o
    0x08000c6c   0x000000b4   Code   RO          385    .text               motor_pwm.o
    0x08000d20   0x00000040   Code   RO          406    .text               startup_stm32f40_41xxx.o
    0x08000d60   0x000000e0   Code   RO          412    .text               misc.o
    0x08000e40   0x00000294   Code   RO          432    .text               stm32f4xx_gpio.o
    0x080010d4   0x0000065c   Code   RO          452    .text               stm32f4xx_rcc.o
    0x08001730   0x00000454   Code   RO          494    .text               stm32f4xx_usart.o
    0x08001b84   0x00000464   Code   RO          514    .text               stm32f4xx_adc.o
    0x08001fe8   0x00000ca2   Code   RO          534    .text               stm32f4xx_tim.o
    0x08002c8a   0x00000002   PAD
    0x08002c8c   0x000003a8   Code   RO          554    .text               stm32f4xx_dma.o
    0x08003034   0x00000148   Code   RO          574    .text               delay.o
    0x0800317c   0x0000015c   Code   RO          614    .text               usart.o
    0x080032d8   0x0000016c   Code   RO          645    .text               edgecheck.o
    0x08003444   0x000001e8   Code   RO          669    .text               chesscheck.o
    0x0800362c   0x00000084   Code   RO          689    .text               bsp.o
    0x080036b0   0x000002a8   Code   RO          722    .text               cpu_core.o
    0x08003958   0x00000034   Code   RO          748    .text               cpu_a.o
    0x0800398c   0x00000256   Code   RO          751    .text               lib_ascii.o
    0x08003be2   0x00000002   PAD
    0x08003be4   0x000009c6   Code   RO          784    .text               lib_mem.o
    0x080045aa   0x00000002   PAD
    0x080045ac   0x0000092c   Code   RO          803    .text               lib_str.o
    0x08004ed8   0x00000220   Code   RO          820    .text               lib_mem_a.o
    0x080050f8   0x000000fc   Code   RO          823    .text               os_cfg_app.o
    0x080051f4   0x00000df0   Code   RO          846    .text               os_core.o
    0x08005fe4   0x000001b0   Code   RO          858    .text               os_dbg.o
    0x08006194   0x00000e28   Code   RO          873    .text               os_flag.o
    0x08006fbc   0x00000444   Code   RO          885    .text               os_int.o
    0x08007400   0x00000238   Code   RO          897    .text               os_mem.o
    0x08007638   0x0000022c   Code   RO          909    .text               os_msg.o
    0x08007864   0x00000ad4   Code   RO          921    .text               os_mutex.o
    0x08008338   0x0000007c   Code   RO          939    .text               os_prio.o
    0x080083b4   0x000008d8   Code   RO          958    .text               os_q.o
    0x08008c8c   0x00000830   Code   RO          970    .text               os_sem.o
    0x080094bc   0x00000638   Code   RO          982    .text               os_stat.o
    0x08009af4   0x00001bb4   Code   RO          994    .text               os_task.o
    0x0800b6a8   0x000004fc   Code   RO         1006    .text               os_tick.o
    0x0800bba4   0x00000564   Code   RO         1018    .text               os_time.o
    0x0800c108   0x00000818   Code   RO         1030    .text               os_tmr.o
    0x0800c920   0x000003f8   Code   RO         1058    .text               os_cpu_c.o
    0x0800cd18   0x00000002   Code   RO         1099    .text               c_w.l(use_no_semi_2.o)
    0x0800cd1a   0x000000ee   Code   RO         1101    .text               c_w.l(lludivv7m.o)
    0x0800ce08   0x00000018   Code   RO         1105    .text               c_w.l(noretval__2printf.o)
    0x0800ce20   0x00000068   Code   RO         1107    .text               c_w.l(__printf.o)
    0x0800ce88   0x00000078   Code   RO         1109    .text               c_w.l(_printf_dec.o)
    0x0800cf00   0x00000006   Code   RO         1133    .text               c_w.l(heapauxi.o)
    0x0800cf06   0x00000002   Code   RO         1137    .text               c_w.l(use_no_semi.o)
    0x0800cf08   0x000000b2   Code   RO         1144    .text               c_w.l(_printf_intcommon.o)
    0x0800cfba   0x00000002   PAD
    0x0800cfbc   0x00000024   Code   RO         1146    .text               c_w.l(_printf_char_file.o)
    0x0800cfe0   0x00000030   Code   RO         1166    .text               c_w.l(_printf_char_common.o)
    0x0800d010   0x00000008   Code   RO         1168    .text               c_w.l(ferror.o)
    0x0800d018   0x0000004a   Code   RO         1172    .text               c_w.l(sys_stackheap_outer.o)
    0x0800d062   0x00000012   Code   RO         1176    .text               c_w.l(exit.o)
    0x0800d074   0x00000008   Code   RO         1188    .text               c_w.l(libspace.o)
    0x0800d07c   0x000000ac   Code   RO         1082    CODE                os_cpu_a.o
    0x0800d128   0x0000000a   Code   RO         1257    x$fpl$fpinit        fz_wm.l(fpinit.o)
    0x0800d132   0x00000002   PAD
    0x0800d134   0x000000a8   Data   RO          333    .constdata          bsp_adc.o
    0x0800d1dc   0x00000104   Data   RO          724    .constdata          cpu_core.o
    0x0800d2e0   0x00000094   Data   RO          804    .constdata          lib_str.o
    0x0800d374   0x000000a4   Data   RO          825    .constdata          os_cfg_app.o
    0x0800d418   0x0000016c   Data   RO          859    .constdata          os_dbg.o
    0x0800d584   0x00000020   Data   RO         1311    Region$$Table       anon$$obj.o


    Execution Region RW_IRAM1 (Base: 0x20000000, Size: 0x00003938, Max: 0x00020000, ABSOLUTE)

    Base Addr    Size         Type   Attr      Idx    E Section Name        Object

    0x20000000   0x00000001   Data   RW            5    .data               main.o
    0x20000001   0x00000003   PAD
    0x20000004   0x00000014   Data   RW          286    .data               system_stm32f4xx.o
    0x20000018   0x00000001   Data   RW          334    .data               bsp_adc.o
    0x20000019   0x00000010   Data   RW          453    .data               stm32f4xx_rcc.o
    0x20000029   0x00000001   PAD
    0x2000002a   0x00000004   Data   RW          575    .data               delay.o
    0x2000002e   0x00000002   PAD
    0x20000030   0x00000006   Data   RW          616    .data               usart.o
    0x20000036   0x00000002   PAD
    0x20000038   0x00000004   Data   RW          725    .data               cpu_core.o
    0x2000003c   0x00000004   Data   RW          786    .data               lib_mem.o
    0x20000040   0x00000008   Data   RW          940    .data               os_prio.o
    0x20000048   0x000000c8   Data   RW         1043    .data               os_var.o
    0x20000110   0x00000004   Data   RW         1059    .data               os_cpu_c.o
    0x20000114   0x00000004   PAD
    0x20000118   0x00001110   Zero   RW            4    .bss                main.o
    0x20001228   0x00000010   Zero   RW          332    .bss                bsp_adc.o
    0x20001238   0x00000010   Zero   RW          360    .bss                motor_control.o
    0x20001248   0x000000c8   Zero   RW          615    .bss                usart.o
    0x20001310   0x00000010   Zero   RW          723    .bss                cpu_core.o
    0x20001320   0x00000448   Zero   RW          785    .bss                lib_mem.o
    0x20001768   0x00001490   Zero   RW          824    .bss                os_cfg_app.o
    0x20002bf8   0x000006e0   Zero   RW         1042    .bss                os_var.o
    0x200032d8   0x00000060   Zero   RW         1189    .bss                c_w.l(libspace.o)
    0x20003338   0x00000200   Zero   RW          404    HEAP                startup_stm32f40_41xxx.o
    0x20003538   0x00000400   Zero   RW          403    STACK               startup_stm32f40_41xxx.o


==============================================================================

Image component sizes


      Code (inc. data)   RO Data    RW Data    ZI Data      Debug   Object Name

       132         14          0          0          0       1239   bsp.o
       552         34        168          1         16       2248   bsp_adc.o
       488          8          0          0          0        857   chesscheck.o
        52          0          0          0          0        336   cpu_a.o
       680         14        260          4         16      14843   cpu_core.o
       328         24          0          4          0       1933   delay.o
       364         26          0          0          0        967   edgecheck.o
       108          8          0          0          0        575   led.o
       598          0          0          0          0       3992   lib_ascii.o
      2502         32          0          4       1096      22456   lib_mem.o
       544          0          0          0          0        480   lib_mem_a.o
      2348          6        148          0          0      13966   lib_str.o
      1080        174          0          1       4368     351271   main.o
       224         20          0          0          0       2005   misc.o
       328         26          0          0         16       2546   motor_control.o
       180          8          0          0          0        739   motor_pwm.o
       252        166        164          0       5264      20994   os_cfg_app.o
      3568        284          0          0          0      12673   os_core.o
       172         32          0          0          0        404   os_cpu_a.o
      1016         64          0          4          0       4169   os_cpu_c.o
       432        286        364          0          0       4833   os_dbg.o
      3624        110          0          0          0       8307   os_flag.o
      1092        146          0          0          0       2416   os_int.o
       568         20          0          0          0       2936   os_mem.o
       556         12          0          0          0       2923   os_msg.o
      2772        114          0          0          0       5842   os_mutex.o
       124          4          0          8          0       1976   os_prio.o
      2264         76          0          0          0       6604   os_q.o
      2096         70          0          0          0       6624   os_sem.o
      1592        180          0          0          0       2897   os_stat.o
      7092        270          0          0          0      14450   os_task.o
      1276         90          0          0          0       3513   os_tick.o
      1380         46          0          0          0       3369   os_time.o
      2072        140          0          0          0       6750   os_tmr.o
         0          0          0        200       1760      19381   os_var.o
        64         26        392          0       1536        844   startup_stm32f40_41xxx.o
      1124         24          0          0          0      10874   stm32f4xx_adc.o
       936         32          0          0          0       6577   stm32f4xx_dma.o
       660         44          0          0          0       4341   stm32f4xx_gpio.o
        22          0          0          0          0       1059   stm32f4xx_it.o
      1628         52          0         16          0      13268   stm32f4xx_rcc.o
      3234         60          0          0          0      23196   stm32f4xx_tim.o
      1108         34          0          0          0       8068   stm32f4xx_usart.o
       528         46          0         20          0       1851   system_stm32f4xx.o
       348         18          0          6        200       3434   usart.o

    ----------------------------------------------------------------------
     52116       2840       1528        276      14276     625026   Object Totals
         0          0         32          0          0          0   (incl. Generated)
         8          0          0          8          4          0   (incl. Padding)

    ----------------------------------------------------------------------

      Code (inc. data)   RO Data    RW Data    ZI Data      Debug   Library Member Name

         8          0          0          0          0         68   __main.o
       104          0          0          0          0         84   __printf.o
         0          0          0          0          0          0   __rtentry.o
        12          0          0          0          0          0   __rtentry2.o
         6          0          0          0          0          0   __rtentry4.o
        52          8          0          0          0          0   __scatter.o
        26          0          0          0          0          0   __scatter_copy.o
        28          0          0          0          0          0   __scatter_zi.o
        48          6          0          0          0         96   _printf_char_common.o
        36          4          0          0          0         80   _printf_char_file.o
         6          0          0          0          0          0   _printf_d.o
       120         16          0          0          0         92   _printf_dec.o
       178          0          0          0          0         88   _printf_intcommon.o
         0          0          0          0          0          0   _printf_percent.o
         4          0          0          0          0          0   _printf_percent_end.o
        18          0          0          0          0         80   exit.o
         8          0          0          0          0         68   ferror.o
         6          0          0          0          0        152   heapauxi.o
         2          0          0          0          0          0   libinit.o
         6          0          0          0          0          0   libinit2.o
         2          0          0          0          0          0   libshutdown.o
         2          0          0          0          0          0   libshutdown2.o
         8          4          0          0         96         68   libspace.o
       238          0          0          0          0        100   lludivv7m.o
        24          4          0          0          0         84   noretval__2printf.o
         2          0          0          0          0          0   rtexit.o
        10          0          0          0          0          0   rtexit2.o
        74          0          0          0          0         80   sys_stackheap_outer.o
         2          0          0          0          0         68   use_no_semi.o
         2          0          0          0          0         68   use_no_semi_2.o
        10          0          0          0          0        116   fpinit.o

    ----------------------------------------------------------------------
      1048         42          0          0         96       1392   Library Totals
         6          0          0          0          0          0   (incl. Padding)

    ----------------------------------------------------------------------

      Code (inc. data)   RO Data    RW Data    ZI Data      Debug   Library Name

      1032         42          0          0         96       1276   c_w.l
        10          0          0          0          0        116   fz_wm.l

    ----------------------------------------------------------------------
      1048         42          0          0         96       1392   Library Totals

    ----------------------------------------------------------------------

==============================================================================


      Code (inc. data)   RO Data    RW Data    ZI Data      Debug   

     53164       2882       1528        276      14372     616146   Grand Totals
     53164       2882       1528        276      14372     616146   ELF Image Totals
     53164       2882       1528        276          0          0   ROM Totals

==============================================================================

    Total RO  Size (Code + RO Data)                54692 (  53.41kB)
    Total RW  Size (RW Data + ZI Data)             14648 (  14.30kB)
    Total ROM Size (Code + RO Data + RW Data)      54968 (  53.68kB)

==============================================================================

