Component: ARM Compiler 5.06 update 3 (build 300) Tool: armlink [4d35c9]

==============================================================================

Section Cross References

    main.o(.text) refers to _printf_percent.o(.ARM.Collect$$_printf_percent$$00000000) for _printf_percent
    main.o(.text) refers to _printf_d.o(.ARM.Collect$$_printf_percent$$00000009) for _printf_d
    main.o(.text) refers to _printf_dec.o(.text) for _printf_int_dec
    main.o(.text) refers to cpu_a.o(.text) for CPU_SR_Save
    main.o(.text) refers to noretval__2printf.o(.text) for __2printf
    main.o(.text) refers to os_core.o(.text) for OS_Sched0
    main.o(.text) refers to delay.o(.text) for delay_ms
    main.o(.text) refers to os_time.o(.text) for OSTimeDlyHMSM
    main.o(.text) refers to cpu_core.o(.text) for CPU_Init
    main.o(.text) refers to os_stat.o(.text) for OSStatTaskCPUUsageInit
    main.o(.text) refers to os_task.o(.text) for OSTaskCreate
    main.o(.text) refers to misc.o(.text) for NVIC_PriorityGroupConfig
    main.o(.text) refers to usart.o(.text) for uart_init
    main.o(.text) refers to led.o(.text) for LED_Init
    main.o(.text) refers to bsp_adc.o(.text) for BSP_ADC_Config
    main.o(.text) refers to main.o(.data) for i
    main.o(.text) refers to os_var.o(.data) for OSSchedLockNestingCtr
    main.o(.text) refers to bsp_adc.o(.bss) for ADC1ConvValue
    main.o(.text) refers to main.o(.bss) for LED0_TASK_STK
    system_stm32f4xx.o(.text) refers to system_stm32f4xx.o(.data) for SystemCoreClock
    led.o(.text) refers to stm32f4xx_rcc.o(.text) for RCC_AHB1PeriphClockCmd
    led.o(.text) refers to stm32f4xx_gpio.o(.text) for GPIO_Init
    bsp_adc.o(.text) refers to stm32f4xx_rcc.o(.text) for RCC_APB2PeriphClockCmd
    bsp_adc.o(.text) refers to stm32f4xx_tim.o(.text) for TIM_Cmd
    bsp_adc.o(.text) refers to stm32f4xx_adc.o(.text) for ADC_CommonInit
    bsp_adc.o(.text) refers to stm32f4xx_gpio.o(.text) for GPIO_Init
    bsp_adc.o(.text) refers to stm32f4xx_dma.o(.text) for DMA_Init
    bsp_adc.o(.text) refers to bsp_adc.o(.constdata) for SampleFreqTable
    bsp_adc.o(.text) refers to bsp_adc.o(.data) for SampleTime
    bsp_adc.o(.text) refers to bsp_adc.o(.bss) for ADC1ConvValue
    startup_stm32f40_41xxx.o(STACK) refers (Special) to heapauxi.o(.text) for __use_two_region_memory
    startup_stm32f40_41xxx.o(HEAP) refers (Special) to heapauxi.o(.text) for __use_two_region_memory
    startup_stm32f40_41xxx.o(RESET) refers (Special) to heapauxi.o(.text) for __use_two_region_memory
    startup_stm32f40_41xxx.o(RESET) refers to startup_stm32f40_41xxx.o(STACK) for __initial_sp
    startup_stm32f40_41xxx.o(RESET) refers to startup_stm32f40_41xxx.o(.text) for Reset_Handler
    startup_stm32f40_41xxx.o(RESET) refers to stm32f4xx_it.o(.text) for NMI_Handler
    startup_stm32f40_41xxx.o(RESET) refers to os_cpu_a.o(CODE) for PendSV_Handler
    startup_stm32f40_41xxx.o(RESET) refers to delay.o(.text) for SysTick_Handler
    startup_stm32f40_41xxx.o(RESET) refers to usart.o(.text) for USART1_IRQHandler
    startup_stm32f40_41xxx.o(.text) refers (Special) to heapauxi.o(.text) for __use_two_region_memory
    startup_stm32f40_41xxx.o(.text) refers to system_stm32f4xx.o(.text) for SystemInit
    startup_stm32f40_41xxx.o(.text) refers to __main.o(!!!main) for __main
    startup_stm32f40_41xxx.o(.text) refers to startup_stm32f40_41xxx.o(HEAP) for Heap_Mem
    startup_stm32f40_41xxx.o(.text) refers to startup_stm32f40_41xxx.o(STACK) for Stack_Mem
    stm32f4xx_gpio.o(.text) refers to stm32f4xx_rcc.o(.text) for RCC_AHB1PeriphResetCmd
    stm32f4xx_rcc.o(.text) refers to stm32f4xx_rcc.o(.data) for APBAHBPrescTable
    stm32f4xx_syscfg.o(.text) refers to stm32f4xx_rcc.o(.text) for RCC_APB2PeriphResetCmd
    stm32f4xx_usart.o(.text) refers to stm32f4xx_rcc.o(.text) for RCC_APB2PeriphResetCmd
    stm32f4xx_adc.o(.text) refers to stm32f4xx_rcc.o(.text) for RCC_APB2PeriphResetCmd
    stm32f4xx_tim.o(.text) refers to stm32f4xx_rcc.o(.text) for RCC_APB2PeriphResetCmd
    delay.o(.text) refers to os_core.o(.text) for OSSchedLock
    delay.o(.text) refers to os_time.o(.text) for OSTimeDly
    delay.o(.text) refers to misc.o(.text) for SysTick_CLKSourceConfig
    delay.o(.text) refers to os_var.o(.data) for OSRunning
    delay.o(.text) refers to delay.o(.data) for fac_us
    delay.o(.text) refers to os_cfg_app.o(.constdata) for OSCfg_TickRate_Hz
    usart.o(.rev16_text) refers (Special) to use_no_semi_2.o(.text) for __use_no_semihosting
    usart.o(.revsh_text) refers (Special) to use_no_semi_2.o(.text) for __use_no_semihosting
    usart.o(.text) refers (Special) to use_no_semi_2.o(.text) for __use_no_semihosting
    usart.o(.text) refers to stm32f4xx_rcc.o(.text) for RCC_AHB1PeriphClockCmd
    usart.o(.text) refers to stm32f4xx_gpio.o(.text) for GPIO_PinAFConfig
    usart.o(.text) refers to stm32f4xx_usart.o(.text) for USART_Init
    usart.o(.text) refers to misc.o(.text) for NVIC_Init
[...]
    UART4_IRQHandler                         0x08000b63   Thumb Code     0  startup_stm32f40_41xxx.o(.text)
    UART5_IRQHandler                         0x08000b63   Thumb Code     0  startup_stm32f40_41xxx.o(.text)
    USART2_IRQHandler                        0x08000b63   Thumb Code     0  startup_stm32f40_41xxx.o(.text)
    USART3_IRQHandler                        0x08000b63   Thumb Code     0  startup_stm32f40_41xxx.o(.text)
    USART6_IRQHandler                        0x08000b63   Thumb Code     0  startup_stm32f40_41xxx.o(.text)
    WWDG_IRQHandler                          0x08000b63   Thumb Code     0  startup_stm32f40_41xxx.o(.text)
    __user_initial_stackheap                 0x08000b65   Thumb Code     0  startup_stm32f40_41xxx.o(.text)
    NVIC_PriorityGroupConfig                 0x08000b89   Thumb Code    10  misc.o(.text)
    NVIC_Init                                0x08000b93   Thumb Code   106  misc.o(.text)
    NVIC_SetVectorTable                      0x08000bfd   Thumb Code    14  misc.o(.text)
    NVIC_SystemLPConfig                      0x08000c0b   Thumb Code    34  misc.o(.text)
    SysTick_CLKSourceConfig                  0x08000c2d   Thumb Code    40  misc.o(.text)
    GPIO_DeInit                              0x08000c69   Thumb Code   268  stm32f4xx_gpio.o(.text)
    GPIO_Init                                0x08000d75   Thumb Code   144  stm32f4xx_gpio.o(.text)
    GPIO_StructInit                          0x08000e05   Thumb Code    18  stm32f4xx_gpio.o(.text)
    GPIO_PinLockConfig                       0x08000e17   Thumb Code    34  stm32f4xx_gpio.o(.text)
    GPIO_ReadInputDataBit                    0x08000e39   Thumb Code    18  stm32f4xx_gpio.o(.text)
    GPIO_ReadInputData                       0x08000e4b   Thumb Code     8  stm32f4xx_gpio.o(.text)
    GPIO_ReadOutputDataBit                   0x08000e53   Thumb Code    18  stm32f4xx_gpio.o(.text)
    GPIO_ReadOutputData                      0x08000e65   Thumb Code     8  stm32f4xx_gpio.o(.text)
    GPIO_SetBits                             0x08000e6d   Thumb Code     4  stm32f4xx_gpio.o(.text)
    GPIO_ResetBits                           0x08000e71   Thumb Code     4  stm32f4xx_gpio.o(.text)
    GPIO_WriteBit                            0x08000e75   Thumb Code    10  stm32f4xx_gpio.o(.text)
    GPIO_Write                               0x08000e7f   Thumb Code     4  stm32f4xx_gpio.o(.text)
    GPIO_ToggleBits                          0x08000e83   Thumb Code     8  stm32f4xx_gpio.o(.text)
    GPIO_PinAFConfig                         0x08000e8b   Thumb Code    70  stm32f4xx_gpio.o(.text)
    RCC_DeInit                               0x08000efd   Thumb Code    82  stm32f4xx_rcc.o(.text)
    RCC_HSEConfig                            0x08000f4f   Thumb Code    14  stm32f4xx_rcc.o(.text)
    RCC_GetFlagStatus                        0x08000f5d   Thumb Code    60  stm32f4xx_rcc.o(.text)
    RCC_WaitForHSEStartUp                    0x08000f99   Thumb Code    56  stm32f4xx_rcc.o(.text)
    RCC_AdjustHSICalibrationValue            0x08000fd1   Thumb Code    20  stm32f4xx_rcc.o(.text)
    RCC_HSICmd                               0x08000fe5   Thumb Code     6  stm32f4xx_rcc.o(.text)
    RCC_LSEConfig                            0x08000feb   Thumb Code    46  stm32f4xx_rcc.o(.text)
    RCC_LSICmd                               0x08001019   Thumb Code     6  stm32f4xx_rcc.o(.text)
    RCC_PLLConfig                            0x0800101f   Thumb Code    32  stm32f4xx_rcc.o(.text)
    RCC_PLLCmd                               0x0800103f   Thumb Code     6  stm32f4xx_rcc.o(.text)
    RCC_PLLI2SConfig                         0x08001045   Thumb Code    14  stm32f4xx_rcc.o(.text)
    RCC_PLLI2SCmd                            0x08001053   Thumb Code     6  stm32f4xx_rcc.o(.text)
    RCC_PLLSAIConfig                         0x08001059   Thumb Code    20  stm32f4xx_rcc.o(.text)
    RCC_PLLSAICmd                            0x0800106d   Thumb Code     6  stm32f4xx_rcc.o(.text)
    RCC_ClockSecuritySystemCmd               0x08001073   Thumb Code     6  stm32f4xx_rcc.o(.text)
    RCC_MCO1Config                           0x08001079   Thumb Code    28  stm32f4xx_rcc.o(.text)
    RCC_MCO2Config                           0x08001095   Thumb Code    28  stm32f4xx_rcc.o(.text)
    RCC_SYSCLKConfig                         0x080010b1   Thumb Code    20  stm32f4xx_rcc.o(.text)
    RCC_GetSYSCLKSource                      0x080010c5   Thumb Code    12  stm32f4xx_rcc.o(.text)
    RCC_HCLKConfig                           0x080010d1   Thumb Code    20  stm32f4xx_rcc.o(.text)
    RCC_PCLK1Config                          0x080010e5   Thumb Code    20  stm32f4xx_rcc.o(.text)
    RCC_PCLK2Config                          0x080010f9   Thumb Code    22  stm32f4xx_rcc.o(.text)
    RCC_GetClocksFreq                        0x0800110f   Thumb Code   222  stm32f4xx_rcc.o(.text)
    RCC_RTCCLKConfig                         0x080011ed   Thumb Code    54  stm32f4xx_rcc.o(.text)
    RCC_RTCCLKCmd                            0x08001223   Thumb Code     8  stm32f4xx_rcc.o(.text)
    RCC_BackupResetCmd                       0x0800122b   Thumb Code     8  stm32f4xx_rcc.o(.text)
    RCC_I2SCLKConfig                         0x08001233   Thumb Code     6  stm32f4xx_rcc.o(.text)
    RCC_SAIPLLI2SClkDivConfig                0x08001239   Thumb Code    26  stm32f4xx_rcc.o(.text)
    RCC_SAIPLLSAIClkDivConfig                0x08001253   Thumb Code    28  stm32f4xx_rcc.o(.text)
    RCC_SAIBlockACLKConfig                   0x0800126f   Thumb Code    20  stm32f4xx_rcc.o(.text)
    RCC_SAIBlockBCLKConfig                   0x08001283   Thumb Code    20  stm32f4xx_rcc.o(.text)
    RCC_LTDCCLKDivConfig                     0x08001297   Thumb Code    20  stm32f4xx_rcc.o(.text)
    RCC_TIMCLKPresConfig                     0x080012ab   Thumb Code     6  stm32f4xx_rcc.o(.text)
    RCC_AHB1PeriphClockCmd                   0x080012b1   Thumb Code    34  stm32f4xx_rcc.o(.text)
    RCC_AHB2PeriphClockCmd                   0x080012d3   Thumb Code    78  stm32f4xx_rcc.o(.text)
    RCC_AHB3PeriphClockCmd                   0x08001321   Thumb Code    34  stm32f4xx_rcc.o(.text)
    RCC_APB1PeriphClockCmd                   0x08001343   Thumb Code    34  stm32f4xx_rcc.o(.text)
    RCC_APB2PeriphClockCmd                   0x08001365   Thumb Code    34  stm32f4xx_rcc.o(.text)
    RCC_AHB1PeriphResetCmd                   0x08001387   Thumb Code    34  stm32f4xx_rcc.o(.text)
    RCC_AHB2PeriphResetCmd                   0x080013a9   Thumb Code    34  stm32f4xx_rcc.o(.text)
    RCC_AHB3PeriphResetCmd                   0x080013cb   Thumb Code    34  stm32f4xx_rcc.o(.text)
    RCC_APB1PeriphResetCmd                   0x080013ed   Thumb Code    34  stm32f4xx_rcc.o(.text)
    RCC_APB2PeriphResetCmd                   0x0800140f   Thumb Code    34  stm32f4xx_rcc.o(.text)
    RCC_AHB1PeriphClockLPModeCmd             0x08001431   Thumb Code    34  stm32f4xx_rcc.o(.text)
    RCC_AHB2PeriphClockLPModeCmd             0x08001453   Thumb Code    34  stm32f4xx_rcc.o(.text)
    RCC_AHB3PeriphClockLPModeCmd             0x08001475   Thumb Code    34  stm32f4xx_rcc.o(.text)
    RCC_APB1PeriphClockLPModeCmd             0x08001497   Thumb Code    34  stm32f4xx_rcc.o(.text)
    RCC_APB2PeriphClockLPModeCmd             0x080014b9   Thumb Code    34  stm32f4xx_rcc.o(.text)
    RCC_LSEModeConfig                        0x080014db   Thumb Code    40  stm32f4xx_rcc.o(.text)
    RCC_ITConfig                             0x08001503   Thumb Code    34  stm32f4xx_rcc.o(.text)
    RCC_ClearFlag                            0x08001525   Thumb Code    18  stm32f4xx_rcc.o(.text)
    RCC_GetITStatus                          0x08001537   Thumb Code    22  stm32f4xx_rcc.o(.text)
    RCC_ClearITPendingBit                    0x0800154d   Thumb Code     8  stm32f4xx_rcc.o(.text)
    USART_DeInit                             0x08001559   Thumb Code   206  stm32f4xx_usart.o(.text)
    USART_Init                               0x08001627   Thumb Code   204  stm32f4xx_usart.o(.text)
    USART_StructInit                         0x080016f3   Thumb Code    24  stm32f4xx_usart.o(.text)
    USART_ClockInit                          0x0800170b   Thumb Code    32  stm32f4xx_usart.o(.text)
    USART_ClockStructInit                    0x0800172b   Thumb Code    12  stm32f4xx_usart.o(.text)
    USART_Cmd                                0x08001737   Thumb Code    24  stm32f4xx_usart.o(.text)
    USART_SetPrescaler                       0x0800174f   Thumb Code    16  stm32f4xx_usart.o(.text)
    USART_OverSampling8Cmd                   0x0800175f   Thumb Code    22  stm32f4xx_usart.o(.text)
    USART_OneBitMethodCmd                    0x08001775   Thumb Code    24  stm32f4xx_usart.o(.text)
    USART_SendData                           0x0800178d   Thumb Code     8  stm32f4xx_usart.o(.text)
    USART_ReceiveData                        0x08001795   Thumb Code    10  stm32f4xx_usart.o(.text)
    USART_SetAddress                         0x0800179f   Thumb Code    18  stm32f4xx_usart.o(.text)
    USART_ReceiverWakeUpCmd                  0x080017b1   Thumb Code    24  stm32f4xx_usart.o(.text)
    USART_WakeUpConfig                       0x080017c9   Thumb Code    18  stm32f4xx_usart.o(.text)
    USART_LINBreakDetectLengthConfig         0x080017db   Thumb Code    18  stm32f4xx_usart.o(.text)
    USART_LINCmd                             0x080017ed   Thumb Code    24  stm32f4xx_usart.o(.text)
    USART_SendBreak                          0x08001805   Thumb Code    10  stm32f4xx_usart.o(.text)
    USART_HalfDuplexCmd                      0x0800180f   Thumb Code    24  stm32f4xx_usart.o(.text)
    USART_SetGuardTime                       0x08001827   Thumb Code    16  stm32f4xx_usart.o(.text)
    USART_SmartCardCmd                       0x08001837   Thumb Code    24  stm32f4xx_usart.o(.text)
    USART_SmartCardNACKCmd                   0x0800184f   Thumb Code    24  stm32f4xx_usart.o(.text)
    USART_IrDAConfig                         0x08001867   Thumb Code    18  stm32f4xx_usart.o(.text)
    USART_IrDACmd                            0x08001879   Thumb Code    24  stm32f4xx_usart.o(.text)
    USART_DMACmd                             0x08001891   Thumb Code    18  stm32f4xx_usart.o(.text)
    USART_ITConfig                           0x080018a3   Thumb Code    74  stm32f4xx_usart.o(.text)
    USART_GetFlagStatus                      0x080018ed   Thumb Code    26  stm32f4xx_usart.o(.text)
    USART_ClearFlag                          0x08001907   Thumb Code    18  stm32f4xx_usart.o(.text)
    USART_GetITStatus                        0x08001919   Thumb Code   118  stm32f4xx_usart.o(.text)
    USART_ClearITPendingBit                  0x0800198f   Thumb Code    30  stm32f4xx_usart.o(.text)
    ADC_DeInit                               0x080019ad   Thumb Code    22  stm32f4xx_adc.o(.text)
    ADC_Init                                 0x080019c3   Thumb Code    74  stm32f4xx_adc.o(.text)
    ADC_StructInit                           0x08001a0d   Thumb Code    20  stm32f4xx_adc.o(.text)
    ADC_CommonInit                           0x08001a21   Thumb Code    34  stm32f4xx_adc.o(.text)
    ADC_CommonStructInit                     0x08001a43   Thumb Code    12  stm32f4xx_adc.o(.text)
    ADC_Cmd                                  0x08001a4f   Thumb Code    22  stm32f4xx_adc.o(.text)
    ADC_AnalogWatchdogCmd                    0x08001a65   Thumb Code    16  stm32f4xx_adc.o(.text)
    ADC_AnalogWatchdogThresholdsConfig       0x08001a75   Thumb Code     6  stm32f4xx_adc.o(.text)
    ADC_AnalogWatchdogSingleChannelConfig    0x08001a7b   Thumb Code    16  stm32f4xx_adc.o(.text)
    ADC_TempSensorVrefintCmd                 0x08001a8b   Thumb Code    34  stm32f4xx_adc.o(.text)
    ADC_VBATCmd                              0x08001aad   Thumb Code    34  stm32f4xx_adc.o(.text)
    ADC_RegularChannelConfig                 0x08001acf   Thumb Code   184  stm32f4xx_adc.o(.text)
    ADC_SoftwareStartConv                    0x08001b87   Thumb Code    10  stm32f4xx_adc.o(.text)
    ADC_GetSoftwareStartConvStatus           0x08001b91   Thumb Code    20  stm32f4xx_adc.o(.text)
    ADC_EOCOnEachRegularChannelCmd           0x08001ba5   Thumb Code    22  stm32f4xx_adc.o(.text)
    ADC_ContinuousModeCmd                    0x08001bbb   Thumb Code    22  stm32f4xx_adc.o(.text)
    ADC_DiscModeChannelCountConfig           0x08001bd1   Thumb Code    24  stm32f4xx_adc.o(.text)
    ADC_DiscModeCmd                          0x08001be9   Thumb Code    22  stm32f4xx_adc.o(.text)
    ADC_GetConversionValue                   0x08001bff   Thumb Code     8  stm32f4xx_adc.o(.text)
    ADC_GetMultiModeConversionValue          0x08001c07   Thumb Code     8  stm32f4xx_adc.o(.text)
    ADC_DMACmd                               0x08001c0f   Thumb Code    22  stm32f4xx_adc.o(.text)
    ADC_DMARequestAfterLastTransferCmd       0x08001c25   Thumb Code    22  stm32f4xx_adc.o(.text)
    ADC_MultiModeDMARequestAfterLastTransferCmd 0x08001c3b   Thumb Code    34  stm32f4xx_adc.o(.text)
    ADC_InjectedChannelConfig                0x08001c5d   Thumb Code   130  stm32f4xx_adc.o(.text)
    ADC_InjectedSequencerLengthConfig        0x08001cdf   Thumb Code    24  stm32f4xx_adc.o(.text)
    ADC_SetInjectedOffset                    0x08001cf7   Thumb Code    20  stm32f4xx_adc.o(.text)
    ADC_ExternalTrigInjectedConvConfig       0x08001d0b   Thumb Code    16  stm32f4xx_adc.o(.text)
    ADC_ExternalTrigInjectedConvEdgeConfig   0x08001d1b   Thumb Code    16  stm32f4xx_adc.o(.text)
    ADC_SoftwareStartInjectedConv            0x08001d2b   Thumb Code    10  stm32f4xx_adc.o(.text)
    ADC_GetSoftwareStartInjectedConvCmdStatus 0x08001d35   Thumb Code    20  stm32f4xx_adc.o(.text)
    ADC_AutoInjectedConvCmd                  0x08001d49   Thumb Code    22  stm32f4xx_adc.o(.text)
    ADC_InjectedDiscModeCmd                  0x08001d5f   Thumb Code    22  stm32f4xx_adc.o(.text)
    ADC_GetInjectedConversionValue           0x08001d75   Thumb Code    28  stm32f4xx_adc.o(.text)
    ADC_ITConfig                             0x08001d91   Thumb Code    56  stm32f4xx_adc.o(.text)
    ADC_GetFlagStatus                        0x08001dc9   Thumb Code    18  stm32f4xx_adc.o(.text)
    ADC_ClearFlag                            0x08001ddb   Thumb Code     6  stm32f4xx_adc.o(.text)
    ADC_GetITStatus                          0x08001de1   Thumb Code    38  stm32f4xx_adc.o(.text)
    ADC_ClearITPendingBit                    0x08001e07   Thumb Code    10  stm32f4xx_adc.o(.text)
    TIM_DeInit                               0x08001e11   Thumb Code   346  stm32f4xx_tim.o(.text)
    TIM_TimeBaseInit                         0x08001f6b   Thumb Code   104  stm32f4xx_tim.o(.text)
    TIM_TimeBaseStructInit                   0x08001fd3   Thumb Code    18  stm32f4xx_tim.o(.text)
    TIM_PrescalerConfig                      0x08001fe5   Thumb Code     6  stm32f4xx_tim.o(.text)
    TIM_CounterModeConfig                    0x08001feb   Thumb Code    18  stm32f4xx_tim.o(.text)
    TIM_SetCounter                           0x08001ffd   Thumb Code     4  stm32f4xx_tim.o(.text)
    TIM_SetAutoreload                        0x08002001   Thumb Code     4  stm32f4xx_tim.o(.text)
    TIM_GetCounter                           0x08002005   Thumb Code     6  stm32f4xx_tim.o(.text)
    TIM_GetPrescaler                         0x0800200b   Thumb Code     6  stm32f4xx_tim.o(.text)
    TIM_UpdateDisableConfig                  0x08002011   Thumb Code    24  stm32f4xx_tim.o(.text)
    TIM_UpdateRequestConfig                  0x08002029   Thumb Code    24  stm32f4xx_tim.o(.text)
    TIM_ARRPreloadConfig                     0x08002041   Thumb Code    24  stm32f4xx_tim.o(.text)
    TIM_SelectOnePulseMode                   0x08002059   Thumb Code    18  stm32f4xx_tim.o(.text)
    TIM_SetClockDivision                     0x0800206b   Thumb Code    18  stm32f4xx_tim.o(.text)
    TIM_Cmd                                  0x0800207d   Thumb Code    24  stm32f4xx_tim.o(.text)
    TIM_OC1Init                              0x08002095   Thumb Code   114  stm32f4xx_tim.o(.text)
    TIM_OC2Init                              0x08002107   Thumb Code   154  stm32f4xx_tim.o(.text)
    TIM_OC3Init                              0x080021a1   Thumb Code   204  stm32f4xx_tim.o(.text)
    TIM_OC4Init                              0x0800226d   Thumb Code   112  stm32f4xx_tim.o(.text)
    TIM_OCStructInit                         0x080022dd   Thumb Code    20  stm32f4xx_tim.o(.text)
    TIM_SelectOCxM                           0x080022f1   Thumb Code    86  stm32f4xx_tim.o(.text)
    TIM_SetCompare1                          0x08002347   Thumb Code     4  stm32f4xx_tim.o(.text)
    TIM_SetCompare2                          0x0800234b   Thumb Code     4  stm32f4xx_tim.o(.text)
    TIM_SetCompare3                          0x0800234f   Thumb Code     4  stm32f4xx_tim.o(.text)
    TIM_SetCompare4                          0x08002353   Thumb Code     4  stm32f4xx_tim.o(.text)
    TIM_ForcedOC1Config                      0x08002357   Thumb Code    18  stm32f4xx_tim.o(.text)
    TIM_ForcedOC2Config                      0x08002369   Thumb Code    26  stm32f4xx_tim.o(.text)
    TIM_ForcedOC3Config                      0x08002383   Thumb Code    18  stm32f4xx_tim.o(.text)
    TIM_ForcedOC4Config                      0x08002395   Thumb Code    26  stm32f4xx_tim.o(.text)
    TIM_OC1PreloadConfig                     0x080023af   Thumb Code    18  stm32f4xx_tim.o(.text)
    TIM_OC2PreloadConfig                     0x080023c1   Thumb Code    26  stm32f4xx_tim.o(.text)
    TIM_OC3PreloadConfig                     0x080023db   Thumb Code    18  stm32f4xx_tim.o(.text)
    TIM_OC4PreloadConfig                     0x080023ed   Thumb Code    26  stm32f4xx_tim.o(.text)
    TIM_OC1FastConfig                        0x08002407   Thumb Code    18  stm32f4xx_tim.o(.text)
    TIM_OC2FastConfig                        0x08002419   Thumb Code    26  stm32f4xx_tim.o(.text)
    TIM_OC3FastConfig                        0x08002433   Thumb Code    18  stm32f4xx_tim.o(.text)
    TIM_OC4FastConfig                        0x08002445   Thumb Code    26  stm32f4xx_tim.o(.text)
    TIM_ClearOC1Ref                          0x0800245f   Thumb Code    18  stm32f4xx_tim.o(.text)
    TIM_ClearOC2Ref                          0x08002471   Thumb Code    24  stm32f4xx_tim.o(.text)
    TIM_ClearOC3Ref                          0x08002489   Thumb Code    18  stm32f4xx_tim.o(.text)
    TIM_ClearOC4Ref                          0x0800249b   Thumb Code    24  stm32f4xx_tim.o(.text)
    TIM_OC1PolarityConfig                    0x080024b3   Thumb Code    18  stm32f4xx_tim.o(.text)
    TIM_OC1NPolarityConfig                   0x080024c5   Thumb Code    18  stm32f4xx_tim.o(.text)
    TIM_OC2PolarityConfig                    0x080024d7   Thumb Code    26  stm32f4xx_tim.o(.text)
    TIM_OC2NPolarityConfig                   0x080024f1   Thumb Code    26  stm32f4xx_tim.o(.text)
    TIM_OC3PolarityConfig                    0x0800250b   Thumb Code    26  stm32f4xx_tim.o(.text)
    TIM_OC3NPolarityConfig                   0x08002525   Thumb Code    26  stm32f4xx_tim.o(.text)
    TIM_OC4PolarityConfig                    0x0800253f   Thumb Code    26  stm32f4xx_tim.o(.text)
    TIM_CCxCmd                               0x08002559   Thumb Code    30  stm32f4xx_tim.o(.text)
    TIM_CCxNCmd                              0x08002577   Thumb Code    30  stm32f4xx_tim.o(.text)
    TIM_SetIC4Prescaler                      0x08002595   Thumb Code    26  stm32f4xx_tim.o(.text)
    TIM_SetIC3Prescaler                      0x080025ff   Thumb Code    18  stm32f4xx_tim.o(.text)
    TIM_SetIC2Prescaler                      0x08002659   Thumb Code    26  stm32f4xx_tim.o(.text)
    TIM_SetIC1Prescaler                      0x080026cd   Thumb Code    18  stm32f4xx_tim.o(.text)
    TIM_ICInit                               0x08002719   Thumb Code   110  stm32f4xx_tim.o(.text)
    TIM_ICStructInit                         0x08002787   Thumb Code    18  stm32f4xx_tim.o(.text)
    TIM_PWMIConfig                           0x08002799   Thumb Code   124  stm32f4xx_tim.o(.text)
    TIM_GetCapture1                          0x08002815   Thumb Code     6  stm32f4xx_tim.o(.text)
    TIM_GetCapture2                          0x0800281b   Thumb Code     6  stm32f4xx_tim.o(.text)
    TIM_GetCapture3                          0x08002821   Thumb Code     6  stm32f4xx_tim.o(.text)
    TIM_GetCapture4                          0x08002827   Thumb Code     6  stm32f4xx_tim.o(.text)
    TIM_BDTRConfig                           0x0800282d   Thumb Code    32  stm32f4xx_tim.o(.text)
    TIM_BDTRStructInit                       0x0800284d   Thumb Code    18  stm32f4xx_tim.o(.text)
    TIM_CtrlPWMOutputs                       0x0800285f   Thumb Code    30  stm32f4xx_tim.o(.text)
    TIM_SelectCOM                            0x0800287d   Thumb Code    24  stm32f4xx_tim.o(.text)
    TIM_CCPreloadControl                     0x08002895   Thumb Code    24  stm32f4xx_tim.o(.text)
    TIM_ITConfig                             0x080028ad   Thumb Code    18  stm32f4xx_tim.o(.text)
    TIM_GenerateEvent                        0x080028bf   Thumb Code     4  stm32f4xx_tim.o(.text)
    TIM_GetFlagStatus                        0x080028c3   Thumb Code    18  stm32f4xx_tim.o(.text)
    TIM_ClearFlag                            0x080028d5   Thumb Code     6  stm32f4xx_tim.o(.text)
    TIM_GetITStatus                          0x080028db   Thumb Code    34  stm32f4xx_tim.o(.text)
    TIM_ClearITPendingBit                    0x080028fd   Thumb Code     6  stm32f4xx_tim.o(.text)
    TIM_DMAConfig                            0x08002903   Thumb Code    10  stm32f4xx_tim.o(.text)
    TIM_DMACmd                               0x0800290d   Thumb Code    18  stm32f4xx_tim.o(.text)
    TIM_SelectCCDMA                          0x0800291f   Thumb Code    24  stm32f4xx_tim.o(.text)
    TIM_InternalClockConfig                  0x08002937   Thumb Code    12  stm32f4xx_tim.o(.text)
    TIM_SelectInputTrigger                   0x08002943   Thumb Code    18  stm32f4xx_tim.o(.text)
    TIM_ITRxExternalClockConfig              0x08002955   Thumb Code    24  stm32f4xx_tim.o(.text)
    TIM_TIxExternalClockConfig               0x0800296d   Thumb Code    62  stm32f4xx_tim.o(.text)
    TIM_ETRConfig                            0x080029ab   Thumb Code    28  stm32f4xx_tim.o(.text)
    TIM_ETRClockMode1Config                  0x080029c7   Thumb Code    54  stm32f4xx_tim.o(.text)
    TIM_ETRClockMode2Config                  0x080029fd   Thumb Code    32  stm32f4xx_tim.o(.text)
    TIM_SelectOutputTrigger                  0x08002a1d   Thumb Code    18  stm32f4xx_tim.o(.text)
    TIM_SelectSlaveMode                      0x08002a2f   Thumb Code    18  stm32f4xx_tim.o(.text)
    TIM_SelectMasterSlaveMode                0x08002a41   Thumb Code    18  stm32f4xx_tim.o(.text)
    TIM_EncoderInterfaceConfig               0x08002a53   Thumb Code    66  stm32f4xx_tim.o(.text)
    TIM_SelectHallSensor                     0x08002a95   Thumb Code    24  stm32f4xx_tim.o(.text)
    TIM_RemapConfig                          0x08002aad   Thumb Code     6  stm32f4xx_tim.o(.text)
    DMA_DeInit                               0x08002ab5   Thumb Code   324  stm32f4xx_dma.o(.text)
    DMA_Init                                 0x08002bf9   Thumb Code    82  stm32f4xx_dma.o(.text)
    DMA_StructInit                           0x08002c4b   Thumb Code    34  stm32f4xx_dma.o(.text)
    DMA_Cmd                                  0x08002c6d   Thumb Code    22  stm32f4xx_dma.o(.text)
    DMA_PeriphIncOffsetSizeConfig            0x08002c83   Thumb Code    22  stm32f4xx_dma.o(.text)
    DMA_FlowControllerConfig                 0x08002c99   Thumb Code    22  stm32f4xx_dma.o(.text)
    DMA_SetCurrDataCounter                   0x08002caf   Thumb Code     4  stm32f4xx_dma.o(.text)
    DMA_GetCurrDataCounter                   0x08002cb3   Thumb Code     8  stm32f4xx_dma.o(.text)
    DMA_DoubleBufferModeConfig               0x08002cbb   Thumb Code    24  stm32f4xx_dma.o(.text)
    DMA_DoubleBufferModeCmd                  0x08002cd3   Thumb Code    22  stm32f4xx_dma.o(.text)
    DMA_MemoryTargetConfig                   0x08002ce9   Thumb Code    10  stm32f4xx_dma.o(.text)
    DMA_GetCurrentMemoryTarget               0x08002cf3   Thumb Code    20  stm32f4xx_dma.o(.text)
    DMA_GetCmdStatus                         0x08002d07   Thumb Code    20  stm32f4xx_dma.o(.text)
    DMA_GetFIFOStatus                        0x08002d1b   Thumb Code    12  stm32f4xx_dma.o(.text)
    DMA_GetFlagStatus                        0x08002d27   Thumb Code    56  stm32f4xx_dma.o(.text)
    DMA_ClearFlag                            0x08002d5f   Thumb Code    40  stm32f4xx_dma.o(.text)
    DMA_ITConfig                             0x08002d87   Thumb Code    58  stm32f4xx_dma.o(.text)
    DMA_GetITStatus                          0x08002dc1   Thumb Code    84  stm32f4xx_dma.o(.text)
    DMA_ClearITPendingBit                    0x08002e15   Thumb Code    40  stm32f4xx_dma.o(.text)
    delay_osschedlock                        0x08002e5d   Thumb Code    10  delay.o(.text)
    delay_osschedunlock                      0x08002e67   Thumb Code    10  delay.o(.text)
    delay_ostimedly                          0x08002e71   Thumb Code    16  delay.o(.text)
    SysTick_Handler                          0x08002e81   Thumb Code    24  delay.o(.text)
    delay_init                               0x08002e99   Thumb Code    94  delay.o(.text)
    delay_us                                 0x08002ef7   Thumb Code    84  delay.o(.text)
    delay_ms                                 0x08002f4b   Thumb Code    66  delay.o(.text)
    _sys_exit                                0x08002fa5   Thumb Code     6  usart.o(.text)
    fputc                                    0x08002fab   Thumb Code    22  usart.o(.text)
    uart_init                                0x08002fc1   Thumb Code   172  usart.o(.text)
    USART1_IRQHandler                        0x0800306d   Thumb Code   130  usart.o(.text)
    BSP_CPU_ClkFreq                          0x08003101   Thumb Code    14  bsp.o(.text)
    CPU_TS_TmrInit                           0x0800310f   Thumb Code    44  bsp.o(.text)
    CPU_TS_TmrRd                             0x0800313b   Thumb Code     6  bsp.o(.text)
    CPU_TS32_to_uSec                         0x08003141   Thumb Code    54  bsp.o(.text)
    CPU_NameClr                              0x08003185   Thumb Code    42  cpu_core.o(.text)
    CPU_Init                                 0x080031c5   Thumb Code    12  cpu_core.o(.text)
    CPU_SW_Exception                         0x080031d1   Thumb Code     4  cpu_core.o(.text)
    CPU_NameGet                              0x080031d5   Thumb Code    70  cpu_core.o(.text)
    CPU_NameSet                              0x0800321b   Thumb Code    96  cpu_core.o(.text)
    CPU_TS_Get32                             0x0800327b   Thumb Code    12  cpu_core.o(.text)
    CPU_TS_Update                            0x08003287   Thumb Code     2  cpu_core.o(.text)
    CPU_TS_TmrFreqGet                        0x08003289   Thumb Code    30  cpu_core.o(.text)
    CPU_TS_TmrFreqSet                        0x080032a7   Thumb Code     6  cpu_core.o(.text)
    CPU_CntLeadZeros08                       0x080032ad   Thumb Code    18  cpu_core.o(.text)
    CPU_CntLeadZeros16                       0x080032bf   Thumb Code    18  cpu_core.o(.text)
    CPU_CntLeadZeros32                       0x080032d1   Thumb Code    18  cpu_core.o(.text)
    CPU_CntLeadZeros64                       0x080032e3   Thumb Code   188  cpu_core.o(.text)
    CPU_CntTrailZeros08                      0x0800339f   Thumb Code    22  cpu_core.o(.text)
    CPU_CntTrailZeros16                      0x080033b5   Thumb Code    22  cpu_core.o(.text)
    CPU_CntTrailZeros32                      0x080033cb   Thumb Code    22  cpu_core.o(.text)
    CPU_CntTrailZeros64                      0x080033e1   Thumb Code    62  cpu_core.o(.text)
    CPU_IntDis                               0x0800342d   Thumb Code     0  cpu_a.o(.text)
    CPU_IntEn                                0x08003431   Thumb Code     0  cpu_a.o(.text)
    CPU_SR_Save                              0x08003435   Thumb Code     0  cpu_a.o(.text)
    CPU_SR_Restore                           0x0800343d   Thumb Code     0  cpu_a.o(.text)
    CPU_WaitForInt                           0x08003443   Thumb Code     0  cpu_a.o(.text)
    CPU_WaitForExcept                        0x08003447   Thumb Code     0  cpu_a.o(.text)
    CPU_CntLeadZeros                         0x0800344b   Thumb Code     0  cpu_a.o(.text)
    CPU_CntTrailZeros                        0x08003451   Thumb Code     0  cpu_a.o(.text)
    CPU_RevBits                              0x0800345b   Thumb Code     0  cpu_a.o(.text)
    ASCII_IsAlpha                            0x08003461   Thumb Code    48  lib_ascii.o(.text)
    ASCII_IsAlphaNum                         0x08003491   Thumb Code    76  lib_ascii.o(.text)
    ASCII_IsLower                            0x080034dd   Thumb Code    20  lib_ascii.o(.text)
    ASCII_IsUpper                            0x080034f1   Thumb Code    20  lib_ascii.o(.text)
    ASCII_IsDig                              0x08003505   Thumb Code    20  lib_ascii.o(.text)
    ASCII_IsDigOct                           0x08003519   Thumb Code    20  lib_ascii.o(.text)
    ASCII_IsDigHex                           0x0800352d   Thumb Code    36  lib_ascii.o(.text)
    ASCII_IsBlank                            0x08003551   Thumb Code    20  lib_ascii.o(.text)
    ASCII_IsSpace                            0x08003565   Thumb Code    36  lib_ascii.o(.text)
    ASCII_IsPrint                            0x08003589   Thumb Code    20  lib_ascii.o(.text)
    ASCII_IsGraph                            0x0800359d   Thumb Code    20  lib_ascii.o(.text)
    ASCII_IsPunct                            0x080035b1   Thumb Code   134  lib_ascii.o(.text)
    ASCII_IsCtrl                             0x08003637   Thumb Code    26  lib_ascii.o(.text)
    ASCII_ToLower                            0x08003651   Thumb Code    32  lib_ascii.o(.text)
    ASCII_ToUpper                            0x08003671   Thumb Code    32  lib_ascii.o(.text)
    ASCII_Cmp                                0x08003691   Thumb Code    38  lib_ascii.o(.text)
    Mem_Init                                 0x080036b9   Thumb Code    54  lib_mem.o(.text)
    Mem_Set                                  0x080036ef   Thumb Code    84  lib_mem.o(.text)
    Mem_Clr                                  0x08003743   Thumb Code    18  lib_mem.o(.text)
    Mem_Move                                 0x08003755   Thumb Code   186  lib_mem.o(.text)
    Mem_Cmp                                  0x0800380f   Thumb Code   192  lib_mem.o(.text)
    Mem_HeapAlloc                            0x08003947   Thumb Code   168  lib_mem.o(.text)
    Mem_SegGetSizeRem                        0x080039ef   Thumb Code   108  lib_mem.o(.text)
    Mem_HeapGetSizeRem                       0x08003a5b   Thumb Code    22  lib_mem.o(.text)
    Mem_PoolClr                              0x08003a71   Thumb Code    80  lib_mem.o(.text)
    Mem_PoolCreate                           0x08003ac1   Thumb Code   838  lib_mem.o(.text)
    Mem_PoolBlkGetNbrAvail                   0x08003e07   Thumb Code    52  lib_mem.o(.text)
    Mem_PoolBlkGet                           0x08003e3b   Thumb Code   126  lib_mem.o(.text)
    Mem_PoolBlkGetUsedAtIx                   0x08003eb9   Thumb Code   140  lib_mem.o(.text)
    Mem_PoolBlkFree                          0x08003f45   Thumb Code   152  lib_mem.o(.text)
    Mem_PoolBlkIxGet                         0x08003fdd   Thumb Code   162  lib_mem.o(.text)
    Str_Len_N                                0x08004081   Thumb Code    28  lib_str.o(.text)
    Str_Len                                  0x0800409d   Thumb Code    20  lib_str.o(.text)
    Str_Copy_N                               0x080040b1   Thumb Code    70  lib_str.o(.text)
    Str_Copy                                 0x080040f7   Thumb Code    24  lib_str.o(.text)
    Str_Cat_N                                0x0800410f   Thumb Code    90  lib_str.o(.text)
    Str_Cat                                  0x08004169   Thumb Code    24  lib_str.o(.text)
    Str_Cmp_N                                0x08004181   Thumb Code   156  lib_str.o(.text)
    Str_Cmp                                  0x0800421d   Thumb Code    24  lib_str.o(.text)
    Str_CmpIgnoreCase_N                      0x08004235   Thumb Code   264  lib_str.o(.text)
    Str_CmpIgnoreCase                        0x0800433d   Thumb Code    24  lib_str.o(.text)
    Str_Char_N                               0x08004355   Thumb Code    74  lib_str.o(.text)
    Str_Char                                 0x0800439f   Thumb Code    24  lib_str.o(.text)
    Str_Char_Last_N                          0x080043b7   Thumb Code    76  lib_str.o(.text)
    Str_Char_Last                            0x08004403   Thumb Code    24  lib_str.o(.text)
    Str_Char_Replace_N                       0x0800441b   Thumb Code    52  lib_str.o(.text)
    Str_Char_Replace                         0x0800444f   Thumb Code    28  lib_str.o(.text)
    Str_Str_N                                0x0800446b   Thumb Code   182  lib_str.o(.text)
    Str_Str                                  0x08004521   Thumb Code    24  lib_str.o(.text)
    Str_FmtNbr_Int32U                        0x08004715   Thumb Code    46  lib_str.o(.text)
    Str_FmtNbr_Int32S                        0x08004743   Thumb Code    62  lib_str.o(.text)
    Str_ParseNbr_Int32U                      0x0800493f   Thumb Code    30  lib_str.o(.text)
    Str_ParseNbr_Int32S                      0x0800495d   Thumb Code    74  lib_str.o(.text)
    Mem_Copy                                 0x080049ad   Thumb Code     0  lib_mem_a.o(.text)
    OSCfg_Init                               0x08004bcd   Thumb Code    86  os_cfg_app.o(.text)
    OS_IdleTask                              0x08004cc9   Thumb Code    60  os_core.o(.text)
    OS_IdleTaskInit                          0x08004d05   Thumb Code    68  os_core.o(.text)
    OS_RdyListInit                           0x08004d49   Thumb Code    32  os_core.o(.text)
    OSInit                                   0x08004d69   Thumb Code   300  os_core.o(.text)
    OSIntEnter                               0x08004e95   Thumb Code    34  os_core.o(.text)
    OSIntExit                                0x08004eb7   Thumb Code   188  os_core.o(.text)
    OSSched                                  0x08004f73   Thumb Code   130  os_core.o(.text)
    OS_SchedLockTimeMeasStart                0x08004ff5   Thumb Code    20  os_core.o(.text)
    OSSchedLock                              0x08005009   Thumb Code   104  os_core.o(.text)
    OS_SchedLockTimeMeasStop                 0x08005071   Thumb Code    44  os_core.o(.text)
    OSSchedUnlock                            0x0800509d   Thumb Code   286  os_core.o(.text)
    OSSchedRoundRobinCfg                     0x080051bb   Thumb Code    88  os_core.o(.text)
    OS_RdyListMoveHeadToTail                 0x08005213   Thumb Code    68  os_core.o(.text)
    OSSchedRoundRobinYield                   0x08005257   Thumb Code   164  os_core.o(.text)
    OSStart                                  0x080052fb   Thumb Code    78  os_core.o(.text)
    OSVersion                                0x08005349   Thumb Code    12  os_core.o(.text)
    OS_PendDbgNameAdd                        0x08005355   Thumb Code    66  os_core.o(.text)
    OS_PendListInsertPrio                    0x08005397   Thumb Code   102  os_core.o(.text)
    OS_PendDataInit                          0x080053fd   Thumb Code    38  os_core.o(.text)
    OS_RdyListRemove                         0x08005423   Thumb Code    86  os_core.o(.text)
    OS_TaskBlock                             0x08005479   Thumb Code    56  os_core.o(.text)
    OS_Pend                                  0x080054b1   Thumb Code    98  os_core.o(.text)
    OS_PendListRemove1                       0x08005513   Thumb Code   136  os_core.o(.text)
    OS_PendListRemove                        0x0800559b   Thumb Code    48  os_core.o(.text)
    OS_PendAbort1                            0x080055cb   Thumb Code    36  os_core.o(.text)
    OS_RdyListInsertHead                     0x080055ef   Thumb Code    58  os_core.o(.text)
    OS_RdyListInsertTail                     0x08005629   Thumb Code    56  os_core.o(.text)
    OS_RdyListInsert                         0x08005661   Thumb Code    40  os_core.o(.text)
    OS_TaskRdy                               0x08005689   Thumb Code    28  os_core.o(.text)
    OS_PendAbort                             0x080056a5   Thumb Code   166  os_core.o(.text)
    OS_PendDbgNameRemove                     0x0800574b   Thumb Code    34  os_core.o(.text)
    OS_PendListChangePrio                    0x0800576d   Thumb Code    70  os_core.o(.text)
    OS_PendListInit                          0x080057b3   Thumb Code    10  os_core.o(.text)
    OS_PendListInsertHead                    0x080057bd   Thumb Code    32  os_core.o(.text)
    OS_PendObjDel1                           0x080057dd   Thumb Code    36  os_core.o(.text)
    OS_PendObjDel                            0x08005801   Thumb Code   162  os_core.o(.text)
    OS_Post1                                 0x080058a3   Thumb Code    42  os_core.o(.text)
    OS_Post                                  0x080058cd   Thumb Code   192  os_core.o(.text)
    OS_Sched0                                0x0800598d   Thumb Code    68  os_core.o(.text)
    OS_SchedRoundRobin                       0x080059d1   Thumb Code   218  os_core.o(.text)
    OS_Dbg_Init                              0x08005ab9   Thumb Code   146  os_dbg.o(.text)
    OS_FlagDbgListAdd                        0x08005c69   Thumb Code    38  os_flag.o(.text)
    OSFlagCreate                             0x08005c8f   Thumb Code   172  os_flag.o(.text)
    OS_FlagClr                               0x08005d3b   Thumb Code    28  os_flag.o(.text)
    OS_FlagDbgListRemove                     0x08005d57   Thumb Code    44  os_flag.o(.text)
    OSFlagDel                                0x08005d83   Thumb Code   594  os_flag.o(.text)
    OS_FlagBlock                             0x08005fd5   Thumb Code    58  os_flag.o(.text)
    OSFlagPend                               0x0800600f   Thumb Code  1488  os_flag.o(.text)
    OSFlagPendAbort                          0x080065df   Thumb Code   292  os_flag.o(.text)
    OSFlagPendGetFlagsRdy                    0x08006703   Thumb Code    68  os_flag.o(.text)
    OS_FlagTaskRdy                           0x08006747   Thumb Code    86  os_flag.o(.text)
    OS_FlagPost                              0x0800679d   Thumb Code   570  os_flag.o(.text)
    OSFlagPost                               0x080069d7   Thumb Code   146  os_flag.o(.text)
    OS_FlagInit                              0x08006a69   Thumb Code    14  os_flag.o(.text)
    OS_IntQPost                              0x08006a91   Thumb Code   216  os_int.o(.text)
    OS_IntQRePost                            0x08006b69   Thumb Code   360  os_int.o(.text)
    OS_IntQTask                              0x08006cd1   Thumb Code   162  os_int.o(.text)
    OS_IntQTaskInit                          0x08006d73   Thumb Code   208  os_int.o(.text)
    OS_MemDbgListAdd                         0x08006ed5   Thumb Code    34  os_mem.o(.text)
    OSMemCreate                              0x08006ef7   Thumb Code   288  os_mem.o(.text)
    OSMemGet                                 0x08007017   Thumb Code   100  os_mem.o(.text)
    OSMemPut                                 0x0800707b   Thumb Code   112  os_mem.o(.text)
    OS_MemInit                               0x080070eb   Thumb Code    14  os_mem.o(.text)
    OS_MsgPoolCreate                         0x0800710d   Thumb Code    54  os_msg.o(.text)
    OS_MsgPoolInit                           0x08007143   Thumb Code    70  os_msg.o(.text)
    OS_MsgQFreeAll                           0x08007189   Thumb Code    62  os_msg.o(.text)
    OS_MsgQInit                              0x080071c7   Thumb Code    14  os_msg.o(.text)
    OS_MsgQGet                               0x080071d5   Thumb Code    98  os_msg.o(.text)
    OS_MsgQPut                               0x08007237   Thumb Code   246  os_msg.o(.text)
    OS_MutexDbgListAdd                       0x08007339   Thumb Code    38  os_mutex.o(.text)
    OSMutexCreate                            0x0800735f   Thumb Code   178  os_mutex.o(.text)
    OS_MutexClr                              0x08007411   Thumb Code    38  os_mutex.o(.text)
    OS_MutexDbgListRemove                    0x08007437   Thumb Code    44  os_mutex.o(.text)
    OSMutexDel                               0x08007463   Thumb Code   842  os_mutex.o(.text)
    OSMutexPend                              0x080077ad   Thumb Code   706  os_mutex.o(.text)
    OSMutexPendAbort                         0x08007a6f   Thumb Code   314  os_mutex.o(.text)
    OSMutexPost                              0x08007ba9   Thumb Code   564  os_mutex.o(.text)
    OS_MutexInit                             0x08007ddd   Thumb Code    14  os_mutex.o(.text)
    OS_PrioInit                              0x08007e0d   Thumb Code    20  os_prio.o(.text)
    OS_PrioGetHighest                        0x08007e21   Thumb Code    36  os_prio.o(.text)
    OS_PrioInsert                            0x08007e45   Thumb Code    32  os_prio.o(.text)
    OS_PrioRemove                            0x08007e65   Thumb Code    32  os_prio.o(.text)
    OS_QDbgListAdd                           0x08007e89   Thumb Code    38  os_q.o(.text)
    OSQCreate                                0x08007eaf   Thumb Code   186  os_q.o(.text)
    OS_QClr                                  0x08007f69   Thumb Code    40  os_q.o(.text)
    OS_QDbgListRemove                        0x08007f91   Thumb Code    44  os_q.o(.text)
    OSQDel                                   0x08007fbd   Thumb Code   362  os_q.o(.text)
    OSQFlush                                 0x08008127   Thumb Code   210  os_q.o(.text)
    OSQPend                                  0x080081f9   Thumb Code   538  os_q.o(.text)
    OSQPendAbort                             0x08008413   Thumb Code   292  os_q.o(.text)
    OS_QPost                                 0x08008537   Thumb Code   324  os_q.o(.text)
    OSQPost                                  0x0800867b   Thumb Code   198  os_q.o(.text)
    OS_QInit                                 0x08008741   Thumb Code    14  os_q.o(.text)
    OS_SemDbgListAdd                         0x08008761   Thumb Code    38  os_sem.o(.text)
    OSSemCreate                              0x08008787   Thumb Code   172  os_sem.o(.text)
    OS_SemClr                                0x08008833   Thumb Code    28  os_sem.o(.text)
    OS_SemDbgListRemove                      0x0800884f   Thumb Code    44  os_sem.o(.text)
    OSSemDel                                 0x0800887b   Thumb Code   362  os_sem.o(.text)
    OSSemPend                                0x080089e5   Thumb Code   504  os_sem.o(.text)
    OSSemPendAbort                           0x08008bdd   Thumb Code   292  os_sem.o(.text)
    OS_SemPost                               0x08008d01   Thumb Code   350  os_sem.o(.text)
    OSSemPost                                0x08008e5f   Thumb Code   144  os_sem.o(.text)
    OSSemSet                                 0x08008eef   Thumb Code   138  os_sem.o(.text)
    OS_SemInit                               0x08008f79   Thumb Code    14  os_sem.o(.text)
    OSStatReset                              0x08008f91   Thumb Code   270  os_stat.o(.text)
    OSStatTaskCPUUsageInit                   0x0800909f   Thumb Code   212  os_stat.o(.text)
    OS_StatTask                              0x08009173   Thumb Code   888  os_stat.o(.text)
    OS_StatTaskInit                          0x080094eb   Thumb Code   138  os_stat.o(.text)
    OSTaskChangePrio                         0x080095c9   Thumb Code   416  os_task.o(.text)
    OS_TaskDbgListAdd                        0x08009769   Thumb Code    42  os_task.o(.text)
    OS_TaskInitTCB                           0x08009793   Thumb Code   186  os_task.o(.text)
    OSTaskCreate                             0x0800984d   Thumb Code   616  os_task.o(.text)
    OS_TaskDbgListRemove                     0x08009ab5   Thumb Code    64  os_task.o(.text)
    OSTaskDel                                0x08009af5   Thumb Code   424  os_task.o(.text)
    OSTaskQFlush                             0x08009c9d   Thumb Code   214  os_task.o(.text)
    OSTaskQPend                              0x08009d73   Thumb Code   554  os_task.o(.text)
    OSTaskQPendAbort                         0x08009f9d   Thumb Code   242  os_task.o(.text)
    OS_TaskQPost                             0x0800a08f   Thumb Code   526  os_task.o(.text)
    OSTaskQPost                              0x0800a29d   Thumb Code   114  os_task.o(.text)
    OSTaskRegGet                             0x0800a30f   Thumb Code    78  os_task.o(.text)
    OSTaskRegGetID                           0x0800a35d   Thumb Code    84  os_task.o(.text)
    OSTaskRegSet                             0x0800a3b1   Thumb Code    78  os_task.o(.text)
    OS_TaskResume                            0x0800a3ff   Thumb Code   314  os_task.o(.text)
    OSTaskResume                             0x0800a539   Thumb Code   112  os_task.o(.text)
    OSTaskSemPend                            0x0800a5a9   Thumb Code   550  os_task.o(.text)
    OSTaskSemPendAbort                       0x0800a7cf   Thumb Code   270  os_task.o(.text)
    OS_TaskSemPost                           0x0800a8dd   Thumb Code  1224  os_task.o(.text)
    OSTaskSemPost                            0x0800ada5   Thumb Code    98  os_task.o(.text)
    OSTaskSemSet                             0x0800ae07   Thumb Code    80  os_task.o(.text)
    OSTaskStkChk                             0x0800ae57   Thumb Code   224  os_task.o(.text)
    OS_TaskSuspend                           0x0800af37   Thumb Code   328  os_task.o(.text)
    OSTaskSuspend                            0x0800b07f   Thumb Code    78  os_task.o(.text)
    OSTaskTimeQuantaSet                      0x0800b0cd   Thumb Code    96  os_task.o(.text)
    OS_TaskInit                              0x0800b12d   Thumb Code    18  os_task.o(.text)
    OS_TaskReturn                            0x0800b13f   Thumb Code    20  os_task.o(.text)
    OS_TickListRemove                        0x0800b17d   Thumb Code    56  os_tick.o(.text)
    OS_TickListUpdate                        0x0800b1b5   Thumb Code   480  os_tick.o(.text)
    OS_TickTask                              0x0800b395   Thumb Code    38  os_tick.o(.text)
    OS_TickListInit                          0x0800b3bb   Thumb Code    32  os_tick.o(.text)
    OS_TickTaskInit                          0x0800b3db   Thumb Code   130  os_tick.o(.text)
    OS_TickListInsert                        0x0800b45d   Thumb Code   502  os_tick.o(.text)
    OS_TickListResetPeak                     0x0800b653   Thumb Code    28  os_tick.o(.text)
    OSTimeDly                                0x0800b679   Thumb Code   266  os_time.o(.text)
    OSTimeDlyHMSM                            0x0800b783   Thumb Code   480  os_time.o(.text)
    OSTimeDlyResume                          0x0800b963   Thumb Code   466  os_time.o(.text)
    OSTimeGet                                0x0800bb35   Thumb Code    46  os_time.o(.text)
    OSTimeSet                                0x0800bb63   Thumb Code    46  os_time.o(.text)
    OSTimeTick                               0x0800bb91   Thumb Code    54  os_time.o(.text)
    OS_TmrDbgListAdd                         0x0800bbdd   Thumb Code    34  os_tmr.o(.text)
    OSTmrCreate                              0x0800bbff   Thumb Code   248  os_tmr.o(.text)
    OS_TmrClr                                0x0800bcf7   Thumb Code    36  os_tmr.o(.text)
    OS_TmrUnlink                             0x0800bd1b   Thumb Code    72  os_tmr.o(.text)
    OS_TmrDbgListRemove                      0x0800bd63   Thumb Code    44  os_tmr.o(.text)
    OSTmrDel                                 0x0800bd8f   Thumb Code   176  os_tmr.o(.text)
    OSTmrRemainGet                           0x0800be3f   Thumb Code   184  os_tmr.o(.text)
    OS_TmrLink                               0x0800bef7   Thumb Code   196  os_tmr.o(.text)
    OSTmrStart                               0x0800bfbb   Thumb Code   210  os_tmr.o(.text)
    OSTmrStateGet                            0x0800c08d   Thumb Code   134  os_tmr.o(.text)
    OSTmrStop                                0x0800c113   Thumb Code   232  os_tmr.o(.text)
    OS_TmrTask                               0x0800c1fb   Thumb Code   176  os_tmr.o(.text)
    OS_TmrInit                               0x0800c2ab   Thumb Code   208  os_tmr.o(.text)
    OS_TmrResetPeak                          0x0800c37b   Thumb Code    28  os_tmr.o(.text)
    OSIdleTaskHook                           0x0800c3f5   Thumb Code    16  os_cpu_c.o(.text)
    OSInitHook                               0x0800c405   Thumb Code    28  os_cpu_c.o(.text)
    OSStatTaskHook                           0x0800c421   Thumb Code    16  os_cpu_c.o(.text)
    OSTaskCreateHook                         0x0800c431   Thumb Code    20  os_cpu_c.o(.text)
    OSTaskDelHook                            0x0800c445   Thumb Code    20  os_cpu_c.o(.text)
    OSTaskReturnHook                         0x0800c459   Thumb Code    20  os_cpu_c.o(.text)
    OSTaskStkInit                            0x0800c46d   Thumb Code   600  os_cpu_c.o(.text)
    OSTaskSwHook                             0x0800c6c5   Thumb Code   120  os_cpu_c.o(.text)
    OSTimeTickHook                           0x0800c73d   Thumb Code    16  os_cpu_c.o(.text)
    OS_CPU_SysTickHandler                    0x0800c74d   Thumb Code    52  os_cpu_c.o(.text)
    OS_CPU_SysTickInit                       0x0800c781   Thumb Code    44  os_cpu_c.o(.text)
    __use_no_semihosting                     0x0800c7ed   Thumb Code     2  use_no_semi_2.o(.text)
    __aeabi_uldivmod                         0x0800c7ef   Thumb Code     0  lludivv7m.o(.text)
    _ll_udiv                                 0x0800c7ef   Thumb Code   238  lludivv7m.o(.text)
    __2printf                                0x0800c8dd   Thumb Code    20  noretval__2printf.o(.text)
    __printf                                 0x0800c8f5   Thumb Code   104  __printf.o(.text)
    _printf_int_dec                          0x0800c95d   Thumb Code   104  _printf_dec.o(.text)
    __use_two_region_memory                  0x0800c9d5   Thumb Code     2  heapauxi.o(.text)
    __rt_heap_escrow$2region                 0x0800c9d7   Thumb Code     2  heapauxi.o(.text)
    __rt_heap_expand$2region                 0x0800c9d9   Thumb Code     2  heapauxi.o(.text)
    __I$use$semihosting                      0x0800c9db   Thumb Code     0  use_no_semi.o(.text)
    __use_no_semihosting_swi                 0x0800c9db   Thumb Code     2  use_no_semi.o(.text)
    _printf_int_common                       0x0800c9dd   Thumb Code   178  _printf_intcommon.o(.text)
    _printf_char_file                        0x0800ca91   Thumb Code    32  _printf_char_file.o(.text)
    _printf_char_common                      0x0800cabf   Thumb Code    32  _printf_char_common.o(.text)
    ferror                                   0x0800cae5   Thumb Code     8  ferror.o(.text)
    __user_setup_stackheap                   0x0800caed   Thumb Code    74  sys_stackheap_outer.o(.text)
    exit                                     0x0800cb37   Thumb Code    18  exit.o(.text)
    __user_libspace                          0x0800cb49   Thumb Code     8  libspace.o(.text)
    __user_perproc_libspace                  0x0800cb49   Thumb Code     0  libspace.o(.text)
    __user_perthread_libspace                0x0800cb49   Thumb Code     0  libspace.o(.text)
    OSStartHighRdy                           0x0800cb51   Thumb Code     0  os_cpu_a.o(CODE)
    OSCtxSw                                  0x0800cb73   Thumb Code     0  os_cpu_a.o(CODE)
    OSIntCtxSw                               0x0800cb7d   Thumb Code     0  os_cpu_a.o(CODE)
    PendSV_Handler                           0x0800cb87   Thumb Code     0  os_cpu_a.o(CODE)
    _fp_init                                 0x0800cbfd   Thumb Code    10  fpinit.o(x$fpl$fpinit)
    __fplib_config_fpu_vfp                   0x0800cc05   Thumb Code     0  fpinit.o(x$fpl$fpinit)
    __fplib_config_pureend_doubles           0x0800cc05   Thumb Code     0  fpinit.o(x$fpl$fpinit)
    SampleFreqTable                          0x0800cc08   Data         168  bsp_adc.o(.constdata)
    CPU_EndiannessTest                       0x0800cdb0   Data           4  cpu_core.o(.constdata)
    OSCfg_IdleTaskStkBasePtr                 0x0800ce48   Data           4  os_cfg_app.o(.constdata)
    OSCfg_IdleTaskStkLimit                   0x0800ce4c   Data           4  os_cfg_app.o(.constdata)
    OSCfg_IdleTaskStkSize                    0x0800ce50   Data           4  os_cfg_app.o(.constdata)
    OSCfg_IdleTaskStkSizeRAM                 0x0800ce54   Data           4  os_cfg_app.o(.constdata)
    OSCfg_IntQBasePtr                        0x0800ce58   Data           4  os_cfg_app.o(.constdata)
    OSCfg_IntQSize                           0x0800ce5c   Data           2  os_cfg_app.o(.constdata)
    OSCfg_IntQSizeRAM                        0x0800ce60   Data           4  os_cfg_app.o(.constdata)
    OSCfg_IntQTaskStkBasePtr                 0x0800ce64   Data           4  os_cfg_app.o(.constdata)
    OSCfg_IntQTaskStkLimit                   0x0800ce68   Data           4  os_cfg_app.o(.constdata)
    OSCfg_IntQTaskStkSize                    0x0800ce6c   Data           4  os_cfg_app.o(.constdata)
    OSCfg_IntQTaskStkSizeRAM                 0x0800ce70   Data           4  os_cfg_app.o(.constdata)
    OSCfg_ISRStkBasePtr                      0x0800ce74   Data           4  os_cfg_app.o(.constdata)
    OSCfg_ISRStkSize                         0x0800ce78   Data           4  os_cfg_app.o(.constdata)
    OSCfg_ISRStkSizeRAM                      0x0800ce7c   Data           4  os_cfg_app.o(.constdata)
    OSCfg_MsgPoolSize                        0x0800ce80   Data           2  os_cfg_app.o(.constdata)
    OSCfg_MsgPoolSizeRAM                     0x0800ce84   Data           4  os_cfg_app.o(.constdata)
    OSCfg_MsgPoolBasePtr                     0x0800ce88   Data           4  os_cfg_app.o(.constdata)
    OSCfg_StatTaskPrio                       0x0800ce8c   Data           1  os_cfg_app.o(.constdata)
    OSCfg_StatTaskRate_Hz                    0x0800ce90   Data           4  os_cfg_app.o(.constdata)
    OSCfg_StatTaskStkBasePtr                 0x0800ce94   Data           4  os_cfg_app.o(.constdata)
    OSCfg_StatTaskStkLimit                   0x0800ce98   Data           4  os_cfg_app.o(.constdata)
    OSCfg_StatTaskStkSize                    0x0800ce9c   Data           4  os_cfg_app.o(.constdata)
    OSCfg_StatTaskStkSizeRAM                 0x0800cea0   Data           4  os_cfg_app.o(.constdata)
    OSCfg_StkSizeMin                         0x0800cea4   Data           4  os_cfg_app.o(.constdata)
    OSCfg_TickRate_Hz                        0x0800cea8   Data           4  os_cfg_app.o(.constdata)
    OSCfg_TickTaskPrio                       0x0800ceac   Data           1  os_cfg_app.o(.constdata)
    OSCfg_TickTaskStkBasePtr                 0x0800ceb0   Data           4  os_cfg_app.o(.constdata)
    OSCfg_TickTaskStkLimit                   0x0800ceb4   Data           4  os_cfg_app.o(.constdata)
    OSCfg_TickTaskStkSize                    0x0800ceb8   Data           4  os_cfg_app.o(.constdata)
    OSCfg_TickTaskStkSizeRAM                 0x0800cebc   Data           4  os_cfg_app.o(.constdata)
    OSCfg_TickWheelSize                      0x0800cec0   Data           2  os_cfg_app.o(.constdata)
    OSCfg_TickWheelSizeRAM                   0x0800cec4   Data           4  os_cfg_app.o(.constdata)
    OSCfg_TmrTaskPrio                        0x0800cec8   Data           1  os_cfg_app.o(.constdata)
    OSCfg_TmrTaskRate_Hz                     0x0800cecc   Data           4  os_cfg_app.o(.constdata)
    OSCfg_TmrTaskStkBasePtr                  0x0800ced0   Data           4  os_cfg_app.o(.constdata)
    OSCfg_TmrTaskStkLimit                    0x0800ced4   Data           4  os_cfg_app.o(.constdata)
    OSCfg_TmrTaskStkSize                     0x0800ced8   Data           4  os_cfg_app.o(.constdata)
    OSCfg_TmrTaskStkSizeRAM                  0x0800cedc   Data           4  os_cfg_app.o(.constdata)
    OSCfg_TmrWheelSize                       0x0800cee0   Data           2  os_cfg_app.o(.constdata)
    OSCfg_TmrWheelSizeRAM                    0x0800cee4   Data           4  os_cfg_app.o(.constdata)
    OSCfg_DataSizeRAM                        0x0800cee8   Data           4  os_cfg_app.o(.constdata)
    OSDbg_DbgEn                              0x0800ceec   Data           2  os_dbg.o(.constdata)
    OSDbg_ArgChkEn                           0x0800ceee   Data           1  os_dbg.o(.constdata)
    OSDbg_AppHooksEn                         0x0800ceef   Data           1  os_dbg.o(.constdata)
    OSDbg_EndiannessTest                     0x0800cef0   Data           4  os_dbg.o(.constdata)
    OSDbg_CalledFromISRChkEn                 0x0800cef4   Data           1  os_dbg.o(.constdata)
    OSDbg_FlagEn                             0x0800cef5   Data           1  os_dbg.o(.constdata)
    OSDbg_FlagGrp                            0x0800cef8   Data          40  os_dbg.o(.constdata)
    OSDbg_FlagDelEn                          0x0800cf20   Data           1  os_dbg.o(.constdata)
    OSDbg_FlagModeClrEn                      0x0800cf21   Data           1  os_dbg.o(.constdata)
    OSDbg_FlagPendAbortEn                    0x0800cf22   Data           1  os_dbg.o(.constdata)
    OSDbg_FlagGrpSize                        0x0800cf24   Data           2  os_dbg.o(.constdata)
    OSDbg_FlagWidth                          0x0800cf26   Data           2  os_dbg.o(.constdata)
    OSDbg_IntQ                               0x0800cf28   Data           2  os_dbg.o(.constdata)
    OSDbg_ISRPostDeferredEn                  0x0800cf2a   Data           1  os_dbg.o(.constdata)
    OSDbg_Mem                                0x0800cf2c   Data          32  os_dbg.o(.constdata)
    OSDbg_MemEn                              0x0800cf4c   Data           1  os_dbg.o(.constdata)
    OSDbg_MemSize                            0x0800cf4e   Data           2  os_dbg.o(.constdata)
    OSDbg_MsgEn                              0x0800cf50   Data           1  os_dbg.o(.constdata)
    OSDbg_MsgSize                            0x0800cf52   Data           2  os_dbg.o(.constdata)
    OSDbg_MsgPoolSize                        0x0800cf54   Data           2  os_dbg.o(.constdata)
    OSDbg_MsgQSize                           0x0800cf56   Data           2  os_dbg.o(.constdata)
    OSDbg_Mutex                              0x0800cf58   Data          44  os_dbg.o(.constdata)
    OSDbg_MutexEn                            0x0800cf84   Data           1  os_dbg.o(.constdata)
    OSDbg_MutexDelEn                         0x0800cf85   Data           1  os_dbg.o(.constdata)
    OSDbg_MutexPendAbortEn                   0x0800cf86   Data           1  os_dbg.o(.constdata)
    OSDbg_MutexSize                          0x0800cf88   Data           2  os_dbg.o(.constdata)
    OSDbg_ObjTypeChkEn                       0x0800cf8a   Data           1  os_dbg.o(.constdata)
    OSDbg_PendMultiEn                        0x0800cf8b   Data           1  os_dbg.o(.constdata)
    OSDbg_PendDataSize                       0x0800cf8c   Data           2  os_dbg.o(.constdata)
    OSDbg_PendListSize                       0x0800cf8e   Data           2  os_dbg.o(.constdata)
    OSDbg_PendObjSize                        0x0800cf90   Data           2  os_dbg.o(.constdata)
    OSDbg_PrioMax                            0x0800cf92   Data           2  os_dbg.o(.constdata)
    OSDbg_PrioTblSize                        0x0800cf94   Data           2  os_dbg.o(.constdata)
    OSDbg_PtrSize                            0x0800cf96   Data           2  os_dbg.o(.constdata)
    OSDbg_Q                                  0x0800cf98   Data          48  os_dbg.o(.constdata)
    OSDbg_QEn                                0x0800cfc8   Data           1  os_dbg.o(.constdata)
    OSDbg_QDelEn                             0x0800cfc9   Data           1  os_dbg.o(.constdata)
    OSDbg_QFlushEn                           0x0800cfca   Data           1  os_dbg.o(.constdata)
    OSDbg_QPendAbortEn                       0x0800cfcb   Data           1  os_dbg.o(.constdata)
    OSDbg_QSize                              0x0800cfcc   Data           2  os_dbg.o(.constdata)
    OSDbg_SchedRoundRobinEn                  0x0800cfce   Data           1  os_dbg.o(.constdata)
    OSDbg_Sem                                0x0800cfd0   Data          40  os_dbg.o(.constdata)
    OSDbg_SemEn                              0x0800cff8   Data           1  os_dbg.o(.constdata)
    OSDbg_SemDelEn                           0x0800cff9   Data           1  os_dbg.o(.constdata)
    OSDbg_SemPendAbortEn                     0x0800cffa   Data           1  os_dbg.o(.constdata)
    OSDbg_SemSetEn                           0x0800cffb   Data           1  os_dbg.o(.constdata)
    OSDbg_SemSize                            0x0800cffc   Data           2  os_dbg.o(.constdata)
    OSDbg_RdyList                            0x0800cffe   Data           2  os_dbg.o(.constdata)
    OSDbg_RdyListSize                        0x0800d000   Data           4  os_dbg.o(.constdata)
    OSDbg_StkWidth                           0x0800d004   Data           1  os_dbg.o(.constdata)
    OSDbg_StatTaskEn                         0x0800d005   Data           1  os_dbg.o(.constdata)
    OSDbg_StatTaskStkChkEn                   0x0800d006   Data           1  os_dbg.o(.constdata)
    OSDbg_TaskChangePrioEn                   0x0800d007   Data           1  os_dbg.o(.constdata)
    OSDbg_TaskDelEn                          0x0800d008   Data           1  os_dbg.o(.constdata)
    OSDbg_TaskQEn                            0x0800d009   Data           1  os_dbg.o(.constdata)
    OSDbg_TaskQPendAbortEn                   0x0800d00a   Data           1  os_dbg.o(.constdata)
    OSDbg_TaskProfileEn                      0x0800d00b   Data           1  os_dbg.o(.constdata)
    OSDbg_TaskRegTblSize                     0x0800d00c   Data           2  os_dbg.o(.constdata)
    OSDbg_TaskSemPendAbortEn                 0x0800d00e   Data           1  os_dbg.o(.constdata)
    OSDbg_TaskSuspendEn                      0x0800d00f   Data           1  os_dbg.o(.constdata)
    OSDbg_TCBSize                            0x0800d010   Data           2  os_dbg.o(.constdata)
    OSDbg_TickSpokeSize                      0x0800d012   Data           2  os_dbg.o(.constdata)
    OSDbg_TimeDlyHMSMEn                      0x0800d014   Data           1  os_dbg.o(.constdata)
    OSDbg_TimeDlyResumeEn                    0x0800d015   Data           1  os_dbg.o(.constdata)
    OSDbg_TLS_TblSize                        0x0800d016   Data           2  os_dbg.o(.constdata)
    OSDbg_Tmr                                0x0800d018   Data          52  os_dbg.o(.constdata)
    OSDbg_TmrEn                              0x0800d04c   Data           1  os_dbg.o(.constdata)
    OSDbg_TmrDelEn                           0x0800d04d   Data           1  os_dbg.o(.constdata)
    OSDbg_TmrSize                            0x0800d04e   Data           2  os_dbg.o(.constdata)
    OSDbg_TmrSpokeSize                       0x0800d050   Data           2  os_dbg.o(.constdata)
    OSDbg_VersionNbr                         0x0800d052   Data           2  os_dbg.o(.constdata)
    OSDbg_DataSize                           0x0800d054   Data           4  os_dbg.o(.constdata)
    Region$$Table$$Base                      0x0800d058   Number         0  anon$$obj.o(Region$$Table)
    Region$$Table$$Limit                     0x0800d078   Number         0  anon$$obj.o(Region$$Table)
    SystemCoreClock                          0x20000004   Data           4  system_stm32f4xx.o(.data)
    AHBPrescTable                            0x20000008   Data          16  system_stm32f4xx.o(.data)
    SampleTime                               0x20000018   Data           1  bsp_adc.o(.data)
    __stdout                                 0x20000030   Data           4  usart.o(.data)
    USART_RX_STA                             0x20000034   Data           2  usart.o(.data)
    CPU_TS_TmrFreq_Hz                        0x20000038   Data           4  cpu_core.o(.data)
    Mem_PoolTbl                              0x2000003c   Data           4  lib_mem.o(.data)
    OSPrioTbl                                0x20000040   Data           8  os_prio.o(.data)
    OS_AppTaskCreateHookPtr                  0x20000048   Data           4  os_var.o(.data)
    OS_AppTaskDelHookPtr                     0x2000004c   Data           4  os_var.o(.data)
    OS_AppTaskReturnHookPtr                  0x20000050   Data           4  os_var.o(.data)
    OS_AppIdleTaskHookPtr                    0x20000054   Data           4  os_var.o(.data)
    OS_AppStatTaskHookPtr                    0x20000058   Data           4  os_var.o(.data)
    OS_AppTaskSwHookPtr                      0x2000005c   Data           4  os_var.o(.data)
    OS_AppTimeTickHookPtr                    0x20000060   Data           4  os_var.o(.data)
    OSIdleTaskCtr                            0x20000064   Data           4  os_var.o(.data)
    OSIntNestingCtr                          0x20000068   Data           1  os_var.o(.data)
    OSRunning                                0x20000069   Data           1  os_var.o(.data)
    OSIntQInPtr                              0x2000006c   Data           4  os_var.o(.data)
    OSIntQOutPtr                             0x20000070   Data           4  os_var.o(.data)
    OSIntQNbrEntries                         0x20000074   Data           2  os_var.o(.data)
    OSIntQNbrEntriesMax                      0x20000076   Data           2  os_var.o(.data)
    OSIntQOvfCtr                             0x20000078   Data           2  os_var.o(.data)
    OSIntQTaskTimeMax                        0x2000007c   Data           4  os_var.o(.data)
    OSFlagDbgListPtr                         0x20000080   Data           4  os_var.o(.data)
    OSFlagQty                                0x20000084   Data           2  os_var.o(.data)
    OSMemDbgListPtr                          0x20000088   Data           4  os_var.o(.data)
    OSMemQty                                 0x2000008c   Data           2  os_var.o(.data)
    OSMutexDbgListPtr                        0x20000090   Data           4  os_var.o(.data)
    OSMutexQty                               0x20000094   Data           2  os_var.o(.data)
    OSPrioCur                                0x20000096   Data           1  os_var.o(.data)
    OSPrioHighRdy                            0x20000097   Data           1  os_var.o(.data)
    OSPrioSaved                              0x20000098   Data           1  os_var.o(.data)
    OSQDbgListPtr                            0x2000009c   Data           4  os_var.o(.data)
    OSQQty                                   0x200000a0   Data           2  os_var.o(.data)
    OSSchedLockTimeBegin                     0x200000a4   Data           4  os_var.o(.data)
    OSSchedLockTimeMax                       0x200000a8   Data           4  os_var.o(.data)
    OSSchedLockTimeMaxCur                    0x200000ac   Data           4  os_var.o(.data)
    OSSchedLockNestingCtr                    0x200000b0   Data           1  os_var.o(.data)
    OSSchedRoundRobinDfltTimeQuanta          0x200000b4   Data           4  os_var.o(.data)
    OSSchedRoundRobinEn                      0x200000b8   Data           1  os_var.o(.data)
    OSSemDbgListPtr                          0x200000bc   Data           4  os_var.o(.data)
    OSSemQty                                 0x200000c0   Data           2  os_var.o(.data)
    OSStatResetFlag                          0x200000c2   Data           1  os_var.o(.data)
    OSStatTaskCPUUsage                       0x200000c4   Data           2  os_var.o(.data)
    OSStatTaskCPUUsageMax                    0x200000c6   Data           2  os_var.o(.data)
    OSStatTaskCtr                            0x200000c8   Data           4  os_var.o(.data)
    OSStatTaskCtrMax                         0x200000cc   Data           4  os_var.o(.data)
    OSStatTaskCtrRun                         0x200000d0   Data           4  os_var.o(.data)
    OSStatTaskRdy                            0x200000d4   Data           1  os_var.o(.data)
    OSStatTaskTimeMax                        0x200000d8   Data           4  os_var.o(.data)
    OSTaskCtxSwCtr                           0x200000dc   Data           4  os_var.o(.data)
    OSTaskDbgListPtr                         0x200000e0   Data           4  os_var.o(.data)
    OSTaskQty                                0x200000e4   Data           2  os_var.o(.data)
    OSTaskRegNextAvailID                     0x200000e6   Data           1  os_var.o(.data)
    OSTickCtr                                0x200000e8   Data           4  os_var.o(.data)
    OSTickTaskTimeMax                        0x200000ec   Data           4  os_var.o(.data)
    OSTmrDbgListPtr                          0x200000f0   Data           4  os_var.o(.data)
    OSTmrQty                                 0x200000f4   Data           2  os_var.o(.data)
    OSTmrTaskTimeMax                         0x200000f8   Data           4  os_var.o(.data)
    OSTmrTickCtr                             0x200000fc   Data           4  os_var.o(.data)
    OSTmrUpdateCnt                           0x20000100   Data           4  os_var.o(.data)
    OSTmrUpdateCtr                           0x20000104   Data           4  os_var.o(.data)
    OSTCBCurPtr                              0x20000108   Data           4  os_var.o(.data)
    OSTCBHighRdyPtr                          0x2000010c   Data           4  os_var.o(.data)
    OS_CPU_ExceptStkBase                     0x20000110   Data           4  os_cpu_c.o(.data)
    StartTaskTCB                             0x20000118   Data         196  main.o(.bss)
    START_TASK_STK                           0x200001dc   Data        2048  main.o(.bss)
    Led0TaskTCB                              0x200009dc   Data         196  main.o(.bss)
    LED0_TASK_STK                            0x20000aa0   Data         512  main.o(.bss)
    Led1TaskTCB                              0x20000ca0   Data         196  main.o(.bss)
    LED1_TASK_STK                            0x20000d64   Data         512  main.o(.bss)
    FloatTaskTCB                             0x20000f64   Data         196  main.o(.bss)
    FLOAT_TASK_STK                           0x20001028   Data         512  main.o(.bss)
    ADC1ConvValue                            0x20001228   Data          32  bsp_adc.o(.bss)
    USART_RX_BUF                             0x20001248   Data         200  usart.o(.bss)
    CPU_Name                                 0x20001310   Data          16  cpu_core.o(.bss)
    Mem_PoolHeap                             0x20001320   Data          72  lib_mem.o(.bss)
    Mem_Heap                                 0x20001368   Data        1024  lib_mem.o(.bss)
    OSCfg_IdleTaskStk                        0x20001768   Data         512  os_cfg_app.o(.bss)
    OSCfg_IntQ                               0x20001968   Data         320  os_cfg_app.o(.bss)
    OSCfg_IntQTaskStk                        0x20001aa8   Data         512  os_cfg_app.o(.bss)
    OSCfg_ISRStk                             0x20001ca8   Data         512  os_cfg_app.o(.bss)
    OSCfg_MsgPool                            0x20001ea8   Data        1600  os_cfg_app.o(.bss)
    OSCfg_StatTaskStk                        0x200024e8   Data         512  os_cfg_app.o(.bss)
    OSCfg_TickTaskStk                        0x200026e8   Data         512  os_cfg_app.o(.bss)
    OSCfg_TickWheel                          0x200028e8   Data         136  os_cfg_app.o(.bss)
    OSCfg_TmrTaskStk                         0x20002970   Data         512  os_cfg_app.o(.bss)
    OSCfg_TmrWheel                           0x20002b70   Data         136  os_cfg_app.o(.bss)
    OSIdleTaskTCB                            0x20002bf8   Data         196  os_var.o(.bss)
    OSIntQTaskTCB                            0x20002cbc   Data         196  os_var.o(.bss)
    OSMsgPool                                0x20002d80   Data          12  os_var.o(.bss)
    OSRdyList                                0x20002d8c   Data         768  os_var.o(.bss)
    OSStatTaskTCB                            0x2000308c   Data         196  os_var.o(.bss)
    OSTickTaskTCB                            0x20003150   Data         196  os_var.o(.bss)
    OSTmrTaskTCB                             0x20003214   Data         196  os_var.o(.bss)
    __libspace_start                         0x200032d8   Data          96  libspace.o(.bss)
    __temporary_stack_top$libspace           0x20003338   Data           0  libspace.o(.bss)



==============================================================================

Memory Map of the image

  Image Entry point : 0x08000189

  Load Region LR_IROM1 (Base: 0x08000000, Size: 0x0000d18c, Max: 0x00100000, ABSOLUTE)

    Execution Region ER_IROM1 (Base: 0x08000000, Size: 0x0000d078, Max: 0x00100000, ABSOLUTE)

    Base Addr    Size         Type   Attr      Idx    E Section Name        Object

    0x08000000   0x00000188   Data   RO          352    RESET               startup_stm32f40_41xxx.o
    0x08000188   0x00000008   Code   RO         1038  * !!!main             c_w.l(__main.o)
    0x08000190   0x00000034   Code   RO         1216    !!!scatter          c_w.l(__scatter.o)
    0x080001c4   0x0000001a   Code   RO         1218    !!handler_copy      c_w.l(__scatter_copy.o)
    0x080001de   0x00000002   PAD
    0x080001e0   0x0000001c   Code   RO         1220    !!handler_zi        c_w.l(__scatter_zi.o)
    0x080001fc   0x00000000   Code   RO         1035    .ARM.Collect$$_printf_percent$$00000000  c_w.l(_printf_percent.o)
    0x080001fc   0x00000006   Code   RO         1034    .ARM.Collect$$_printf_percent$$00000009  c_w.l(_printf_d.o)
    0x08000202   0x00000004   Code   RO         1051    .ARM.Collect$$_printf_percent$$00000017  c_w.l(_printf_percent_end.o)
    0x08000206   0x00000002   Code   RO         1090    .ARM.Collect$$libinit$$00000000  c_w.l(libinit.o)
    0x08000208   0x00000004   Code   RO         1102    .ARM.Collect$$libinit$$00000001  c_w.l(libinit2.o)
    0x0800020c   0x00000000   Code   RO         1105    .ARM.Collect$$libinit$$00000004  c_w.l(libinit2.o)
    0x0800020c   0x00000000   Code   RO         1108    .ARM.Collect$$libinit$$0000000A  c_w.l(libinit2.o)
    0x0800020c   0x00000000   Code   RO         1110    .ARM.Collect$$libinit$$0000000C  c_w.l(libinit2.o)
    0x0800020c   0x00000000   Code   RO         1112    .ARM.Collect$$libinit$$0000000E  c_w.l(libinit2.o)
    0x0800020c   0x00000000   Code   RO         1115    .ARM.Collect$$libinit$$00000011  c_w.l(libinit2.o)
    0x0800020c   0x00000000   Code   RO         1117    .ARM.Collect$$libinit$$00000013  c_w.l(libinit2.o)
    0x0800020c   0x00000000   Code   RO         1119    .ARM.Collect$$libinit$$00000015  c_w.l(libinit2.o)
    0x0800020c   0x00000000   Code   RO         1121    .ARM.Collect$$libinit$$00000017  c_w.l(libinit2.o)
    0x0800020c   0x00000000   Code   RO         1123    .ARM.Collect$$libinit$$00000019  c_w.l(libinit2.o)
    0x0800020c   0x00000000   Code   RO         1125    .ARM.Collect$$libinit$$0000001B  c_w.l(libinit2.o)
    0x0800020c   0x00000000   Code   RO         1127    .ARM.Collect$$libinit$$0000001D  c_w.l(libinit2.o)
    0x0800020c   0x00000000   Code   RO         1129    .ARM.Collect$$libinit$$0000001F  c_w.l(libinit2.o)
    0x0800020c   0x00000000   Code   RO         1131    .ARM.Collect$$libinit$$00000021  c_w.l(libinit2.o)
    0x0800020c   0x00000000   Code   RO         1133    .ARM.Collect$$libinit$$00000023  c_w.l(libinit2.o)
    0x0800020c   0x00000000   Code   RO         1135    .ARM.Collect$$libinit$$00000025  c_w.l(libinit2.o)
    0x0800020c   0x00000000   Code   RO         1139    .ARM.Collect$$libinit$$0000002C  c_w.l(libinit2.o)
    0x0800020c   0x00000000   Code   RO         1141    .ARM.Collect$$libinit$$0000002E  c_w.l(libinit2.o)
    0x0800020c   0x00000000   Code   RO         1143    .ARM.Collect$$libinit$$00000030  c_w.l(libinit2.o)
    0x0800020c   0x00000000   Code   RO         1145    .ARM.Collect$$libinit$$00000032  c_w.l(libinit2.o)
    0x0800020c   0x00000002   Code   RO         1146    .ARM.Collect$$libinit$$00000033  c_w.l(libinit2.o)
    0x0800020e   0x00000002   Code   RO         1172    .ARM.Collect$$libshutdown$$00000000  c_w.l(libshutdown.o)
    0x08000210   0x00000000   Code   RO         1199    .ARM.Collect$$libshutdown$$00000002  c_w.l(libshutdown2.o)
    0x08000210   0x00000000   Code   RO         1201    .ARM.Collect$$libshutdown$$00000004  c_w.l(libshutdown2.o)
    0x08000210   0x00000000   Code   RO         1204    .ARM.Collect$$libshutdown$$00000007  c_w.l(libshutdown2.o)
    0x08000210   0x00000000   Code   RO         1207    .ARM.Collect$$libshutdown$$0000000A  c_w.l(libshutdown2.o)
    0x08000210   0x00000000   Code   RO         1209    .ARM.Collect$$libshutdown$$0000000C  c_w.l(libshutdown2.o)
    0x08000210   0x00000000   Code   RO         1212    .ARM.Collect$$libshutdown$$0000000F  c_w.l(libshutdown2.o)
    0x08000210   0x00000002   Code   RO         1213    .ARM.Collect$$libshutdown$$00000010  c_w.l(libshutdown2.o)
    0x08000212   0x00000000   Code   RO         1042    .ARM.Collect$$rtentry$$00000000  c_w.l(__rtentry.o)
    0x08000212   0x00000000   Code   RO         1053    .ARM.Collect$$rtentry$$00000002  c_w.l(__rtentry2.o)
    0x08000212   0x00000006   Code   RO         1065    .ARM.Collect$$rtentry$$00000004  c_w.l(__rtentry4.o)
    0x08000218   0x00000000   Code   RO         1055    .ARM.Collect$$rtentry$$00000009  c_w.l(__rtentry2.o)
    0x08000218   0x00000004   Code   RO         1056    .ARM.Collect$$rtentry$$0000000A  c_w.l(__rtentry2.o)
    0x0800021c   0x00000000   Code   RO         1058    .ARM.Collect$$rtentry$$0000000C  c_w.l(__rtentry2.o)
    0x0800021c   0x00000008   Code   RO         1059    .ARM.Collect$$rtentry$$0000000D  c_w.l(__rtentry2.o)
    0x08000224   0x00000002   Code   RO         1094    .ARM.Collect$$rtexit$$00000000  c_w.l(rtexit.o)
    0x08000226   0x00000000   Code   RO         1148    .ARM.Collect$$rtexit$$00000002  c_w.l(rtexit2.o)
    0x08000226   0x00000004   Code   RO         1149    .ARM.Collect$$rtexit$$00000003  c_w.l(rtexit2.o)
    0x0800022a   0x00000006   Code   RO         1150    .ARM.Collect$$rtexit$$00000004  c_w.l(rtexit2.o)
    0x08000230   0x000003cc   Code   RO            3    .text               main.o
    0x080005fc   0x00000016   Code   RO          229    .text               stm32f4xx_it.o
    0x08000612   0x00000002   PAD
    0x08000614   0x00000210   Code   RO          278    .text               system_stm32f4xx.o
    0x08000824   0x0000006c   Code   RO          304    .text               led.o
    0x08000890   0x000002b8   Code   RO          324    .text               bsp_adc.o
    0x08000b48   0x00000040   Code   RO          353    .text               startup_stm32f40_41xxx.o
    0x08000b88   0x000000e0   Code   RO          359    .text               misc.o
    0x08000c68   0x00000294   Code   RO          379    .text               stm32f4xx_gpio.o
    0x08000efc   0x0000065c   Code   RO          399    .text               stm32f4xx_rcc.o
    0x08001558   0x00000454   Code   RO          441    .text               stm32f4xx_usart.o
    0x080019ac   0x00000464   Code   RO          461    .text               stm32f4xx_adc.o
    0x08001e10   0x00000ca2   Code   RO          481    .text               stm32f4xx_tim.o
    0x08002ab2   0x00000002   PAD
    0x08002ab4   0x000003a8   Code   RO          501    .text               stm32f4xx_dma.o
    0x08002e5c   0x00000148   Code   RO          521    .text               delay.o
    0x08002fa4   0x0000015c   Code   RO          561    .text               usart.o
    0x08003100   0x00000084   Code   RO          592    .text               bsp.o
    0x08003184   0x000002a8   Code   RO          625    .text               cpu_core.o
    0x0800342c   0x00000034   Code   RO          651    .text               cpu_a.o
    0x08003460   0x00000256   Code   RO          654    .text               lib_ascii.o
    0x080036b6   0x00000002   PAD
    0x080036b8   0x000009c6   Code   RO          687    .text               lib_mem.o
    0x0800407e   0x00000002   PAD
    0x08004080   0x0000092c   Code   RO          706    .text               lib_str.o
    0x080049ac   0x00000220   Code   RO          723    .text               lib_mem_a.o
    0x08004bcc   0x000000fc   Code   RO          726    .text               os_cfg_app.o
    0x08004cc8   0x00000df0   Code   RO          749    .text               os_core.o
    0x08005ab8   0x000001b0   Code   RO          761    .text               os_dbg.o
    0x08005c68   0x00000e28   Code   RO          776    .text               os_flag.o
    0x08006a90   0x00000444   Code   RO          788    .text               os_int.o
    0x08006ed4   0x00000238   Code   RO          800    .text               os_mem.o
    0x0800710c   0x0000022c   Code   RO          812    .text               os_msg.o
    0x08007338   0x00000ad4   Code   RO          824    .text               os_mutex.o
    0x08007e0c   0x0000007c   Code   RO          842    .text               os_prio.o
    0x08007e88   0x000008d8   Code   RO          861    .text               os_q.o
    0x08008760   0x00000830   Code   RO          873    .text               os_sem.o
    0x08008f90   0x00000638   Code   RO          885    .text               os_stat.o
    0x080095c8   0x00001bb4   Code   RO          897    .text               os_task.o
    0x0800b17c   0x000004fc   Code   RO          909    .text               os_tick.o
    0x0800b678   0x00000564   Code   RO          921    .text               os_time.o
    0x0800bbdc   0x00000818   Code   RO          933    .text               os_tmr.o
    0x0800c3f4   0x000003f8   Code   RO          961    .text               os_cpu_c.o
    0x0800c7ec   0x00000002   Code   RO         1002    .text               c_w.l(use_no_semi_2.o)
    0x0800c7ee   0x000000ee   Code   RO         1004    .text               c_w.l(lludivv7m.o)
    0x0800c8dc   0x00000018   Code   RO         1008    .text               c_w.l(noretval__2printf.o)
    0x0800c8f4   0x00000068   Code   RO         1010    .text               c_w.l(__printf.o)
    0x0800c95c   0x00000078   Code   RO         1012    .text               c_w.l(_printf_dec.o)
    0x0800c9d4   0x00000006   Code   RO         1036    .text               c_w.l(heapauxi.o)
    0x0800c9da   0x00000002   Code   RO         1040    .text               c_w.l(use_no_semi.o)
    0x0800c9dc   0x000000b2   Code   RO         1047    .text               c_w.l(_printf_intcommon.o)
    0x0800ca8e   0x00000002   PAD
    0x0800ca90   0x00000024   Code   RO         1049    .text               c_w.l(_printf_char_file.o)
    0x0800cab4   0x00000030   Code   RO         1069    .text               c_w.l(_printf_char_common.o)
    0x0800cae4   0x00000008   Code   RO         1071    .text               c_w.l(ferror.o)
    0x0800caec   0x0000004a   Code   RO         1075    .text               c_w.l(sys_stackheap_outer.o)
    0x0800cb36   0x00000012   Code   RO         1079    .text               c_w.l(exit.o)
    0x0800cb48   0x00000008   Code   RO         1091    .text               c_w.l(libspace.o)
    0x0800cb50   0x000000ac   Code   RO          985    CODE                os_cpu_a.o
    0x0800cbfc   0x0000000a   Code   RO         1160    x$fpl$fpinit        fz_wm.l(fpinit.o)
    0x0800cc06   0x00000002   PAD
    0x0800cc08   0x000000a8   Data   RO          326    .constdata          bsp_adc.o
    0x0800ccb0   0x00000104   Data   RO          627    .constdata          cpu_core.o
    0x0800cdb4   0x00000094   Data   RO          707    .constdata          lib_str.o
    0x0800ce48   0x000000a4   Data   RO          728    .constdata          os_cfg_app.o
    0x0800ceec   0x0000016c   Data   RO          762    .constdata          os_dbg.o
    0x0800d058   0x00000020   Data   RO         1214    Region$$Table       anon$$obj.o


    Execution Region RW_IRAM1 (Base: 0x20000000, Size: 0x00003938, Max: 0x00020000, ABSOLUTE)

    Base Addr    Size         Type   Attr      Idx    E Section Name        Object

    0x20000000   0x00000001   Data   RW            5    .data               main.o
    0x20000001   0x00000003   PAD
    0x20000004   0x00000014   Data   RW          279    .data               system_stm32f4xx.o
    0x20000018   0x00000001   Data   RW          327    .data               bsp_adc.o
    0x20000019   0x00000010   Data   RW          400    .data               stm32f4xx_rcc.o
    0x20000029   0x00000001   PAD
    0x2000002a   0x00000004   Data   RW          522    .data               delay.o
    0x2000002e   0x00000002   PAD
    0x20000030   0x00000006   Data   RW          563    .data               usart.o
    0x20000036   0x00000002   PAD
    0x20000038   0x00000004   Data   RW          628    .data               cpu_core.o
    0x2000003c   0x00000004   Data   RW          689    .data               lib_mem.o
    0x20000040   0x00000008   Data   RW          843    .data               os_prio.o
    0x20000048   0x000000c8   Data   RW          946    .data               os_var.o
    0x20000110   0x00000004   Data   RW          962    .data               os_cpu_c.o
    0x20000114   0x00000004   PAD
    0x20000118   0x00001110   Zero   RW            4    .bss                main.o
    0x20001228   0x00000020   Zero   RW          325    .bss                bsp_adc.o
    0x20001248   0x000000c8   Zero   RW          562    .bss                usart.o
    0x20001310   0x00000010   Zero   RW          626    .bss                cpu_core.o
    0x20001320   0x00000448   Zero   RW          688    .bss                lib_mem.o
    0x20001768   0x00001490   Zero   RW          727    .bss                os_cfg_app.o
    0x20002bf8   0x000006e0   Zero   RW          945    .bss                os_var.o
    0x200032d8   0x00000060   Zero   RW         1092    .bss                c_w.l(libspace.o)
    0x20003338   0x00000200   Zero   RW          351    HEAP                startup_stm32f40_41xxx.o
    0x20003538   0x00000400   Zero   RW          350    STACK               startup_stm32f40_41xxx.o


==============================================================================

Image component sizes


      Code (inc. data)   RO Data    RW Data    ZI Data      Debug   Object Name

       132         14          0          0          0       1239   bsp.o
       696         40        168          1         32       2304   bsp_adc.o
        52          0          0          0          0        336   cpu_a.o
       680         14        260          4         16      14843   cpu_core.o
       328         24          0          4          0       1933   delay.o
       108          8          0          0          0        575   led.o
       598          0          0          0          0       3992   lib_ascii.o
      2502         32          0          4       1096      22456   lib_mem.o
       544          0          0          0          0        480   lib_mem_a.o
      2348          6        148          0          0      13966   lib_str.o
       972        134          0          1       4368     351187   main.o
       224         20          0          0          0       2005   misc.o
       252        166        164          0       5264      20994   os_cfg_app.o
      3568        284          0          0          0      12673   os_core.o
       172         32          0          0          0        404   os_cpu_a.o
      1016         64          0          4          0       4169   os_cpu_c.o
       432        286        364          0          0       4833   os_dbg.o
      3624        110          0          0          0       8307   os_flag.o
      1092        146          0          0          0       2416   os_int.o
       568         20          0          0          0       2936   os_mem.o
       556         12          0          0          0       2923   os_msg.o
      2772        114          0          0          0       5842   os_mutex.o
       124          4          0          8          0       1976   os_prio.o
      2264         76          0          0          0       6604   os_q.o
      2096         70          0          0          0       6624   os_sem.o
      1592        180          0          0          0       2897   os_stat.o
      7092        270          0          0          0      14450   os_task.o
      1276         90          0          0          0       3513   os_tick.o
      1380         46          0          0          0       3369   os_time.o
      2072        140          0          0          0       6750   os_tmr.o
         0          0          0        200       1760      19381   os_var.o
        64         26        392          0       1536        844   startup_stm32f40_41xxx.o
      1124         24          0          0          0      10874   stm32f4xx_adc.o
       936         32          0          0          0       6577   stm32f4xx_dma.o
       660         44          0          0          0       4341   stm32f4xx_gpio.o
        22          0          0          0          0       1059   stm32f4xx_it.o
      1628         52          0         16          0      13268   stm32f4xx_rcc.o
      3234         60          0          0          0      23196   stm32f4xx_tim.o
      1108         34          0          0          0       8068   stm32f4xx_usart.o
       528         46          0         20          0       1851   system_stm32f4xx.o
       348         18          0          6        200       3434   usart.o

    ----------------------------------------------------------------------
     50792       2738       1528        276      14276     619889   Object Totals
         0          0         32          0          0          0   (incl. Generated)
         8          0          0          8          4          0   (incl. Padding)

    ----------------------------------------------------------------------

      Code (inc. data)   RO Data    RW Data    ZI Data      Debug   Library Member Name

         8          0          0          0          0         68   __main.o
       104          0          0          0          0         84   __printf.o
         0          0          0          0          0          0   __rtentry.o
        12          0          0          0          0          0   __rtentry2.o
         6          0          0          0          0          0   __rtentry4.o
        52          8          0          0          0          0   __scatter.o
        26          0          0          0          0          0   __scatter_copy.o
        28          0          0          0          0          0   __scatter_zi.o
        48          6          0          0          0         96   _printf_char_common.o
        36          4          0          0          0         80   _printf_char_file.o
         6          0          0          0          0          0   _printf_d.o
       120         16          0          0          0         92   _printf_dec.o
       178          0          0          0          0         88   _printf_intcommon.o
         0          0          0          0          0          0   _printf_percent.o
         4          0          0          0          0          0   _printf_percent_end.o
        18          0          0          0          0         80   exit.o
         8          0          0          0          0         68   ferror.o
         6          0          0          0          0        152   heapauxi.o
         2          0          0          0          0          0   libinit.o
         6          0          0          0          0          0   libinit2.o
         2          0          0          0          0          0   libshutdown.o
         2          0          0          0          0          0   libshutdown2.o
         8          4          0          0         96         68   libspace.o
       238          0          0          0          0        100   lludivv7m.o
        24          4          0          0          0         84   noretval__2printf.o
         2          0          0          0          0          0   rtexit.o
        10          0          0          0          0          0   rtexit2.o
        74          0          0          0          0         80   sys_stackheap_outer.o
         2          0          0          0          0         68   use_no_semi.o
         2          0          0          0          0         68   use_no_semi_2.o
        10          0          0          0          0        116   fpinit.o

    ----------------------------------------------------------------------
      1048         42          0          0         96       1392   Library Totals
         6          0          0          0          0          0   (incl. Padding)

    ----------------------------------------------------------------------

      Code (inc. data)   RO Data    RW Data    ZI Data      Debug   Library Name

      1032         42          0          0         96       1276   c_w.l
        10          0          0          0          0        116   fz_wm.l

    ----------------------------------------------------------------------
      1048         42          0          0         96       1392   Library Totals

    ----------------------------------------------------------------------

==============================================================================


      Code (inc. data)   RO Data    RW Data    ZI Data      Debug   

     51840       2780       1528        276      14372     611709   Grand Totals
     51840       2780       1528        276      14372     611709   ELF Image Totals
     51840       2780       1528        276          0          0   ROM Totals

==============================================================================

    Total RO  Size (Code + RO Data)                53368 (  52.12kB)
    Total RW  Size (RW Data + ZI Data)             14648 (  14.30kB)
    Total ROM Size (Code + RO Data + RW Data)      53644 (  52.39kB)

==============================================================================

